000009922822;13/11/2012;14;Vila real;1.000
000009217229;13/11/2012;14;Lisboa;1.000
000009030903;13/11/2012;14;Lisboa;2.000
000008243955;13/11/2012;14;Braga;0.500
000008079973;13/11/2012;14;Lisboa;2.000
000007929079;13/11/2012;14;Porto;3.000
000007731273;13/11/2012;14;Lisboa;0.500
000006689459;13/11/2012;14;Lisboa;0.500
000006553519;13/11/2012;14;Coimbra;0.500
000006470168;13/11/2012;14;Coimbra;0.500
000006219006;13/11/2012;14;Faro;0.500
000006157301;13/11/2012;14;Vila real;5.000
000005571547;13/11/2012;14;Porto;5.000
000004498980;13/11/2012;14;Braga;2.000
000004344957;13/11/2012;14;Coimbra;3.000
000003537005;13/11/2012;14;Faro;0.500
000003262980;13/11/2012;14;Porto;5.000
000003130108;13/11/2012;14;Setúbal;0.500
000003001262;13/11/2012;14;Lisboa;0.500
000002857971;13/11/2012;14;Coimbra;3.000
000002550133;13/11/2012;14;Braga;5.000
000001621641;13/11/2012;14;Setúbal;2.000
000001423205;13/11/2012;14;Coimbra;5.000
000001336633;13/11/2012;14;Porto;2.000
000001146354;13/11/2012;14;Setúbal;0.500
000000720390;13/11/2012;14;Coimbra;3.000
000000511983;13/11/2012;14;Porto;5.000
000000103776;13/11/2012;14;Faro;2.000
000009956712;13/11/2012;13;Faro;2.000
000009425813;13/11/2012;13;Porto;2.000
000009246587;13/11/2012;13;Setúbal;0.500
000009048733;13/11/2012;13;Braga;3.000
000007753745;13/11/2012;13;Porto;1.000
000007585676;13/11/2012;13;Faro;2.000
000007312408;13/11/2012;13;Porto;2.000
000007098831;13/11/2012;13;Faro;3.000
000007066490;13/11/2012;13;Vila real;1.000
000006622247;13/11/2012;13;Coimbra;1.000
000005665570;13/11/2012;13;Coimbra;2.000
000004563269;13/11/2012;13;Porto;2.000
000004087203;13/11/2012;13;Lisboa;1.000
000003755319;13/11/2012;13;Braga;2.000
000003641313;13/11/2012;13;Porto;0.500
000003332020;13/11/2012;13;Faro;5.000
000003238433;13/11/2012;13;Faro;3.000
000002748611;13/11/2012;13;Braga;2.000
000002727066;13/11/2012;13;Setúbal;2.000
000001783886;13/11/2012;13;Setúbal;1.000
000001751955;13/11/2012;13;Setúbal;0.500
000001149514;13/11/2012;13;Lisboa;5.000
000000495037;13/11/2012;13;Setúbal;3.000
000000374382;13/11/2012;13;Lisboa;0.500
000009786544;13/11/2012;12;Setúbal;2.000
000009650624;13/11/2012;12;Porto;3.000
000009525189;13/11/2012;12;Lisboa;1.000
000009495599;13/11/2012;12;Setúbal;0.500
000009404204;13/11/2012;12;Braga;1.000
000009040508;13/11/2012;12;Lisboa;5.000
000008781956;13/11/2012;12;Braga;3.000
000008770686;13/11/2012;12;Porto;1.000
000008636033;13/11/2012;12;Coimbra;1.000
000008501953;13/11/2012;12;Vila real;2.000
000008213594;13/11/2012;12;Coimbra;3.000
000007930521;13/11/2012;12;Vila real;5.000
000007494638;13/11/2012;12;Lisboa;5.000
000007340904;13/11/2012;12;Coimbra;2.000
000007330171;13/11/2012;12;Faro;2.000
000007103401;13/11/2012;12;Coimbra;3.000
000006668919;13/11/2012;12;Setúbal;2.000
000006124729;13/11/2012;12;Braga;5.000
000005265432;13/11/2012;12;Lisboa;1.000
000005228596;13/11/2012;12;Lisboa;5.000
000005200398;13/11/2012;12;Setúbal;2.000
000005108528;13/11/2012;12;Braga;0.500
000004160327;13/11/2012;12;Lisboa;3.000
000004025835;13/11/2012;12;Braga;0.500
000003984929;13/11/2012;12;Braga;3.000
000003934056;13/11/2012;12;Vila real;5.000
000003806935;13/11/2012;12;Lisboa;0.500
000003776802;13/11/2012;12;Braga;2.000
000003338133;13/11/2012;12;Porto;2.000
000003298891;13/11/2012;12;Porto;1.000
000003075137;13/11/2012;12;Porto;3.000
000002705197;13/11/2012;12;Lisboa;2.000
000002657295;13/11/2012;12;Setúbal;1.000
000002572926;13/11/2012;12;Coimbra;3.000
000002503533;13/11/2012;12;Porto;5.000
000002307750;13/11/2012;12;Vila real;3.000
000001998044;13/11/2012;12;Faro;3.000
000001979324;13/11/2012;12;Faro;1.000
000001926161;13/11/2012;12;Coimbra;3.000
000001885182;13/11/2012;12;Vila real;5.000
000001826008;13/11/2012;12;Lisboa;5.000
000001698321;13/11/2012;12;Setúbal;1.000
000001636462;13/11/2012;12;Faro;2.000
000001305406;13/11/2012;12;Faro;0.500
000001142796;13/11/2012;12;Faro;1.000
000000009970;13/11/2012;12;Setúbal;5.000
000009705389;13/11/2012;11;Coimbra;1.000
000009630834;13/11/2012;11;Faro;3.000
000009374007;13/11/2012;11;Coimbra;1.000
000008996881;13/11/2012;11;Porto;5.000
000008968875;13/11/2012;11;Faro;2.000
000008896987;13/11/2012;11;Porto;1.000
000008664446;13/11/2012;11;Setúbal;5.000
000008494745;13/11/2012;11;Porto;5.000
000008445954;13/11/2012;11;Vila real;5.000
000007679732;13/11/2012;11;Porto;1.000
000007150343;13/11/2012;11;Porto;5.000
000007146608;13/11/2012;11;Lisboa;3.000
000007056430;13/11/2012;11;Vila real;0.500
000006481414;13/11/2012;11;Setúbal;0.500
000005806432;13/11/2012;11;Lisboa;3.000
000005588565;13/11/2012;11;Lisboa;0.500
000005086946;13/11/2012;11;Braga;5.000
000004517004;13/11/2012;11;Setúbal;0.500
000004418052;13/11/2012;11;Coimbra;5.000
000003480094;13/11/2012;11;Braga;0.500
000003172119;13/11/2012;11;Lisboa;1.000
000003059595;13/11/2012;11;Coimbra;1.000
000003037626;13/11/2012;11;Coimbra;5.000
000002580126;13/11/2012;11;Porto;1.000
000002358188;13/11/2012;11;Coimbra;0.500
000002169088;13/11/2012;11;Braga;5.000
000002028079;13/11/2012;11;Setúbal;1.000
000001144078;13/11/2012;11;Faro;1.000
000000799415;13/11/2012;11;Vila real;5.000
000000262417;13/11/2012;11;Porto;5.000
000009906176;13/11/2012;10;Lisboa;5.000
000009252429;13/11/2012;10;Setúbal;3.000
000009026442;13/11/2012;10;Porto;5.000
000008878530;13/11/2012;10;Lisboa;2.000
000008833804;13/11/2012;10;Vila real;5.000
000008450986;13/11/2012;10;Coimbra;1.000
000008307488;13/11/2012;10;Lisboa;1.000
000007543441;13/11/2012;10;Vila real;3.000
000007134275;13/11/2012;10;Lisboa;2.000
000007111271;13/11/2012;10;Lisboa;5.000
000006894507;13/11/2012;10;Coimbra;3.000
000006730143;13/11/2012;10;Vila real;5.000
000006117673;13/11/2012;10;Porto;1.000
000005945887;13/11/2012;10;Faro;1.000
000005932271;13/11/2012;10;Coimbra;2.000
000005803520;13/11/2012;10;Setúbal;3.000
000005742742;13/11/2012;10;Setúbal;1.000
000005479380;13/11/2012;10;Vila real;5.000
000005326376;13/11/2012;10;Faro;1.000
000004530515;13/11/2012;10;Porto;5.000
000004097385;13/11/2012;10;Faro;0.500
000003775273;13/11/2012;10;Braga;1.000
000003601685;13/11/2012;10;Vila real;5.000
000002909311;13/11/2012;10;Braga;2.000
000002430601;13/11/2012;10;Porto;3.000
000002381719;13/11/2012;10;Coimbra;0.500
000002349616;13/11/2012;10;Faro;3.000
000002016321;13/11/2012;10;Setúbal;1.000
000001898919;13/11/2012;10;Setúbal;0.500
000001142365;13/11/2012;10;Coimbra;5.000
000000754946;13/11/2012;10;Vila real;5.000
000000425167;13/11/2012;10;Porto;2.000
000009085909;13/11/2012;9;Faro;2.000
000008711071;13/11/2012;9;Vila real;5.000
000008659529;13/11/2012;9;Porto;5.000
000008294750;13/11/2012;9;Lisboa;1.000
000008135669;13/11/2012;9;Coimbra;5.000
000008041269;13/11/2012;9;Coimbra;0.500
000008016592;13/11/2012;9;Vila real;5.000
000007977527;13/11/2012;9;Braga;1.000
000007200208;13/11/2012;9;Coimbra;5.000
000006684338;13/11/2012;9;Porto;1.000
000006660068;13/11/2012;9;Lisboa;5.000
000006333649;13/11/2012;9;Vila real;2.000
000006193316;13/11/2012;9;Coimbra;1.000
000005408944;13/11/2012;9;Coimbra;3.000
000005204411;13/11/2012;9;Coimbra;5.000
000005036093;13/11/2012;9;Faro;3.000
000004756181;13/11/2012;9;Vila real;3.000
000004719101;13/11/2012;9;Lisboa;5.000
000004664740;13/11/2012;9;Braga;2.000
000004237732;13/11/2012;9;Setúbal;2.000
000003342034;13/11/2012;9;Faro;5.000
000003181323;13/11/2012;9;Faro;3.000
000003131662;13/11/2012;9;Porto;1.000
000003060097;13/11/2012;9;Setúbal;5.000
000002795416;13/11/2012;9;Braga;2.000
000001516501;13/11/2012;9;Setúbal;2.000
000001269386;13/11/2012;9;Vila real;0.500
000000919378;13/11/2012;9;Coimbra;3.000
000000499633;13/11/2012;9;Coimbra;1.000
000000241373;13/11/2012;9;Porto;1.000
000009364453;13/11/2012;8;Setúbal;0.500
000008439129;13/11/2012;8;Lisboa;2.000
000008436175;13/11/2012;8;Porto;2.000
000008309974;13/11/2012;8;Vila real;2.000
000008243896;13/11/2012;8;Setúbal;0.500
000007923085;13/11/2012;8;Setúbal;3.000
000007246025;13/11/2012;8;Porto;0.500
000006533243;13/11/2012;8;Braga;0.500
000006414919;13/11/2012;8;Coimbra;0.500
000006131160;13/11/2012;8;Setúbal;3.000
000006073555;13/11/2012;8;Coimbra;5.000
000005893920;13/11/2012;8;Faro;5.000
000004592076;13/11/2012;8;Vila real;1.000
000003356184;13/11/2012;8;Braga;2.000
000003122552;13/11/2012;8;Setúbal;2.000
000002857054;13/11/2012;8;Vila real;1.000
000002762574;13/11/2012;8;Vila real;3.000
000002253506;13/11/2012;8;Porto;0.500
000009816475;13/11/2012;7;Lisboa;3.000
000009679976;13/11/2012;7;Coimbra;2.000
000008965245;13/11/2012;7;Setúbal;2.000
000008864857;13/11/2012;7;Setúbal;3.000
000007860648;13/11/2012;7;Braga;0.500
000007473795;13/11/2012;7;Setúbal;0.500
000007404570;13/11/2012;7;Lisboa;2.000
000006838354;13/11/2012;7;Vila real;5.000
000006432771;13/11/2012;7;Vila real;3.000
000006432738;13/11/2012;7;Faro;3.000
000006110749;13/11/2012;7;Lisboa;3.000
000005759838;13/11/2012;7;Faro;5.000
000005322745;13/11/2012;7;Braga;5.000
000005142254;13/11/2012;7;Lisboa;1.000
000005093878;13/11/2012;7;Braga;5.000
000004704145;13/11/2012;7;Porto;2.000
000004697946;13/11/2012;7;Braga;5.000
000004154371;13/11/2012;7;Braga;1.000
000004138908;13/11/2012;7;Setúbal;1.000
000004120686;13/11/2012;7;Faro;1.000
000003989528;13/11/2012;7;Coimbra;0.500
000003506072;13/11/2012;7;Faro;1.000
000003393143;13/11/2012;7;Coimbra;0.500
000003208184;13/11/2012;7;Porto;3.000
000003005994;13/11/2012;7;Lisboa;3.000
000002527548;13/11/2012;7;Braga;3.000
000001923378;13/11/2012;7;Braga;2.000
000001462265;13/11/2012;7;Porto;5.000
000001187937;13/11/2012;7;Coimbra;2.000
000000964084;13/11/2012;7;Braga;2.000
000000107377;13/11/2012;7;Vila real;3.000
000000088855;13/11/2012;7;Porto;0.500
000009036336;13/11/2012;6;Coimbra;3.000
000009012629;13/11/2012;6;Coimbra;2.000
000008779447;13/11/2012;6;Braga;3.000
000008312924;13/11/2012;6;Lisboa;5.000
000008298534;13/11/2012;6;Coimbra;0.500
000008223892;13/11/2012;6;Faro;2.000
000008223234;13/11/2012;6;Porto;5.000
000007658452;13/11/2012;6;Porto;0.500
000006919158;13/11/2012;6;Porto;2.000
000006900244;13/11/2012;6;Faro;0.500
000006606796;13/11/2012;6;Braga;2.000
000006503220;13/11/2012;6;Coimbra;2.000
000006500022;13/11/2012;6;Lisboa;5.000
000005924520;13/11/2012;6;Porto;3.000
000005273591;13/11/2012;6;Faro;2.000
000004869689;13/11/2012;6;Faro;2.000
000004414730;13/11/2012;6;Braga;5.000
000004351075;13/11/2012;6;Coimbra;5.000
000004334836;13/11/2012;6;Vila real;2.000
000004120951;13/11/2012;6;Lisboa;0.500
000003935485;13/11/2012;6;Porto;1.000
000003394830;13/11/2012;6;Coimbra;0.500
000003328951;13/11/2012;6;Setúbal;1.000
000003132258;13/11/2012;6;Vila real;2.000
000002383920;13/11/2012;6;Faro;1.000
000001865795;13/11/2012;6;Lisboa;1.000
000001499231;13/11/2012;6;Coimbra;1.000
000001180817;13/11/2012;6;Faro;5.000
000000830879;13/11/2012;6;Vila real;1.000
000000816715;13/11/2012;6;Lisboa;3.000
000000680377;13/11/2012;6;Coimbra;2.000
000000209812;13/11/2012;6;Lisboa;5.000
000000151788;13/11/2012;6;Vila real;0.500
000009092207;13/11/2012;5;Faro;2.000
000008443447;13/11/2012;5;Vila real;2.000
000008098640;13/11/2012;5;Lisboa;0.500
000007878706;13/11/2012;5;Porto;2.000
000007631920;13/11/2012;5;Porto;0.500
000007564803;13/11/2012;5;Setúbal;2.000
000007561260;13/11/2012;5;Vila real;0.500
000006632919;13/11/2012;5;Porto;2.000
000006588510;13/11/2012;5;Braga;1.000
000006239020;13/11/2012;5;Braga;3.000
000006218916;13/11/2012;5;Lisboa;1.000
000006152672;13/11/2012;5;Braga;1.000
000005890808;13/11/2012;5;Vila real;3.000
000005877359;13/11/2012;5;Faro;3.000
000005527308;13/11/2012;5;Porto;1.000
000005508245;13/11/2012;5;Braga;5.000
000004432873;13/11/2012;5;Setúbal;3.000
000004043934;13/11/2012;5;Coimbra;2.000
000003768503;13/11/2012;5;Vila real;5.000
000003566429;13/11/2012;5;Lisboa;0.500
000003540698;13/11/2012;5;Vila real;2.000
000003489923;13/11/2012;5;Setúbal;5.000
000003352642;13/11/2012;5;Setúbal;2.000
000003041921;13/11/2012;5;Lisboa;0.500
000003037306;13/11/2012;5;Braga;0.500
000002604081;13/11/2012;5;Porto;1.000
000001989941;13/11/2012;5;Vila real;3.000
000001884823;13/11/2012;5;Vila real;2.000
000001814025;13/11/2012;5;Coimbra;1.000
000001813917;13/11/2012;5;Vila real;5.000
000001780589;13/11/2012;5;Coimbra;3.000
000001603948;13/11/2012;5;Faro;0.500
000001582336;13/11/2012;5;Vila real;5.000
000001295945;13/11/2012;5;Faro;3.000
000001249034;13/11/2012;5;Porto;5.000
000000970897;13/11/2012;5;Lisboa;0.500
000000304924;13/11/2012;5;Coimbra;5.000
000009505266;13/11/2012;4;Porto;3.000
000009031145;13/11/2012;4;Coimbra;5.000
000008050483;13/11/2012;4;Porto;5.000
000007696500;13/11/2012;4;Coimbra;1.000
000007677070;13/11/2012;4;Faro;3.000
000007559539;13/11/2012;4;Faro;5.000
000007093826;13/11/2012;4;Setúbal;1.000
000006727088;13/11/2012;4;Setúbal;0.500
000005941195;13/11/2012;4;Braga;0.500
000004874871;13/11/2012;4;Setúbal;5.000
000004253229;13/11/2012;4;Setúbal;0.500
000003156312;13/11/2012;4;Coimbra;1.000
000003051002;13/11/2012;4;Braga;5.000
000002928427;13/11/2012;4;Braga;3.000
000002825566;13/11/2012;4;Coimbra;5.000
000002655730;13/11/2012;4;Vila real;3.000
000002565840;13/11/2012;4;Braga;5.000
000001543582;13/11/2012;4;Coimbra;2.000
000001450554;13/11/2012;4;Setúbal;1.000
000001258113;13/11/2012;4;Porto;2.000
000000888943;13/11/2012;4;Setúbal;3.000
000000636889;13/11/2012;4;Braga;1.000
000000558711;13/11/2012;4;Porto;0.500
000009526413;13/11/2012;3;Setúbal;3.000
000008770885;13/11/2012;3;Faro;5.000
000008553206;13/11/2012;3;Lisboa;1.000
000008381237;13/11/2012;3;Coimbra;1.000
000007700951;13/11/2012;3;Lisboa;5.000
000007128731;13/11/2012;3;Setúbal;0.500
000007063717;13/11/2012;3;Vila real;5.000
000007037513;13/11/2012;3;Vila real;1.000
000006906761;13/11/2012;3;Porto;3.000
000006317254;13/11/2012;3;Vila real;3.000
000005285785;13/11/2012;3;Setúbal;2.000
000004772722;13/11/2012;3;Coimbra;5.000
000004399472;13/11/2012;3;Porto;0.500
000004077545;13/11/2012;3;Coimbra;3.000
000003928416;13/11/2012;3;Coimbra;0.500
000003803141;13/11/2012;3;Porto;0.500
000003573262;13/11/2012;3;Faro;0.500
000003356801;13/11/2012;3;Faro;5.000
000003038418;13/11/2012;3;Coimbra;1.000
000003032230;13/11/2012;3;Braga;3.000
000002383699;13/11/2012;3;Porto;0.500
000001982230;13/11/2012;3;Lisboa;3.000
000001714060;13/11/2012;3;Setúbal;1.000
000001466147;13/11/2012;3;Coimbra;2.000
000001325835;13/11/2012;3;Braga;1.000
000000339615;13/11/2012;3;Vila real;0.500
000000094437;13/11/2012;3;Vila real;5.000
000000094319;13/11/2012;3;Braga;5.000
000009834052;13/11/2012;2;Vila real;5.000
000009761469;13/11/2012;2;Lisboa;0.500
000009645606;13/11/2012;2;Lisboa;5.000
000008825303;13/11/2012;2;Porto;3.000
000008629196;13/11/2012;2;Coimbra;0.500
000008395729;13/11/2012;2;Braga;1.000
000008138575;13/11/2012;2;Braga;5.000
000008075117;13/11/2012;2;Setúbal;3.000
000007846680;13/11/2012;2;Lisboa;0.500
000007755848;13/11/2012;2;Braga;0.500
000007494119;13/11/2012;2;Faro;0.500
000007409855;13/11/2012;2;Setúbal;3.000
000007322051;13/11/2012;2;Setúbal;5.000
000006987432;13/11/2012;2;Coimbra;2.000
000005780222;13/11/2012;2;Vila real;1.000
000004716772;13/11/2012;2;Coimbra;2.000
000004714870;13/11/2012;2;Faro;0.500
000004421413;13/11/2012;2;Setúbal;1.000
000003875874;13/11/2012;2;Porto;3.000
000003299450;13/11/2012;2;Faro;1.000
000003255807;13/11/2012;2;Faro;3.000
000002007374;13/11/2012;2;Lisboa;0.500
000001898293;13/11/2012;2;Lisboa;0.500
000001254056;13/11/2012;2;Faro;1.000
000001239952;13/11/2012;2;Setúbal;2.000
000000340956;13/11/2012;2;Lisboa;2.000
000000170477;13/11/2012;2;Faro;5.000
000009346197;13/11/2012;1;Porto;5.000
000009294993;13/11/2012;1;Coimbra;5.000
000009291975;13/11/2012;1;Faro;1.000
000009182741;13/11/2012;1;Coimbra;2.000
000009049822;13/11/2012;1;Coimbra;2.000
000008956274;13/11/2012;1;Faro;5.000
000008514764;13/11/2012;1;Faro;2.000
000008464600;13/11/2012;1;Porto;3.000
000007805193;13/11/2012;1;Setúbal;3.000
000007716214;13/11/2012;1;Coimbra;1.000
000007590337;13/11/2012;1;Lisboa;5.000
000007536145;13/11/2012;1;Braga;1.000
000007132962;13/11/2012;1;Faro;3.000
000006977614;13/11/2012;1;Setúbal;0.500
000006534194;13/11/2012;1;Setúbal;5.000
000006394424;13/11/2012;1;Lisboa;0.500
000006281121;13/11/2012;1;Porto;3.000
000005522543;13/11/2012;1;Setúbal;5.000
000005521177;13/11/2012;1;Lisboa;1.000
000005485479;13/11/2012;1;Porto;0.500
000004786215;13/11/2012;1;Vila real;0.500
000004396040;13/11/2012;1;Setúbal;3.000
000004084383;13/11/2012;1;Braga;3.000
000003968461;13/11/2012;1;Faro;1.000
000003268683;13/11/2012;1;Vila real;2.000
000003028578;13/11/2012;1;Coimbra;5.000
000002711280;13/11/2012;1;Lisboa;3.000
000001301292;13/11/2012;1;Coimbra;1.000
000001277332;13/11/2012;1;Braga;1.000
000001184662;13/11/2012;1;Lisboa;3.000
000000667804;13/11/2012;1;Porto;3.000
000000078161;13/11/2012;1;Lisboa;0.500
