000004689077;12/01/2017;11;Porto;2.000
000009573284;12/01/2017;10;Coimbra;2.000
000006249452;12/01/2017;9;Porto;3.000
000005866813;12/01/2017;8;Braga;3.000
000000631110;12/01/2017;5;Braga;0.500
000000420154;12/01/2017;5;Coimbra;0.500
000007889426;12/01/2017;4;Braga;3.000
000006559386;12/01/2017;3;Braga;0.500
000002501104;12/01/2017;3;Set√∫bal;1.000
