000007250650;15/12/2010;14;Lisboa;0.500
000007232322;15/12/2010;14;Setúbal;3.000
000003105261;15/12/2010;14;Setúbal;5.000
000001523072;15/12/2010;14;Faro;1.000
000008270562;15/12/2010;13;Vila real;0.500
000007527594;15/12/2010;13;Braga;5.000
000006692575;15/12/2010;13;Vila real;2.000
000006498033;15/12/2010;13;Setúbal;2.000
000006376029;15/12/2010;13;Porto;1.000
000004035654;15/12/2010;13;Lisboa;1.000
000002302316;15/12/2010;13;Lisboa;3.000
000000586640;15/12/2010;13;Setúbal;1.000
000000405728;15/12/2010;13;Setúbal;0.500
000000219213;15/12/2010;13;Setúbal;1.000
000008414768;15/12/2010;12;Faro;5.000
000008366778;15/12/2010;12;Setúbal;0.500
000007682221;15/12/2010;12;Lisboa;1.000
000003109463;15/12/2010;12;Coimbra;0.500
000002942283;15/12/2010;12;Faro;2.000
000002665124;15/12/2010;12;Lisboa;1.000
000008779327;15/12/2010;11;Braga;0.500
000006975021;15/12/2010;11;Vila real;3.000
000001663992;15/12/2010;11;Braga;0.500
000008594297;15/12/2010;10;Setúbal;2.000
000005893178;15/12/2010;10;Lisboa;2.000
000005105051;15/12/2010;10;Porto;5.000
000009225738;15/12/2010;9;Setúbal;0.500
000004900215;15/12/2010;9;Braga;1.000
000003843604;15/12/2010;9;Vila real;1.000
000001164609;15/12/2010;9;Faro;0.500
000000405677;15/12/2010;9;Lisboa;5.000
000000014621;15/12/2010;9;Vila real;1.000
000009693205;15/12/2010;8;Coimbra;5.000
000008138724;15/12/2010;8;Vila real;5.000
000004289923;15/12/2010;8;Lisboa;0.500
000003521509;15/12/2010;8;Porto;1.000
000002327136;15/12/2010;8;Braga;5.000
000001168563;15/12/2010;8;Porto;1.000
000000102476;15/12/2010;8;Setúbal;2.000
000008307625;15/12/2010;7;Vila real;0.500
000002791766;15/12/2010;7;Lisboa;2.000
000007825817;15/12/2010;6;Setúbal;0.500
000007239806;15/12/2010;6;Braga;5.000
000000138285;15/12/2010;6;Coimbra;1.000
000007915518;15/12/2010;5;Vila real;3.000
000007728478;15/12/2010;5;Vila real;0.500
000005230147;15/12/2010;5;Vila real;1.000
000003784953;15/12/2010;5;Lisboa;0.500
000009015355;15/12/2010;4;Vila real;3.000
000008477166;15/12/2010;4;Vila real;1.000
000006416174;15/12/2010;4;Braga;5.000
000009051411;15/12/2010;3;Braga;0.500
000006138598;15/12/2010;3;Vila real;2.000
000005442151;15/12/2010;3;Lisboa;5.000
000005188738;15/12/2010;3;Coimbra;0.500
000001659448;15/12/2010;3;Faro;0.500
000000954676;15/12/2010;3;Vila real;5.000
000000838503;15/12/2010;3;Braga;3.000
000000574757;15/12/2010;3;Braga;0.500
000000297487;15/12/2010;3;Lisboa;0.500
000008613743;15/12/2010;2;Porto;2.000
000008180163;15/12/2010;2;Vila real;3.000
000008071654;15/12/2010;2;Vila real;3.000
000003346194;15/12/2010;2;Porto;1.000
000009777657;15/12/2010;1;Porto;3.000
000009291115;15/12/2010;1;Setúbal;3.000
000007991809;15/12/2010;1;Faro;5.000
000005271017;15/12/2010;1;Faro;1.000
000002246953;15/12/2010;1;Lisboa;5.000
