000009319041;10/03/2016;14;Vila real;3.000
000005910899;10/03/2016;14;Setúbal;2.000
000005728430;10/03/2016;14;Vila real;5.000
000003849418;10/03/2016;14;Porto;1.000
000003196932;10/03/2016;14;Braga;2.000
000001628150;10/03/2016;14;Setúbal;1.000
000004896301;10/03/2016;13;Porto;2.000
000004856652;10/03/2016;13;Lisboa;2.000
000003538989;10/03/2016;13;Porto;3.000
000006975489;10/03/2016;12;Coimbra;1.000
000003145285;10/03/2016;12;Braga;1.000
000000853081;10/03/2016;12;Setúbal;3.000
000000299612;10/03/2016;12;Setúbal;2.000
000007975292;10/03/2016;11;Braga;0.500
000007052159;10/03/2016;11;Porto;2.000
000006852959;10/03/2016;11;Setúbal;1.000
000004957317;10/03/2016;11;Porto;3.000
000003404128;10/03/2016;11;Braga;3.000
000007729890;10/03/2016;10;Lisboa;3.000
000006335550;10/03/2016;10;Faro;1.000
000003059686;10/03/2016;10;Lisboa;3.000
000002522464;10/03/2016;10;Vila real;5.000
000002190908;10/03/2016;10;Braga;1.000
000008772042;10/03/2016;9;Lisboa;3.000
000007518644;10/03/2016;9;Braga;5.000
000007131025;10/03/2016;9;Coimbra;0.500
000001763591;10/03/2016;9;Braga;5.000
000001720064;10/03/2016;9;Coimbra;2.000
000000880396;10/03/2016;9;Coimbra;3.000
000000370599;10/03/2016;9;Lisboa;2.000
000008812805;10/03/2016;8;Setúbal;3.000
000007389234;10/03/2016;8;Lisboa;0.500
000003929586;10/03/2016;8;Porto;2.000
000003551166;10/03/2016;8;Porto;0.500
000000982228;10/03/2016;8;Faro;5.000
000000930674;10/03/2016;8;Porto;3.000
000000499806;10/03/2016;8;Setúbal;0.500
000000122827;10/03/2016;8;Faro;0.500
000008094737;10/03/2016;7;Setúbal;5.000
000003316080;10/03/2016;7;Faro;1.000
000001786053;10/03/2016;7;Porto;5.000
000000945019;10/03/2016;7;Porto;3.000
000000905469;10/03/2016;7;Braga;5.000
000000346288;10/03/2016;7;Lisboa;0.500
000004838358;10/03/2016;6;Setúbal;0.500
000004484978;10/03/2016;6;Coimbra;1.000
000004186765;10/03/2016;6;Lisboa;1.000
000003857330;10/03/2016;6;Braga;3.000
000001611888;10/03/2016;6;Setúbal;2.000
000008533184;10/03/2016;5;Porto;1.000
000008115379;10/03/2016;5;Coimbra;3.000
000007209583;10/03/2016;5;Vila real;2.000
000006732565;10/03/2016;5;Coimbra;2.000
000006054114;10/03/2016;5;Lisboa;5.000
000004468495;10/03/2016;5;Braga;0.500
000002750999;10/03/2016;5;Setúbal;0.500
000000170095;10/03/2016;5;Faro;0.500
000000068693;10/03/2016;5;Porto;3.000
000007373173;10/03/2016;4;Braga;5.000
000006093493;10/03/2016;4;Vila real;5.000
000002648568;10/03/2016;4;Faro;0.500
000002435280;10/03/2016;4;Vila real;1.000
000001394069;10/03/2016;4;Coimbra;1.000
000007198088;10/03/2016;3;Setúbal;2.000
000005911329;10/03/2016;3;Porto;5.000
000004789473;10/03/2016;3;Setúbal;0.500
000004712331;10/03/2016;3;Lisboa;0.500
000002627659;10/03/2016;3;Setúbal;0.500
000000376668;10/03/2016;3;Vila real;0.500
000007006374;10/03/2016;2;Faro;2.000
000005236322;10/03/2016;2;Porto;5.000
000001593637;10/03/2016;2;Porto;1.000
000000043344;10/03/2016;2;Porto;3.000
000009621088;10/03/2016;1;Vila real;3.000
000006480886;10/03/2016;1;Setúbal;5.000
000006153255;10/03/2016;1;Lisboa;1.000
000003117841;10/03/2016;1;Braga;3.000
000000329657;10/03/2016;1;Setúbal;3.000
000000318702;10/03/2016;1;Setúbal;5.000
