000009954282;24/12/2011;14;Braga;0.500
000009887090;24/12/2011;14;Coimbra;0.500
000009009605;24/12/2011;14;Vila real;2.000
000008731188;24/12/2011;14;Vila real;0.500
000007526890;24/12/2011;14;Porto;2.000
000007051330;24/12/2011;14;Braga;0.500
000006858869;24/12/2011;14;Vila real;2.000
000006137280;24/12/2011;14;Porto;2.000
000005494297;24/12/2011;14;Setúbal;0.500
000004502794;24/12/2011;14;Braga;3.000
000003756079;24/12/2011;14;Lisboa;2.000
000003646785;24/12/2011;14;Porto;1.000
000002941620;24/12/2011;14;Faro;1.000
000001791173;24/12/2011;14;Coimbra;1.000
000001551011;24/12/2011;14;Coimbra;1.000
000001029509;24/12/2011;14;Faro;5.000
000001013767;24/12/2011;14;Vila real;0.500
000000503478;24/12/2011;14;Braga;0.500
000000383266;24/12/2011;14;Faro;5.000
000008560528;24/12/2011;13;Faro;0.500
000006249207;24/12/2011;13;Setúbal;3.000
000005840745;24/12/2011;13;Braga;5.000
000004786611;24/12/2011;13;Vila real;3.000
000003859111;24/12/2011;13;Setúbal;5.000
000003397196;24/12/2011;13;Faro;5.000
000002495256;24/12/2011;13;Porto;0.500
000002084780;24/12/2011;13;Porto;0.500
000001707903;24/12/2011;13;Porto;5.000
000001695370;24/12/2011;13;Setúbal;2.000
000000943487;24/12/2011;13;Lisboa;2.000
000000217103;24/12/2011;13;Coimbra;1.000
000000175563;24/12/2011;13;Setúbal;1.000
000009354075;24/12/2011;12;Porto;5.000
000008962046;24/12/2011;12;Porto;3.000
000008091495;24/12/2011;12;Setúbal;2.000
000007989204;24/12/2011;12;Coimbra;5.000
000007905071;24/12/2011;12;Porto;5.000
000007138365;24/12/2011;12;Faro;5.000
000006494953;24/12/2011;12;Porto;1.000
000006242952;24/12/2011;12;Faro;5.000
000005976832;24/12/2011;12;Faro;5.000
000005279361;24/12/2011;12;Porto;5.000
000004557499;24/12/2011;12;Braga;2.000
000004433988;24/12/2011;12;Setúbal;5.000
000004305767;24/12/2011;12;Vila real;3.000
000003825422;24/12/2011;12;Coimbra;1.000
000003420047;24/12/2011;12;Porto;5.000
000001196194;24/12/2011;12;Porto;0.500
000000599863;24/12/2011;12;Coimbra;2.000
000000226702;24/12/2011;12;Vila real;0.500
000008935520;24/12/2011;11;Lisboa;5.000
000008220236;24/12/2011;11;Faro;0.500
000008102696;24/12/2011;11;Vila real;2.000
000007951202;24/12/2011;11;Setúbal;0.500
000007430695;24/12/2011;11;Lisboa;3.000
000006743491;24/12/2011;11;Setúbal;5.000
000006653017;24/12/2011;11;Porto;1.000
000006372776;24/12/2011;11;Faro;2.000
000005128117;24/12/2011;11;Vila real;2.000
000004727746;24/12/2011;11;Lisboa;1.000
000004453833;24/12/2011;11;Lisboa;2.000
000004397648;24/12/2011;11;Faro;1.000
000004115442;24/12/2011;11;Braga;2.000
000004067981;24/12/2011;11;Setúbal;2.000
000003775918;24/12/2011;11;Setúbal;3.000
000002988556;24/12/2011;11;Vila real;5.000
000002723509;24/12/2011;11;Porto;3.000
000002534074;24/12/2011;11;Lisboa;1.000
000001413262;24/12/2011;11;Braga;1.000
000001259639;24/12/2011;11;Lisboa;0.500
000001057242;24/12/2011;11;Braga;2.000
000000946116;24/12/2011;11;Braga;3.000
000000935161;24/12/2011;11;Porto;0.500
000000894692;24/12/2011;11;Vila real;1.000
000000745699;24/12/2011;11;Setúbal;3.000
000000605325;24/12/2011;11;Setúbal;1.000
000000523652;24/12/2011;11;Lisboa;0.500
000000049912;24/12/2011;11;Vila real;2.000
000009459139;24/12/2011;10;Vila real;2.000
000008964172;24/12/2011;10;Coimbra;0.500
000008840821;24/12/2011;10;Setúbal;1.000
000007570395;24/12/2011;10;Lisboa;0.500
000007520059;24/12/2011;10;Lisboa;3.000
000007396502;24/12/2011;10;Porto;5.000
000007128336;24/12/2011;10;Coimbra;5.000
000006644802;24/12/2011;10;Coimbra;3.000
000005911428;24/12/2011;10;Setúbal;3.000
000004286678;24/12/2011;10;Vila real;3.000
000004261436;24/12/2011;10;Porto;3.000
000002219882;24/12/2011;10;Coimbra;3.000
000001187900;24/12/2011;10;Porto;3.000
000001143199;24/12/2011;10;Porto;5.000
000000954093;24/12/2011;10;Vila real;2.000
000000926664;24/12/2011;10;Coimbra;1.000
000000709904;24/12/2011;10;Coimbra;1.000
000000483253;24/12/2011;10;Setúbal;3.000
000000417466;24/12/2011;10;Porto;3.000
000000266179;24/12/2011;10;Vila real;2.000
000009812125;24/12/2011;9;Setúbal;0.500
000009743513;24/12/2011;9;Braga;0.500
000008378326;24/12/2011;9;Vila real;1.000
000007254749;24/12/2011;9;Braga;1.000
000006294232;24/12/2011;9;Porto;0.500
000005410333;24/12/2011;9;Porto;0.500
000004773600;24/12/2011;9;Coimbra;3.000
000004686107;24/12/2011;9;Coimbra;2.000
000004572066;24/12/2011;9;Setúbal;5.000
000004457956;24/12/2011;9;Setúbal;1.000
000003628100;24/12/2011;9;Vila real;2.000
000002420438;24/12/2011;9;Setúbal;0.500
000001853693;24/12/2011;9;Faro;2.000
000001288787;24/12/2011;9;Vila real;3.000
000001129191;24/12/2011;9;Braga;0.500
000000989758;24/12/2011;9;Coimbra;3.000
000009341843;24/12/2011;8;Braga;5.000
000008748559;24/12/2011;8;Braga;3.000
000008392892;24/12/2011;8;Faro;0.500
000008264948;24/12/2011;8;Vila real;2.000
000007165974;24/12/2011;8;Vila real;5.000
000006959326;24/12/2011;8;Lisboa;1.000
000006638145;24/12/2011;8;Setúbal;0.500
000006559889;24/12/2011;8;Braga;2.000
000005660685;24/12/2011;8;Setúbal;1.000
000005518143;24/12/2011;8;Lisboa;5.000
000005341861;24/12/2011;8;Braga;1.000
000005217137;24/12/2011;8;Coimbra;5.000
000004850097;24/12/2011;8;Porto;1.000
000004515349;24/12/2011;8;Lisboa;2.000
000004413238;24/12/2011;8;Porto;5.000
000002830962;24/12/2011;8;Lisboa;5.000
000002728115;24/12/2011;8;Vila real;3.000
000002691697;24/12/2011;8;Coimbra;3.000
000002182200;24/12/2011;8;Setúbal;3.000
000001823171;24/12/2011;8;Faro;2.000
000001668500;24/12/2011;8;Setúbal;3.000
000001631367;24/12/2011;8;Lisboa;2.000
000001306231;24/12/2011;8;Lisboa;3.000
000001171130;24/12/2011;8;Porto;5.000
000000318525;24/12/2011;8;Vila real;3.000
000009096557;24/12/2011;7;Porto;0.500
000008358939;24/12/2011;7;Faro;2.000
000007576701;24/12/2011;7;Faro;2.000
000007410537;24/12/2011;7;Faro;3.000
000005955206;24/12/2011;7;Porto;2.000
000005472985;24/12/2011;7;Vila real;1.000
000005367165;24/12/2011;7;Porto;3.000
000005125400;24/12/2011;7;Vila real;3.000
000004955248;24/12/2011;7;Braga;2.000
000002932778;24/12/2011;7;Coimbra;2.000
000002905849;24/12/2011;7;Coimbra;5.000
000002884615;24/12/2011;7;Braga;3.000
000002492398;24/12/2011;7;Vila real;0.500
000002223794;24/12/2011;7;Coimbra;3.000
000002064076;24/12/2011;7;Braga;5.000
000001864378;24/12/2011;7;Setúbal;5.000
000001295508;24/12/2011;7;Vila real;1.000
000000911078;24/12/2011;7;Lisboa;0.500
000000785836;24/12/2011;7;Porto;0.500
000000553014;24/12/2011;7;Coimbra;2.000
000007185486;24/12/2011;6;Setúbal;2.000
000007176375;24/12/2011;6;Setúbal;3.000
000006956613;24/12/2011;6;Setúbal;1.000
000006218861;24/12/2011;6;Vila real;1.000
000005425011;24/12/2011;6;Vila real;2.000
000005297978;24/12/2011;6;Braga;5.000
000004048361;24/12/2011;6;Braga;5.000
000003343180;24/12/2011;6;Faro;5.000
000002771286;24/12/2011;6;Lisboa;2.000
000002105325;24/12/2011;6;Coimbra;2.000
000001689629;24/12/2011;6;Lisboa;1.000
000001237768;24/12/2011;6;Lisboa;5.000
000009894897;24/12/2011;5;Braga;0.500
000009292331;24/12/2011;5;Faro;5.000
000009235656;24/12/2011;5;Coimbra;2.000
000008289490;24/12/2011;5;Vila real;0.500
000008198633;24/12/2011;5;Vila real;2.000
000008103058;24/12/2011;5;Braga;1.000
000007237424;24/12/2011;5;Vila real;0.500
000006899264;24/12/2011;5;Setúbal;3.000
000006763341;24/12/2011;5;Setúbal;1.000
000005508368;24/12/2011;5;Faro;1.000
000005026174;24/12/2011;5;Setúbal;3.000
000004917710;24/12/2011;5;Vila real;3.000
000004579216;24/12/2011;5;Faro;5.000
000004200567;24/12/2011;5;Setúbal;1.000
000003855941;24/12/2011;5;Braga;0.500
000003186672;24/12/2011;5;Faro;0.500
000002716314;24/12/2011;5;Setúbal;1.000
000001874016;24/12/2011;5;Setúbal;2.000
000001364640;24/12/2011;5;Vila real;5.000
000000111923;24/12/2011;5;Coimbra;5.000
000009818495;24/12/2011;4;Vila real;1.000
000009186077;24/12/2011;4;Braga;1.000
000008426081;24/12/2011;4;Vila real;5.000
000008144597;24/12/2011;4;Faro;2.000
000007389083;24/12/2011;4;Coimbra;1.000
000006968619;24/12/2011;4;Braga;1.000
000006811574;24/12/2011;4;Vila real;1.000
000005488020;24/12/2011;4;Porto;3.000
000005374337;24/12/2011;4;Braga;0.500
000005020117;24/12/2011;4;Faro;1.000
000003375844;24/12/2011;4;Braga;0.500
000002893109;24/12/2011;4;Braga;5.000
000002046075;24/12/2011;4;Coimbra;2.000
000001247550;24/12/2011;4;Setúbal;3.000
000001060699;24/12/2011;4;Vila real;1.000
000000897442;24/12/2011;4;Vila real;0.500
000000787907;24/12/2011;4;Lisboa;2.000
000000265078;24/12/2011;4;Faro;5.000
000009721538;24/12/2011;3;Braga;1.000
000009378333;24/12/2011;3;Porto;2.000
000009106194;24/12/2011;3;Coimbra;2.000
000008007438;24/12/2011;3;Faro;5.000
000007560687;24/12/2011;3;Coimbra;5.000
000006885399;24/12/2011;3;Porto;2.000
000005321126;24/12/2011;3;Coimbra;1.000
000005129522;24/12/2011;3;Braga;1.000
000004627152;24/12/2011;3;Setúbal;2.000
000004396277;24/12/2011;3;Lisboa;5.000
000003975845;24/12/2011;3;Coimbra;0.500
000003746453;24/12/2011;3;Porto;0.500
000003026143;24/12/2011;3;Braga;1.000
000002018900;24/12/2011;3;Vila real;5.000
000000842165;24/12/2011;3;Coimbra;2.000
000009763351;24/12/2011;2;Vila real;5.000
000008989963;24/12/2011;2;Braga;3.000
000007736893;24/12/2011;2;Porto;5.000
000006726474;24/12/2011;2;Porto;0.500
000005373195;24/12/2011;2;Porto;2.000
000005340482;24/12/2011;2;Vila real;3.000
000005015352;24/12/2011;2;Faro;2.000
000002859693;24/12/2011;2;Lisboa;1.000
000002629670;24/12/2011;2;Lisboa;0.500
000002318880;24/12/2011;2;Vila real;0.500
000001973859;24/12/2011;2;Vila real;5.000
000001378985;24/12/2011;2;Setúbal;1.000
000001258983;24/12/2011;2;Vila real;5.000
000001245512;24/12/2011;2;Setúbal;2.000
000001164462;24/12/2011;2;Setúbal;3.000
000001161633;24/12/2011;2;Faro;2.000
000001152541;24/12/2011;2;Faro;3.000
000001059056;24/12/2011;2;Coimbra;3.000
000000909633;24/12/2011;2;Faro;0.500
000000536992;24/12/2011;2;Coimbra;0.500
000000321727;24/12/2011;2;Faro;0.500
000000246231;24/12/2011;2;Coimbra;0.500
000009941561;24/12/2011;1;Vila real;1.000
000009699067;24/12/2011;1;Porto;5.000
000009383309;24/12/2011;1;Braga;5.000
000008211419;24/12/2011;1;Braga;1.000
000007676394;24/12/2011;1;Faro;2.000
000007609241;24/12/2011;1;Porto;1.000
000007486505;24/12/2011;1;Lisboa;0.500
000007093639;24/12/2011;1;Coimbra;5.000
000006909448;24/12/2011;1;Vila real;3.000
000005017125;24/12/2011;1;Lisboa;5.000
000004874632;24/12/2011;1;Lisboa;3.000
000004221395;24/12/2011;1;Faro;2.000
000004101654;24/12/2011;1;Braga;3.000
000003756024;24/12/2011;1;Lisboa;2.000
000002582429;24/12/2011;1;Setúbal;0.500
000001603011;24/12/2011;1;Lisboa;1.000
000001473943;24/12/2011;1;Vila real;5.000
000001397765;24/12/2011;1;Lisboa;5.000
000001168514;24/12/2011;1;Setúbal;1.000
