000009955562;08/06/2016;14;Porto;3.000
000009888775;08/06/2016;14;Braga;5.000
000009471635;08/06/2016;14;Faro;1.000
000009447045;08/06/2016;14;Setúbal;2.000
000009272536;08/06/2016;14;Braga;3.000
000009247333;08/06/2016;14;Porto;3.000
000008559581;08/06/2016;14;Faro;2.000
000007993157;08/06/2016;14;Porto;0.500
000007891363;08/06/2016;14;Coimbra;1.000
000007595852;08/06/2016;14;Coimbra;0.500
000007544631;08/06/2016;14;Lisboa;1.000
000007439293;08/06/2016;14;Vila real;3.000
000007336735;08/06/2016;14;Setúbal;0.500
000006922098;08/06/2016;14;Setúbal;3.000
000006910157;08/06/2016;14;Coimbra;1.000
000006885189;08/06/2016;14;Vila real;3.000
000006805134;08/06/2016;14;Porto;3.000
000006700734;08/06/2016;14;Lisboa;0.500
000006535363;08/06/2016;14;Lisboa;1.000
000006466996;08/06/2016;14;Porto;2.000
000006407062;08/06/2016;14;Setúbal;5.000
000006335077;08/06/2016;14;Lisboa;2.000
000005722450;08/06/2016;14;Setúbal;1.000
000005439613;08/06/2016;14;Lisboa;0.500
000005322889;08/06/2016;14;Porto;2.000
000005044710;08/06/2016;14;Lisboa;1.000
000003146436;08/06/2016;14;Porto;3.000
000003074832;08/06/2016;14;Setúbal;5.000
000002310744;08/06/2016;14;Lisboa;0.500
000002239668;08/06/2016;14;Coimbra;1.000
000002103462;08/06/2016;14;Setúbal;0.500
000001233190;08/06/2016;14;Setúbal;2.000
000000567545;08/06/2016;14;Braga;5.000
000000500301;08/06/2016;14;Lisboa;2.000
000000043921;08/06/2016;14;Setúbal;3.000
000009970836;08/06/2016;13;Setúbal;1.000
000009732561;08/06/2016;13;Faro;2.000
000009674878;08/06/2016;13;Setúbal;3.000
000008963838;08/06/2016;13;Lisboa;1.000
000008811160;08/06/2016;13;Faro;5.000
000008587540;08/06/2016;13;Vila real;2.000
000008406379;08/06/2016;13;Braga;2.000
000008071617;08/06/2016;13;Lisboa;3.000
000007851770;08/06/2016;13;Braga;0.500
000007621208;08/06/2016;13;Faro;0.500
000007317133;08/06/2016;13;Lisboa;5.000
000007092217;08/06/2016;13;Lisboa;0.500
000006971695;08/06/2016;13;Lisboa;1.000
000006615953;08/06/2016;13;Porto;0.500
000006412033;08/06/2016;13;Vila real;1.000
000006097784;08/06/2016;13;Setúbal;3.000
000005763928;08/06/2016;13;Braga;2.000
000004727511;08/06/2016;13;Setúbal;0.500
000004726779;08/06/2016;13;Setúbal;2.000
000004724104;08/06/2016;13;Coimbra;2.000
000004410917;08/06/2016;13;Coimbra;0.500
000004329343;08/06/2016;13;Porto;0.500
000004270761;08/06/2016;13;Lisboa;1.000
000004238963;08/06/2016;13;Faro;2.000
000004231239;08/06/2016;13;Setúbal;5.000
000004110118;08/06/2016;13;Coimbra;2.000
000003822759;08/06/2016;13;Braga;3.000
000003502733;08/06/2016;13;Setúbal;3.000
000003395515;08/06/2016;13;Vila real;1.000
000003089391;08/06/2016;13;Braga;5.000
000003069284;08/06/2016;13;Setúbal;1.000
000003036823;08/06/2016;13;Braga;3.000
000002863878;08/06/2016;13;Faro;5.000
000001097327;08/06/2016;13;Faro;2.000
000001063138;08/06/2016;13;Braga;3.000
000000977309;08/06/2016;13;Lisboa;1.000
000000732453;08/06/2016;13;Porto;1.000
000000456331;08/06/2016;13;Faro;2.000
000000428546;08/06/2016;13;Vila real;2.000
000000396206;08/06/2016;13;Vila real;0.500
000000301829;08/06/2016;13;Faro;5.000
000000226402;08/06/2016;13;Braga;0.500
000000205805;08/06/2016;13;Braga;0.500
000000187883;08/06/2016;13;Setúbal;2.000
000009774568;08/06/2016;12;Porto;3.000
000009288688;08/06/2016;12;Braga;2.000
000009183237;08/06/2016;12;Lisboa;5.000
000009172336;08/06/2016;12;Braga;0.500
000008688213;08/06/2016;12;Porto;2.000
000007926930;08/06/2016;12;Setúbal;5.000
000007415932;08/06/2016;12;Vila real;3.000
000007054959;08/06/2016;12;Faro;1.000
000006321604;08/06/2016;12;Faro;1.000
000006304020;08/06/2016;12;Setúbal;5.000
000006237432;08/06/2016;12;Lisboa;2.000
000006038965;08/06/2016;12;Setúbal;0.500
000004963160;08/06/2016;12;Faro;1.000
000004848734;08/06/2016;12;Faro;1.000
000004837222;08/06/2016;12;Coimbra;0.500
000004689384;08/06/2016;12;Braga;0.500
000004503691;08/06/2016;12;Vila real;5.000
000004494807;08/06/2016;12;Braga;1.000
000004400963;08/06/2016;12;Lisboa;5.000
000004160379;08/06/2016;12;Braga;2.000
000004121532;08/06/2016;12;Vila real;0.500
000004083611;08/06/2016;12;Faro;2.000
000003859012;08/06/2016;12;Braga;3.000
000003720656;08/06/2016;12;Lisboa;0.500
000003053881;08/06/2016;12;Porto;3.000
000002973363;08/06/2016;12;Faro;3.000
000002427769;08/06/2016;12;Faro;2.000
000002281079;08/06/2016;12;Braga;5.000
000001927850;08/06/2016;12;Vila real;0.500
000001714056;08/06/2016;12;Vila real;2.000
000001691654;08/06/2016;12;Setúbal;5.000
000000929174;08/06/2016;12;Porto;5.000
000000921119;08/06/2016;12;Braga;2.000
000000641139;08/06/2016;12;Vila real;0.500
000000054626;08/06/2016;12;Lisboa;0.500
000009983864;08/06/2016;11;Setúbal;5.000
000009607957;08/06/2016;11;Setúbal;2.000
000009311798;08/06/2016;11;Braga;2.000
000009281024;08/06/2016;11;Lisboa;0.500
000008913632;08/06/2016;11;Vila real;5.000
000008812318;08/06/2016;11;Faro;2.000
000008237592;08/06/2016;11;Faro;5.000
000008186452;08/06/2016;11;Faro;5.000
000008143901;08/06/2016;11;Lisboa;5.000
000007916311;08/06/2016;11;Porto;5.000
000007755616;08/06/2016;11;Lisboa;2.000
000007753492;08/06/2016;11;Setúbal;0.500
000006878413;08/06/2016;11;Coimbra;0.500
000006666542;08/06/2016;11;Coimbra;2.000
000006326767;08/06/2016;11;Setúbal;2.000
000006294614;08/06/2016;11;Lisboa;0.500
000006197303;08/06/2016;11;Porto;0.500
000006180833;08/06/2016;11;Vila real;1.000
000006034465;08/06/2016;11;Coimbra;3.000
000005845472;08/06/2016;11;Setúbal;1.000
000005802081;08/06/2016;11;Vila real;3.000
000005344019;08/06/2016;11;Vila real;3.000
000005032764;08/06/2016;11;Vila real;5.000
000004713605;08/06/2016;11;Faro;3.000
000004134102;08/06/2016;11;Braga;1.000
000004038078;08/06/2016;11;Setúbal;0.500
000003984065;08/06/2016;11;Braga;2.000
000003943845;08/06/2016;11;Setúbal;2.000
000003834302;08/06/2016;11;Porto;0.500
000003479574;08/06/2016;11;Porto;1.000
000002772500;08/06/2016;11;Porto;1.000
000002021243;08/06/2016;11;Setúbal;1.000
000001912983;08/06/2016;11;Coimbra;5.000
000001838464;08/06/2016;11;Vila real;1.000
000001746778;08/06/2016;11;Braga;1.000
000001056329;08/06/2016;11;Braga;0.500
000000292244;08/06/2016;11;Braga;3.000
000000157310;08/06/2016;11;Braga;2.000
000009700841;08/06/2016;10;Lisboa;5.000
000009627585;08/06/2016;10;Braga;5.000
000009197145;08/06/2016;10;Braga;5.000
000009122062;08/06/2016;10;Setúbal;2.000
000008790643;08/06/2016;10;Coimbra;5.000
000008275304;08/06/2016;10;Lisboa;1.000
000008263179;08/06/2016;10;Faro;0.500
000007154770;08/06/2016;10;Porto;1.000
000007024974;08/06/2016;10;Faro;0.500
000006821317;08/06/2016;10;Porto;1.000
000006648170;08/06/2016;10;Lisboa;2.000
000006369657;08/06/2016;10;Lisboa;1.000
000006112517;08/06/2016;10;Lisboa;1.000
000005972481;08/06/2016;10;Vila real;5.000
000005891372;08/06/2016;10;Lisboa;3.000
000005366086;08/06/2016;10;Vila real;0.500
000005245236;08/06/2016;10;Braga;3.000
000004716993;08/06/2016;10;Lisboa;3.000
000004567964;08/06/2016;10;Vila real;3.000
000004161600;08/06/2016;10;Faro;2.000
000004025765;08/06/2016;10;Faro;3.000
000003863777;08/06/2016;10;Coimbra;0.500
000003277082;08/06/2016;10;Braga;3.000
000003248942;08/06/2016;10;Porto;5.000
000003091768;08/06/2016;10;Lisboa;3.000
000002912327;08/06/2016;10;Faro;3.000
000002891472;08/06/2016;10;Coimbra;1.000
000002690554;08/06/2016;10;Faro;0.500
000001739644;08/06/2016;10;Setúbal;3.000
000001429945;08/06/2016;10;Coimbra;3.000
000001252080;08/06/2016;10;Setúbal;5.000
000001019154;08/06/2016;10;Faro;1.000
000000408394;08/06/2016;10;Vila real;1.000
000000325085;08/06/2016;10;Setúbal;3.000
000009909257;08/06/2016;9;Setúbal;2.000
000009658275;08/06/2016;9;Coimbra;1.000
000009644966;08/06/2016;9;Lisboa;1.000
000009481712;08/06/2016;9;Braga;5.000
000009091008;08/06/2016;9;Porto;3.000
000009018894;08/06/2016;9;Vila real;1.000
000008611984;08/06/2016;9;Porto;0.500
000008150633;08/06/2016;9;Lisboa;3.000
000007645131;08/06/2016;9;Braga;2.000
000006781320;08/06/2016;9;Lisboa;5.000
000006275816;08/06/2016;9;Porto;1.000
000005736533;08/06/2016;9;Vila real;0.500
000005717216;08/06/2016;9;Setúbal;1.000
000005611064;08/06/2016;9;Faro;0.500
000005366682;08/06/2016;9;Faro;2.000
000005256889;08/06/2016;9;Lisboa;5.000
000005223224;08/06/2016;9;Braga;5.000
000004877400;08/06/2016;9;Coimbra;0.500
000004823146;08/06/2016;9;Coimbra;3.000
000004621363;08/06/2016;9;Lisboa;2.000
000004372791;08/06/2016;9;Faro;1.000
000003957971;08/06/2016;9;Coimbra;3.000
000002914361;08/06/2016;9;Braga;0.500
000002864423;08/06/2016;9;Lisboa;3.000
000002696295;08/06/2016;9;Porto;0.500
000001845036;08/06/2016;9;Setúbal;3.000
000001747408;08/06/2016;9;Faro;1.000
000001699556;08/06/2016;9;Braga;1.000
000001382969;08/06/2016;9;Vila real;2.000
000000711169;08/06/2016;9;Vila real;0.500
000000560641;08/06/2016;9;Setúbal;1.000
000000032665;08/06/2016;9;Vila real;5.000
000009850057;08/06/2016;8;Braga;2.000
000009223115;08/06/2016;8;Setúbal;0.500
000009067288;08/06/2016;8;Porto;1.000
000009051144;08/06/2016;8;Setúbal;5.000
000008968018;08/06/2016;8;Porto;1.000
000008675351;08/06/2016;8;Porto;0.500
000008566910;08/06/2016;8;Braga;5.000
000008500924;08/06/2016;8;Coimbra;5.000
000008456947;08/06/2016;8;Coimbra;0.500
000008014841;08/06/2016;8;Faro;3.000
000007676630;08/06/2016;8;Faro;0.500
000007349389;08/06/2016;8;Vila real;0.500
000007155252;08/06/2016;8;Braga;5.000
000006492290;08/06/2016;8;Lisboa;5.000
000005806397;08/06/2016;8;Porto;5.000
000005655536;08/06/2016;8;Lisboa;2.000
000004613220;08/06/2016;8;Vila real;5.000
000004605140;08/06/2016;8;Porto;1.000
000004598276;08/06/2016;8;Setúbal;5.000
000004435508;08/06/2016;8;Vila real;5.000
000004105256;08/06/2016;8;Vila real;2.000
000004092937;08/06/2016;8;Coimbra;5.000
000003765801;08/06/2016;8;Vila real;5.000
000003170541;08/06/2016;8;Coimbra;2.000
000002843942;08/06/2016;8;Setúbal;1.000
000002569599;08/06/2016;8;Porto;3.000
000002545861;08/06/2016;8;Faro;1.000
000002480529;08/06/2016;8;Lisboa;0.500
000002348754;08/06/2016;8;Porto;3.000
000002196119;08/06/2016;8;Faro;1.000
000002052150;08/06/2016;8;Coimbra;2.000
000001617253;08/06/2016;8;Coimbra;0.500
000001447037;08/06/2016;8;Porto;1.000
000001120388;08/06/2016;8;Vila real;2.000
000000853200;08/06/2016;8;Vila real;1.000
000000811731;08/06/2016;8;Setúbal;0.500
000000800235;08/06/2016;8;Coimbra;5.000
000000722603;08/06/2016;8;Lisboa;5.000
000000551192;08/06/2016;8;Setúbal;2.000
000009876863;08/06/2016;7;Setúbal;1.000
000009303759;08/06/2016;7;Vila real;1.000
000009098753;08/06/2016;7;Porto;3.000
000008718119;08/06/2016;7;Lisboa;1.000
000008690434;08/06/2016;7;Faro;3.000
000007389988;08/06/2016;7;Coimbra;5.000
000007235097;08/06/2016;7;Braga;3.000
000006995838;08/06/2016;7;Faro;0.500
000006140431;08/06/2016;7;Porto;3.000
000005664103;08/06/2016;7;Braga;1.000
000005513248;08/06/2016;7;Braga;0.500
000005222206;08/06/2016;7;Porto;0.500
000004615176;08/06/2016;7;Coimbra;0.500
000004415412;08/06/2016;7;Porto;5.000
000004357999;08/06/2016;7;Lisboa;5.000
000004277510;08/06/2016;7;Faro;5.000
000004105798;08/06/2016;7;Vila real;2.000
000003745294;08/06/2016;7;Coimbra;3.000
000003575220;08/06/2016;7;Coimbra;2.000
000003413618;08/06/2016;7;Setúbal;5.000
000003393109;08/06/2016;7;Braga;0.500
000003266239;08/06/2016;7;Vila real;3.000
000003149503;08/06/2016;7;Setúbal;0.500
000003107337;08/06/2016;7;Coimbra;5.000
000002833557;08/06/2016;7;Faro;1.000
000002759579;08/06/2016;7;Vila real;5.000
000002587282;08/06/2016;7;Coimbra;5.000
000002149711;08/06/2016;7;Coimbra;5.000
000001665303;08/06/2016;7;Vila real;5.000
000001616665;08/06/2016;7;Faro;1.000
000001464759;08/06/2016;7;Lisboa;5.000
000001347827;08/06/2016;7;Braga;5.000
000001084010;08/06/2016;7;Coimbra;0.500
000001015163;08/06/2016;7;Lisboa;1.000
000000991272;08/06/2016;7;Setúbal;0.500
000000665945;08/06/2016;7;Porto;2.000
000009488791;08/06/2016;6;Braga;3.000
000009282457;08/06/2016;6;Lisboa;1.000
000008952223;08/06/2016;6;Porto;3.000
000008080379;08/06/2016;6;Setúbal;3.000
000005736204;08/06/2016;6;Vila real;1.000
000005579981;08/06/2016;6;Porto;3.000
000004664838;08/06/2016;6;Porto;1.000
000003896709;08/06/2016;6;Lisboa;5.000
000003888704;08/06/2016;6;Porto;1.000
000003763965;08/06/2016;6;Faro;2.000
000003749929;08/06/2016;6;Porto;2.000
000003587235;08/06/2016;6;Porto;0.500
000003446036;08/06/2016;6;Coimbra;1.000
000003160168;08/06/2016;6;Vila real;2.000
000002977519;08/06/2016;6;Vila real;1.000
000002265826;08/06/2016;6;Setúbal;5.000
000000808561;08/06/2016;6;Porto;0.500
000000663320;08/06/2016;6;Faro;0.500
000009936632;08/06/2016;5;Faro;1.000
000009761737;08/06/2016;5;Lisboa;3.000
000008896462;08/06/2016;5;Porto;2.000
000008838244;08/06/2016;5;Lisboa;3.000
000008732246;08/06/2016;5;Setúbal;1.000
000008003328;08/06/2016;5;Vila real;2.000
000007845587;08/06/2016;5;Coimbra;3.000
000007349018;08/06/2016;5;Coimbra;3.000
000007137322;08/06/2016;5;Setúbal;2.000
000005980641;08/06/2016;5;Vila real;1.000
000005564752;08/06/2016;5;Faro;5.000
000005529230;08/06/2016;5;Vila real;2.000
000004949618;08/06/2016;5;Faro;5.000
000004290661;08/06/2016;5;Setúbal;2.000
000003935904;08/06/2016;5;Porto;3.000
000003774158;08/06/2016;5;Vila real;1.000
000003340311;08/06/2016;5;Braga;0.500
000003115737;08/06/2016;5;Lisboa;5.000
000002966860;08/06/2016;5;Setúbal;2.000
000002768519;08/06/2016;5;Vila real;1.000
000002702102;08/06/2016;5;Coimbra;5.000
000001393665;08/06/2016;5;Setúbal;5.000
000000230155;08/06/2016;5;Setúbal;0.500
000009868449;08/06/2016;4;Faro;1.000
000009105595;08/06/2016;4;Setúbal;5.000
000008855517;08/06/2016;4;Coimbra;3.000
000008414486;08/06/2016;4;Braga;3.000
000008174870;08/06/2016;4;Coimbra;0.500
000008039561;08/06/2016;4;Setúbal;3.000
000008004494;08/06/2016;4;Coimbra;0.500
000007677950;08/06/2016;4;Porto;3.000
000007557610;08/06/2016;4;Vila real;2.000
000007110887;08/06/2016;4;Porto;5.000
000006882929;08/06/2016;4;Vila real;3.000
000006533676;08/06/2016;4;Coimbra;0.500
000006512766;08/06/2016;4;Vila real;5.000
000006390743;08/06/2016;4;Faro;1.000
000005525757;08/06/2016;4;Setúbal;2.000
000005282243;08/06/2016;4;Porto;2.000
000004771678;08/06/2016;4;Coimbra;1.000
000004706393;08/06/2016;4;Braga;0.500
000004418900;08/06/2016;4;Vila real;3.000
000004173007;08/06/2016;4;Coimbra;0.500
000003897993;08/06/2016;4;Vila real;3.000
000003532201;08/06/2016;4;Lisboa;3.000
000003477963;08/06/2016;4;Braga;1.000
000003358003;08/06/2016;4;Porto;5.000
000003254759;08/06/2016;4;Coimbra;0.500
000003067171;08/06/2016;4;Vila real;1.000
000002975167;08/06/2016;4;Coimbra;2.000
000002834267;08/06/2016;4;Lisboa;3.000
000002826055;08/06/2016;4;Vila real;5.000
000002066119;08/06/2016;4;Coimbra;3.000
000001735226;08/06/2016;4;Setúbal;5.000
000001223399;08/06/2016;4;Lisboa;3.000
000000207866;08/06/2016;4;Faro;3.000
000009936332;08/06/2016;3;Porto;1.000
000009864845;08/06/2016;3;Setúbal;1.000
000009862604;08/06/2016;3;Setúbal;3.000
000009631114;08/06/2016;3;Braga;3.000
000009587975;08/06/2016;3;Lisboa;3.000
000009535963;08/06/2016;3;Braga;5.000
000008825289;08/06/2016;3;Setúbal;2.000
000008789243;08/06/2016;3;Setúbal;0.500
000007577459;08/06/2016;3;Vila real;1.000
000007336357;08/06/2016;3;Braga;2.000
000007294046;08/06/2016;3;Lisboa;2.000
000006677093;08/06/2016;3;Coimbra;2.000
000006514407;08/06/2016;3;Lisboa;5.000
000006223730;08/06/2016;3;Porto;2.000
000006048779;08/06/2016;3;Coimbra;3.000
000005824368;08/06/2016;3;Faro;0.500
000005802946;08/06/2016;3;Vila real;0.500
000005640711;08/06/2016;3;Lisboa;2.000
000005464197;08/06/2016;3;Vila real;1.000
000005367215;08/06/2016;3;Coimbra;1.000
000004755079;08/06/2016;3;Lisboa;2.000
000004721116;08/06/2016;3;Lisboa;1.000
000004371744;08/06/2016;3;Faro;2.000
000003769330;08/06/2016;3;Lisboa;5.000
000002615871;08/06/2016;3;Vila real;1.000
000002484458;08/06/2016;3;Setúbal;0.500
000001390407;08/06/2016;3;Vila real;2.000
000000706057;08/06/2016;3;Vila real;2.000
000000406930;08/06/2016;3;Coimbra;2.000
000000178435;08/06/2016;3;Setúbal;2.000
000000113529;08/06/2016;3;Setúbal;0.500
000009911495;08/06/2016;2;Faro;2.000
000009824971;08/06/2016;2;Setúbal;1.000
000008745457;08/06/2016;2;Setúbal;2.000
000008388578;08/06/2016;2;Lisboa;2.000
000008378415;08/06/2016;2;Vila real;1.000
000008190951;08/06/2016;2;Vila real;0.500
000007992526;08/06/2016;2;Faro;0.500
000007534782;08/06/2016;2;Faro;2.000
000007365844;08/06/2016;2;Porto;5.000
000007290146;08/06/2016;2;Faro;1.000
000007188772;08/06/2016;2;Porto;5.000
000006671916;08/06/2016;2;Setúbal;2.000
000006374081;08/06/2016;2;Lisboa;1.000
000005493630;08/06/2016;2;Braga;2.000
000005485431;08/06/2016;2;Braga;5.000
000005355291;08/06/2016;2;Braga;2.000
000004813489;08/06/2016;2;Faro;0.500
000004104442;08/06/2016;2;Setúbal;2.000
000003698317;08/06/2016;2;Braga;5.000
000003578148;08/06/2016;2;Faro;3.000
000003501222;08/06/2016;2;Vila real;1.000
000003145345;08/06/2016;2;Coimbra;3.000
000002720777;08/06/2016;2;Setúbal;2.000
000002314429;08/06/2016;2;Lisboa;0.500
000002250930;08/06/2016;2;Braga;3.000
000002220475;08/06/2016;2;Coimbra;0.500
000002089673;08/06/2016;2;Vila real;3.000
000001880919;08/06/2016;2;Lisboa;3.000
000001442249;08/06/2016;2;Faro;1.000
000001420730;08/06/2016;2;Faro;2.000
000001409612;08/06/2016;2;Lisboa;1.000
000000718384;08/06/2016;2;Porto;5.000
000000488821;08/06/2016;2;Braga;0.500
000000476787;08/06/2016;2;Setúbal;5.000
000000474479;08/06/2016;2;Lisboa;5.000
000000232738;08/06/2016;2;Lisboa;2.000
000000018914;08/06/2016;2;Vila real;1.000
000009945472;08/06/2016;1;Vila real;2.000
000009819671;08/06/2016;1;Setúbal;0.500
000009501883;08/06/2016;1;Faro;3.000
000009030002;08/06/2016;1;Setúbal;1.000
000008768643;08/06/2016;1;Porto;2.000
000008595642;08/06/2016;1;Lisboa;0.500
000008452901;08/06/2016;1;Faro;5.000
000008437190;08/06/2016;1;Coimbra;5.000
000008047898;08/06/2016;1;Coimbra;3.000
000007869777;08/06/2016;1;Porto;1.000
000007531444;08/06/2016;1;Porto;3.000
000007484314;08/06/2016;1;Porto;2.000
000007300649;08/06/2016;1;Porto;1.000
000007234274;08/06/2016;1;Braga;1.000
000007025448;08/06/2016;1;Porto;2.000
000006527573;08/06/2016;1;Coimbra;3.000
000006474350;08/06/2016;1;Vila real;5.000
000006167900;08/06/2016;1;Lisboa;5.000
000006112116;08/06/2016;1;Porto;0.500
000005955033;08/06/2016;1;Setúbal;0.500
000005595450;08/06/2016;1;Coimbra;1.000
000005454962;08/06/2016;1;Porto;1.000
000004025210;08/06/2016;1;Coimbra;3.000
000003958595;08/06/2016;1;Coimbra;3.000
000003868152;08/06/2016;1;Coimbra;5.000
000003653739;08/06/2016;1;Coimbra;2.000
000002846759;08/06/2016;1;Braga;3.000
000002668733;08/06/2016;1;Coimbra;2.000
000002050193;08/06/2016;1;Lisboa;0.500
000001961126;08/06/2016;1;Porto;3.000
000001852119;08/06/2016;1;Lisboa;0.500
000001786178;08/06/2016;1;Braga;0.500
000001183490;08/06/2016;1;Braga;2.000
000001074771;08/06/2016;1;Lisboa;0.500
000000098443;08/06/2016;1;Braga;1.000
