000009209032;26/02/2019;14;Coimbra;0.500
000008148823;26/02/2019;14;Setúbal;5.000
000007745580;26/02/2019;14;Setúbal;2.000
000006686719;26/02/2019;14;Faro;1.000
000003939427;26/02/2019;14;Setúbal;3.000
000001910637;26/02/2019;14;Braga;3.000
000000549284;26/02/2019;14;Setúbal;2.000
000000165805;26/02/2019;14;Vila real;0.500
000009501714;26/02/2019;13;Vila real;1.000
000008241275;26/02/2019;13;Vila real;0.500
000007301726;26/02/2019;13;Faro;3.000
000006785374;26/02/2019;13;Porto;2.000
000006525737;26/02/2019;13;Coimbra;0.500
000006429438;26/02/2019;13;Faro;1.000
000005438286;26/02/2019;13;Porto;2.000
000004164378;26/02/2019;13;Lisboa;0.500
000003972549;26/02/2019;13;Coimbra;2.000
000003000764;26/02/2019;13;Vila real;1.000
000002907461;26/02/2019;13;Coimbra;1.000
000002641391;26/02/2019;13;Porto;1.000
000001889600;26/02/2019;13;Setúbal;0.500
000000916998;26/02/2019;13;Faro;3.000
000000439539;26/02/2019;13;Faro;0.500
000008856914;26/02/2019;12;Braga;1.000
000006254106;26/02/2019;12;Braga;5.000
000005957563;26/02/2019;12;Faro;0.500
000004095853;26/02/2019;12;Lisboa;3.000
000002997323;26/02/2019;12;Braga;1.000
000002839704;26/02/2019;12;Coimbra;5.000
000002075654;26/02/2019;12;Braga;5.000
000001075603;26/02/2019;12;Porto;5.000
000008394808;26/02/2019;11;Setúbal;0.500
000007766497;26/02/2019;11;Coimbra;2.000
000005659731;26/02/2019;11;Setúbal;3.000
000005540222;26/02/2019;11;Setúbal;5.000
000004259441;26/02/2019;11;Vila real;3.000
000003482512;26/02/2019;11;Coimbra;0.500
000003427005;26/02/2019;11;Setúbal;2.000
000001530741;26/02/2019;11;Lisboa;2.000
000000869590;26/02/2019;11;Vila real;2.000
000000714351;26/02/2019;11;Braga;2.000
000000576548;26/02/2019;11;Setúbal;0.500
000008332949;26/02/2019;10;Lisboa;2.000
000007480266;26/02/2019;10;Porto;0.500
000006620828;26/02/2019;10;Faro;2.000
000006202952;26/02/2019;10;Vila real;3.000
000005127487;26/02/2019;10;Lisboa;0.500
000002507597;26/02/2019;10;Coimbra;5.000
000000670499;26/02/2019;10;Setúbal;3.000
000000375460;26/02/2019;10;Lisboa;1.000
000000016933;26/02/2019;10;Porto;3.000
000007904812;26/02/2019;9;Vila real;3.000
000007701800;26/02/2019;9;Setúbal;3.000
000004969202;26/02/2019;9;Setúbal;0.500
000003009450;26/02/2019;9;Faro;2.000
000001390960;26/02/2019;9;Coimbra;3.000
000008907287;26/02/2019;8;Lisboa;3.000
000008546118;26/02/2019;8;Braga;1.000
000008519544;26/02/2019;8;Setúbal;3.000
000007429983;26/02/2019;8;Braga;0.500
000006845697;26/02/2019;8;Faro;1.000
000002155324;26/02/2019;8;Vila real;0.500
000002127989;26/02/2019;8;Lisboa;2.000
000001889102;26/02/2019;8;Coimbra;5.000
000001512892;26/02/2019;8;Coimbra;5.000
000000795875;26/02/2019;8;Lisboa;5.000
000009029049;26/02/2019;7;Coimbra;0.500
000007942872;26/02/2019;7;Faro;3.000
000007801575;26/02/2019;7;Setúbal;3.000
000007279994;26/02/2019;7;Braga;1.000
000007068205;26/02/2019;7;Vila real;3.000
000005237323;26/02/2019;7;Braga;3.000
000001078322;26/02/2019;7;Lisboa;5.000
000000566142;26/02/2019;7;Setúbal;3.000
000000205717;26/02/2019;7;Setúbal;5.000
000008015347;26/02/2019;6;Faro;0.500
000007592819;26/02/2019;6;Faro;2.000
000005372621;26/02/2019;6;Faro;1.000
000002692559;26/02/2019;6;Faro;0.500
000002580987;26/02/2019;6;Setúbal;0.500
000002083262;26/02/2019;6;Faro;3.000
000002002042;26/02/2019;6;Setúbal;5.000
000001218056;26/02/2019;6;Faro;2.000
000009351852;26/02/2019;5;Vila real;2.000
000007729345;26/02/2019;5;Faro;0.500
000007319636;26/02/2019;5;Porto;3.000
000005214594;26/02/2019;5;Coimbra;0.500
000004688746;26/02/2019;5;Setúbal;5.000
000004608111;26/02/2019;5;Lisboa;5.000
000003261253;26/02/2019;5;Lisboa;0.500
000001803271;26/02/2019;5;Setúbal;5.000
000000407308;26/02/2019;5;Coimbra;3.000
000009623995;26/02/2019;4;Faro;5.000
000005104120;26/02/2019;4;Lisboa;0.500
000004820994;26/02/2019;4;Setúbal;3.000
000004597815;26/02/2019;4;Lisboa;5.000
000003794842;26/02/2019;4;Coimbra;0.500
000002194631;26/02/2019;4;Setúbal;5.000
000001980869;26/02/2019;4;Setúbal;5.000
000001212565;26/02/2019;4;Coimbra;2.000
000000849521;26/02/2019;4;Vila real;5.000
000005755229;26/02/2019;3;Lisboa;1.000
000005308370;26/02/2019;3;Porto;5.000
000004826299;26/02/2019;3;Porto;5.000
000004104143;26/02/2019;3;Lisboa;2.000
000001258569;26/02/2019;3;Vila real;2.000
000000355762;26/02/2019;3;Lisboa;5.000
000008585873;26/02/2019;2;Lisboa;0.500
000006500020;26/02/2019;2;Braga;0.500
000005708711;26/02/2019;2;Lisboa;3.000
000005484707;26/02/2019;2;Coimbra;3.000
000003171088;26/02/2019;2;Porto;2.000
000002955451;26/02/2019;2;Coimbra;1.000
000002572886;26/02/2019;2;Lisboa;3.000
000002426973;26/02/2019;2;Coimbra;2.000
000002173558;26/02/2019;2;Lisboa;3.000
000001908812;26/02/2019;2;Braga;2.000
000000451390;26/02/2019;2;Faro;3.000
000009247388;26/02/2019;1;Vila real;5.000
000008730632;26/02/2019;1;Braga;0.500
000008369746;26/02/2019;1;Setúbal;2.000
000008307741;26/02/2019;1;Lisboa;1.000
000006788564;26/02/2019;1;Setúbal;5.000
000005407427;26/02/2019;1;Faro;2.000
000005394145;26/02/2019;1;Lisboa;0.500
000004214785;26/02/2019;1;Coimbra;5.000
000003242202;26/02/2019;1;Vila real;3.000
000003206311;26/02/2019;1;Porto;0.500
000002095607;26/02/2019;1;Coimbra;3.000
000001924994;26/02/2019;1;Faro;2.000
000000960570;26/02/2019;1;Porto;1.000
