000009778396;30/03/2016;14;Porto;3.000
000008492530;30/03/2016;14;Porto;0.500
000005604504;30/03/2016;14;Porto;5.000
000005532850;30/03/2016;14;Coimbra;5.000
000002114063;30/03/2016;14;Braga;5.000
000001674948;30/03/2016;14;Coimbra;2.000
000001078386;30/03/2016;14;Coimbra;0.500
000000623433;30/03/2016;14;Lisboa;3.000
000000070500;30/03/2016;14;Braga;2.000
000007234491;30/03/2016;13;Setúbal;2.000
000005750451;30/03/2016;13;Vila real;5.000
000002739435;30/03/2016;13;Setúbal;5.000
000008681301;30/03/2016;12;Porto;1.000
000002793363;30/03/2016;12;Braga;5.000
000001470814;30/03/2016;12;Coimbra;2.000
000009018944;30/03/2016;11;Faro;2.000
000008270630;30/03/2016;11;Vila real;5.000
000005606792;30/03/2016;11;Coimbra;1.000
000004446618;30/03/2016;11;Coimbra;2.000
000003865420;30/03/2016;11;Vila real;2.000
000001105319;30/03/2016;11;Braga;3.000
000009994209;30/03/2016;10;Faro;5.000
000005743459;30/03/2016;10;Braga;3.000
000004110875;30/03/2016;10;Braga;1.000
000002595075;30/03/2016;10;Coimbra;2.000
000001925340;30/03/2016;10;Lisboa;2.000
000001430331;30/03/2016;10;Braga;0.500
000000005918;30/03/2016;10;Setúbal;3.000
000009478074;30/03/2016;9;Setúbal;0.500
000009273044;30/03/2016;9;Porto;2.000
000008584816;30/03/2016;9;Vila real;5.000
000007787015;30/03/2016;9;Braga;2.000
000007397774;30/03/2016;9;Coimbra;5.000
000006597803;30/03/2016;9;Braga;3.000
000006184716;30/03/2016;9;Porto;1.000
000004948913;30/03/2016;9;Braga;5.000
000007458210;30/03/2016;8;Setúbal;5.000
000006836164;30/03/2016;8;Faro;0.500
000003459821;30/03/2016;8;Vila real;0.500
000000684113;30/03/2016;8;Setúbal;2.000
000000033141;30/03/2016;8;Braga;3.000
000008708912;30/03/2016;7;Vila real;0.500
000008010449;30/03/2016;7;Faro;2.000
000003650515;30/03/2016;7;Porto;3.000
000003240698;30/03/2016;7;Faro;3.000
000002329155;30/03/2016;7;Porto;1.000
000009351599;30/03/2016;6;Faro;0.500
000008170775;30/03/2016;6;Setúbal;0.500
000006117583;30/03/2016;6;Faro;3.000
000000286033;30/03/2016;6;Faro;3.000
000009753560;30/03/2016;5;Faro;0.500
000009082094;30/03/2016;5;Lisboa;5.000
000007976018;30/03/2016;5;Lisboa;5.000
000006390174;30/03/2016;5;Faro;1.000
000004010594;30/03/2016;5;Coimbra;0.500
000003513201;30/03/2016;5;Faro;2.000
000000318832;30/03/2016;5;Braga;0.500
000009602718;30/03/2016;4;Coimbra;3.000
000008835152;30/03/2016;4;Setúbal;0.500
000005315717;30/03/2016;4;Lisboa;0.500
000005129861;30/03/2016;4;Vila real;3.000
000004961363;30/03/2016;4;Coimbra;5.000
000002084414;30/03/2016;4;Setúbal;3.000
000008644059;30/03/2016;3;Faro;1.000
000006645182;30/03/2016;3;Porto;3.000
000004428736;30/03/2016;3;Faro;5.000
000002385905;30/03/2016;3;Lisboa;0.500
000009589450;30/03/2016;2;Setúbal;0.500
000003693664;30/03/2016;2;Lisboa;2.000
000001284699;30/03/2016;2;Setúbal;5.000
000000299830;30/03/2016;2;Coimbra;2.000
000008845892;30/03/2016;1;Setúbal;3.000
000005061875;30/03/2016;1;Lisboa;0.500
000004145986;30/03/2016;1;Vila real;3.000
000000798859;30/03/2016;1;Vila real;5.000
