000009798647;22/12/2012;14;Vila real;1.000
000009771960;22/12/2012;14;Coimbra;1.000
000009542981;22/12/2012;14;Porto;2.000
000009479535;22/12/2012;14;Braga;1.000
000008968776;22/12/2012;14;Porto;3.000
000008826418;22/12/2012;14;Faro;2.000
000008253509;22/12/2012;14;Braga;2.000
000008060391;22/12/2012;14;Lisboa;0.500
000007978296;22/12/2012;14;Coimbra;5.000
000007543621;22/12/2012;14;Lisboa;5.000
000007226091;22/12/2012;14;Coimbra;5.000
000007038335;22/12/2012;14;Braga;2.000
000006896838;22/12/2012;14;Faro;2.000
000006804504;22/12/2012;14;Vila real;2.000
000006685164;22/12/2012;14;Porto;0.500
000006683045;22/12/2012;14;Lisboa;2.000
000005627056;22/12/2012;14;Vila real;5.000
000005286895;22/12/2012;14;Faro;1.000
000005188471;22/12/2012;14;Faro;3.000
000005084127;22/12/2012;14;Braga;5.000
000004916228;22/12/2012;14;Porto;3.000
000004604213;22/12/2012;14;Coimbra;3.000
000004570554;22/12/2012;14;Porto;1.000
000004564159;22/12/2012;14;Braga;2.000
000004310536;22/12/2012;14;Porto;1.000
000004275737;22/12/2012;14;Coimbra;3.000
000004014063;22/12/2012;14;Braga;5.000
000003984297;22/12/2012;14;Vila real;2.000
000003396839;22/12/2012;14;Vila real;1.000
000003287180;22/12/2012;14;Vila real;2.000
000003119415;22/12/2012;14;Vila real;1.000
000003082261;22/12/2012;14;Lisboa;5.000
000002871550;22/12/2012;14;Vila real;5.000
000002833699;22/12/2012;14;Lisboa;5.000
000002558851;22/12/2012;14;Coimbra;5.000
000002551545;22/12/2012;14;Coimbra;3.000
000002522976;22/12/2012;14;Faro;1.000
000002401220;22/12/2012;14;Braga;0.500
000002216818;22/12/2012;14;Braga;0.500
000002031412;22/12/2012;14;Vila real;5.000
000002008407;22/12/2012;14;Setúbal;3.000
000001995851;22/12/2012;14;Setúbal;0.500
000001251483;22/12/2012;14;Porto;2.000
000001237057;22/12/2012;14;Setúbal;2.000
000001177092;22/12/2012;14;Braga;1.000
000001111415;22/12/2012;14;Porto;5.000
000001051781;22/12/2012;14;Faro;2.000
000001016631;22/12/2012;14;Porto;1.000
000000637886;22/12/2012;14;Setúbal;2.000
000000574714;22/12/2012;14;Coimbra;1.000
000000512007;22/12/2012;14;Vila real;3.000
000000203677;22/12/2012;14;Coimbra;5.000
000000054746;22/12/2012;14;Braga;2.000
000009990326;22/12/2012;13;Lisboa;1.000
000009596637;22/12/2012;13;Setúbal;0.500
000009491411;22/12/2012;13;Braga;2.000
000009418181;22/12/2012;13;Coimbra;2.000
000009406871;22/12/2012;13;Porto;1.000
000009371386;22/12/2012;13;Setúbal;3.000
000008947995;22/12/2012;13;Vila real;2.000
000008654845;22/12/2012;13;Vila real;1.000
000008351748;22/12/2012;13;Faro;1.000
000008340110;22/12/2012;13;Faro;5.000
000008199396;22/12/2012;13;Lisboa;1.000
000008120912;22/12/2012;13;Coimbra;5.000
000008091775;22/12/2012;13;Faro;0.500
000007794022;22/12/2012;13;Faro;2.000
000007644998;22/12/2012;13;Porto;3.000
000007404379;22/12/2012;13;Faro;0.500
000007126636;22/12/2012;13;Coimbra;3.000
000007048159;22/12/2012;13;Braga;3.000
000006809632;22/12/2012;13;Vila real;3.000
000006592952;22/12/2012;13;Setúbal;5.000
000006295646;22/12/2012;13;Vila real;1.000
000006248804;22/12/2012;13;Porto;3.000
000005663333;22/12/2012;13;Vila real;5.000
000005576253;22/12/2012;13;Setúbal;2.000
000004809751;22/12/2012;13;Porto;2.000
000004662937;22/12/2012;13;Vila real;0.500
000004538382;22/12/2012;13;Faro;1.000
000003762452;22/12/2012;13;Lisboa;1.000
000003535368;22/12/2012;13;Faro;5.000
000003134694;22/12/2012;13;Setúbal;2.000
000003117929;22/12/2012;13;Porto;3.000
000003100338;22/12/2012;13;Setúbal;0.500
000003056216;22/12/2012;13;Setúbal;0.500
000002568134;22/12/2012;13;Braga;0.500
000002337893;22/12/2012;13;Coimbra;2.000
000001619964;22/12/2012;13;Lisboa;5.000
000001613317;22/12/2012;13;Setúbal;5.000
000001516737;22/12/2012;13;Porto;0.500
000001410344;22/12/2012;13;Vila real;5.000
000001128647;22/12/2012;13;Faro;3.000
000001118042;22/12/2012;13;Faro;5.000
000001051266;22/12/2012;13;Porto;5.000
000000904454;22/12/2012;13;Lisboa;5.000
000000742633;22/12/2012;13;Faro;2.000
000000558352;22/12/2012;13;Braga;0.500
000000402507;22/12/2012;13;Braga;5.000
000000208387;22/12/2012;13;Faro;3.000
000009888409;22/12/2012;12;Coimbra;1.000
000009877643;22/12/2012;12;Vila real;5.000
000009698447;22/12/2012;12;Faro;3.000
000008918886;22/12/2012;12;Porto;3.000
000008888081;22/12/2012;12;Lisboa;0.500
000008634428;22/12/2012;12;Vila real;0.500
000008552921;22/12/2012;12;Vila real;0.500
000008384492;22/12/2012;12;Vila real;2.000
000008352952;22/12/2012;12;Porto;0.500
000007978099;22/12/2012;12;Setúbal;5.000
000007625774;22/12/2012;12;Faro;5.000
000007386566;22/12/2012;12;Porto;1.000
000006668700;22/12/2012;12;Setúbal;5.000
000006576073;22/12/2012;12;Lisboa;2.000
000006427418;22/12/2012;12;Setúbal;1.000
000006316524;22/12/2012;12;Vila real;0.500
000006195377;22/12/2012;12;Coimbra;2.000
000005901626;22/12/2012;12;Porto;2.000
000005606246;22/12/2012;12;Porto;0.500
000005456967;22/12/2012;12;Setúbal;1.000
000005152911;22/12/2012;12;Faro;2.000
000005029731;22/12/2012;12;Vila real;5.000
000004804675;22/12/2012;12;Setúbal;2.000
000004797107;22/12/2012;12;Porto;5.000
000004766288;22/12/2012;12;Faro;0.500
000004678385;22/12/2012;12;Porto;0.500
000004675011;22/12/2012;12;Coimbra;2.000
000004469150;22/12/2012;12;Lisboa;1.000
000004163530;22/12/2012;12;Porto;1.000
000003844931;22/12/2012;12;Lisboa;1.000
000003629725;22/12/2012;12;Coimbra;0.500
000003376274;22/12/2012;12;Porto;3.000
000003084304;22/12/2012;12;Vila real;0.500
000002994290;22/12/2012;12;Lisboa;1.000
000002705504;22/12/2012;12;Vila real;3.000
000002597715;22/12/2012;12;Porto;1.000
000002277637;22/12/2012;12;Coimbra;0.500
000001350389;22/12/2012;12;Setúbal;0.500
000001141773;22/12/2012;12;Coimbra;0.500
000000873088;22/12/2012;12;Setúbal;5.000
000000869915;22/12/2012;12;Porto;0.500
000000861120;22/12/2012;12;Braga;1.000
000000431767;22/12/2012;12;Faro;2.000
000009989159;22/12/2012;11;Setúbal;0.500
000009908068;22/12/2012;11;Braga;3.000
000009797753;22/12/2012;11;Vila real;1.000
000009620814;22/12/2012;11;Braga;2.000
000009517310;22/12/2012;11;Coimbra;5.000
000009459148;22/12/2012;11;Setúbal;1.000
000009024566;22/12/2012;11;Lisboa;1.000
000008737057;22/12/2012;11;Faro;2.000
000008691049;22/12/2012;11;Setúbal;3.000
000008447096;22/12/2012;11;Braga;2.000
000008440503;22/12/2012;11;Setúbal;5.000
000008248450;22/12/2012;11;Coimbra;3.000
000008209110;22/12/2012;11;Porto;1.000
000008200892;22/12/2012;11;Faro;5.000
000008123498;22/12/2012;11;Faro;3.000
000008095576;22/12/2012;11;Setúbal;0.500
000008044374;22/12/2012;11;Setúbal;2.000
000008039758;22/12/2012;11;Coimbra;1.000
000007922072;22/12/2012;11;Faro;1.000
000007632433;22/12/2012;11;Coimbra;1.000
000007443523;22/12/2012;11;Vila real;3.000
000007263363;22/12/2012;11;Braga;3.000
000007080107;22/12/2012;11;Faro;3.000
000007079733;22/12/2012;11;Lisboa;0.500
000007023127;22/12/2012;11;Coimbra;2.000
000006788559;22/12/2012;11;Braga;1.000
000006249285;22/12/2012;11;Setúbal;2.000
000006242985;22/12/2012;11;Porto;0.500
000006205204;22/12/2012;11;Vila real;3.000
000006128875;22/12/2012;11;Porto;5.000
000005830216;22/12/2012;11;Braga;1.000
000005816990;22/12/2012;11;Faro;1.000
000005490473;22/12/2012;11;Faro;1.000
000005146070;22/12/2012;11;Lisboa;2.000
000004661339;22/12/2012;11;Vila real;1.000
000004442811;22/12/2012;11;Lisboa;0.500
000004354645;22/12/2012;11;Braga;1.000
000004350067;22/12/2012;11;Lisboa;2.000
000004129629;22/12/2012;11;Lisboa;3.000
000003989550;22/12/2012;11;Setúbal;0.500
000003940081;22/12/2012;11;Setúbal;5.000
000003730316;22/12/2012;11;Vila real;3.000
000003595811;22/12/2012;11;Vila real;1.000
000003587919;22/12/2012;11;Vila real;1.000
000003514426;22/12/2012;11;Porto;5.000
000003260445;22/12/2012;11;Faro;5.000
000002994362;22/12/2012;11;Lisboa;5.000
000002947001;22/12/2012;11;Vila real;3.000
000002728698;22/12/2012;11;Porto;1.000
000002503448;22/12/2012;11;Vila real;2.000
000002424972;22/12/2012;11;Vila real;3.000
000002395713;22/12/2012;11;Faro;3.000
000001795561;22/12/2012;11;Coimbra;5.000
000001261096;22/12/2012;11;Porto;5.000
000001085544;22/12/2012;11;Vila real;5.000
000000579511;22/12/2012;11;Braga;1.000
000009753861;22/12/2012;10;Coimbra;3.000
000009471442;22/12/2012;10;Faro;5.000
000009348895;22/12/2012;10;Faro;5.000
000009067681;22/12/2012;10;Braga;2.000
000009039113;22/12/2012;10;Vila real;3.000
000008981352;22/12/2012;10;Lisboa;5.000
000008439897;22/12/2012;10;Coimbra;1.000
000008108088;22/12/2012;10;Coimbra;0.500
000007884703;22/12/2012;10;Setúbal;5.000
000007801512;22/12/2012;10;Setúbal;3.000
000007491984;22/12/2012;10;Braga;1.000
000007042812;22/12/2012;10;Setúbal;2.000
000006953501;22/12/2012;10;Vila real;3.000
000006818373;22/12/2012;10;Vila real;3.000
000006728411;22/12/2012;10;Vila real;5.000
000006672758;22/12/2012;10;Setúbal;3.000
000006653970;22/12/2012;10;Lisboa;0.500
000006598487;22/12/2012;10;Faro;2.000
000006518279;22/12/2012;10;Vila real;3.000
000006382468;22/12/2012;10;Porto;1.000
000006295343;22/12/2012;10;Coimbra;2.000
000005985808;22/12/2012;10;Vila real;1.000
000005791273;22/12/2012;10;Lisboa;1.000
000004832381;22/12/2012;10;Braga;0.500
000004693122;22/12/2012;10;Faro;2.000
000004627157;22/12/2012;10;Lisboa;5.000
000004320006;22/12/2012;10;Setúbal;3.000
000004155582;22/12/2012;10;Faro;2.000
000004055771;22/12/2012;10;Porto;0.500
000003724255;22/12/2012;10;Porto;2.000
000003655208;22/12/2012;10;Setúbal;1.000
000003412643;22/12/2012;10;Setúbal;1.000
000003232660;22/12/2012;10;Braga;3.000
000003147001;22/12/2012;10;Porto;5.000
000003090923;22/12/2012;10;Vila real;1.000
000002967865;22/12/2012;10;Faro;5.000
000002618778;22/12/2012;10;Vila real;3.000
000002543389;22/12/2012;10;Porto;2.000
000002445111;22/12/2012;10;Coimbra;2.000
000002404123;22/12/2012;10;Lisboa;3.000
000002090141;22/12/2012;10;Vila real;2.000
000002041307;22/12/2012;10;Faro;2.000
000001766817;22/12/2012;10;Braga;0.500
000000951075;22/12/2012;10;Coimbra;3.000
000000896090;22/12/2012;10;Faro;1.000
000000866525;22/12/2012;10;Braga;0.500
000000724580;22/12/2012;10;Setúbal;2.000
000000479418;22/12/2012;10;Braga;1.000
000000376320;22/12/2012;10;Braga;0.500
000000079145;22/12/2012;10;Faro;5.000
000009773173;22/12/2012;9;Porto;3.000
000009700097;22/12/2012;9;Faro;2.000
000008976487;22/12/2012;9;Coimbra;1.000
000008477142;22/12/2012;9;Coimbra;0.500
000008446922;22/12/2012;9;Braga;5.000
000008396809;22/12/2012;9;Coimbra;2.000
000008359048;22/12/2012;9;Braga;0.500
000008184054;22/12/2012;9;Vila real;2.000
000007054198;22/12/2012;9;Faro;5.000
000006923264;22/12/2012;9;Vila real;2.000
000006919703;22/12/2012;9;Setúbal;3.000
000006891913;22/12/2012;9;Coimbra;5.000
000006871231;22/12/2012;9;Setúbal;5.000
000006689042;22/12/2012;9;Braga;0.500
000006647184;22/12/2012;9;Faro;2.000
000006404117;22/12/2012;9;Braga;1.000
000005909712;22/12/2012;9;Vila real;2.000
000005847401;22/12/2012;9;Faro;0.500
000005735578;22/12/2012;9;Lisboa;1.000
000005445816;22/12/2012;9;Faro;3.000
000005407290;22/12/2012;9;Faro;2.000
000005398865;22/12/2012;9;Faro;1.000
000005231223;22/12/2012;9;Coimbra;5.000
000005212586;22/12/2012;9;Faro;2.000
000005114099;22/12/2012;9;Porto;1.000
000005112170;22/12/2012;9;Setúbal;5.000
000004937295;22/12/2012;9;Faro;5.000
000004767346;22/12/2012;9;Faro;2.000
000004273348;22/12/2012;9;Vila real;5.000
000003995756;22/12/2012;9;Porto;0.500
000003973403;22/12/2012;9;Braga;2.000
000003933920;22/12/2012;9;Coimbra;5.000
000003836902;22/12/2012;9;Vila real;1.000
000003696973;22/12/2012;9;Lisboa;0.500
000003667151;22/12/2012;9;Setúbal;1.000
000003493971;22/12/2012;9;Lisboa;5.000
000003473057;22/12/2012;9;Vila real;3.000
000003376309;22/12/2012;9;Lisboa;1.000
000002928800;22/12/2012;9;Braga;5.000
000002774489;22/12/2012;9;Vila real;3.000
000001818201;22/12/2012;9;Porto;3.000
000001653087;22/12/2012;9;Coimbra;1.000
000001292885;22/12/2012;9;Porto;0.500
000001265942;22/12/2012;9;Porto;3.000
000000918653;22/12/2012;9;Porto;5.000
000000766315;22/12/2012;9;Braga;1.000
000000594751;22/12/2012;9;Faro;1.000
000000504895;22/12/2012;9;Faro;0.500
000000067039;22/12/2012;9;Lisboa;1.000
000009500915;22/12/2012;8;Lisboa;5.000
000009384333;22/12/2012;8;Lisboa;0.500
000009358645;22/12/2012;8;Porto;3.000
000009234568;22/12/2012;8;Braga;0.500
000009181095;22/12/2012;8;Vila real;3.000
000008860146;22/12/2012;8;Porto;2.000
000008678092;22/12/2012;8;Braga;2.000
000008677462;22/12/2012;8;Faro;5.000
000008634385;22/12/2012;8;Coimbra;2.000
000008594734;22/12/2012;8;Faro;5.000
000008423279;22/12/2012;8;Lisboa;2.000
000008386851;22/12/2012;8;Faro;2.000
000008262523;22/12/2012;8;Porto;1.000
000008246393;22/12/2012;8;Faro;3.000
000008196669;22/12/2012;8;Vila real;2.000
000008149588;22/12/2012;8;Setúbal;3.000
000008141758;22/12/2012;8;Setúbal;0.500
000007982944;22/12/2012;8;Coimbra;5.000
000007863758;22/12/2012;8;Coimbra;5.000
000007716964;22/12/2012;8;Lisboa;2.000
000007495771;22/12/2012;8;Faro;2.000
000007417420;22/12/2012;8;Lisboa;5.000
000007328282;22/12/2012;8;Coimbra;3.000
000006995651;22/12/2012;8;Braga;3.000
000006888269;22/12/2012;8;Coimbra;1.000
000006423553;22/12/2012;8;Lisboa;0.500
000006229672;22/12/2012;8;Faro;3.000
000005757889;22/12/2012;8;Faro;1.000
000005577778;22/12/2012;8;Vila real;0.500
000005042218;22/12/2012;8;Braga;3.000
000004908635;22/12/2012;8;Porto;2.000
000004765879;22/12/2012;8;Coimbra;0.500
000004678792;22/12/2012;8;Vila real;2.000
000004658909;22/12/2012;8;Coimbra;5.000
000004564773;22/12/2012;8;Braga;5.000
000004454917;22/12/2012;8;Braga;5.000
000004271830;22/12/2012;8;Porto;3.000
000003982385;22/12/2012;8;Braga;2.000
000003517741;22/12/2012;8;Coimbra;1.000
000003462494;22/12/2012;8;Braga;1.000
000003412859;22/12/2012;8;Faro;2.000
000003150314;22/12/2012;8;Lisboa;1.000
000002914951;22/12/2012;8;Vila real;3.000
000002784799;22/12/2012;8;Braga;5.000
000002625818;22/12/2012;8;Vila real;3.000
000002408560;22/12/2012;8;Setúbal;0.500
000002402200;22/12/2012;8;Braga;5.000
000002006592;22/12/2012;8;Coimbra;1.000
000001856733;22/12/2012;8;Vila real;2.000
000001689360;22/12/2012;8;Braga;1.000
000001296201;22/12/2012;8;Lisboa;0.500
000001038591;22/12/2012;8;Vila real;5.000
000000665962;22/12/2012;8;Setúbal;3.000
000000502958;22/12/2012;8;Setúbal;3.000
000000411539;22/12/2012;8;Vila real;0.500
000000251754;22/12/2012;8;Porto;1.000
000000161890;22/12/2012;8;Porto;3.000
000009898913;22/12/2012;7;Vila real;2.000
000009500659;22/12/2012;7;Coimbra;1.000
000009449079;22/12/2012;7;Vila real;5.000
000008848988;22/12/2012;7;Braga;1.000
000008537626;22/12/2012;7;Braga;5.000
000008212536;22/12/2012;7;Porto;3.000
000008211919;22/12/2012;7;Coimbra;2.000
000008072572;22/12/2012;7;Coimbra;2.000
000007811609;22/12/2012;7;Porto;0.500
000007196723;22/12/2012;7;Lisboa;5.000
000006872594;22/12/2012;7;Lisboa;2.000
000006601692;22/12/2012;7;Setúbal;5.000
000006384610;22/12/2012;7;Porto;5.000
000005961285;22/12/2012;7;Vila real;5.000
000005888967;22/12/2012;7;Vila real;2.000
000005825582;22/12/2012;7;Lisboa;3.000
000005517570;22/12/2012;7;Coimbra;3.000
000005511292;22/12/2012;7;Setúbal;1.000
000005349412;22/12/2012;7;Coimbra;3.000
000005298937;22/12/2012;7;Porto;2.000
000005095449;22/12/2012;7;Setúbal;0.500
000004747196;22/12/2012;7;Faro;1.000
000003706395;22/12/2012;7;Setúbal;2.000
000003169424;22/12/2012;7;Coimbra;1.000
000002958411;22/12/2012;7;Coimbra;1.000
000002941178;22/12/2012;7;Faro;5.000
000002938374;22/12/2012;7;Lisboa;5.000
000002664725;22/12/2012;7;Braga;3.000
000001129233;22/12/2012;7;Faro;2.000
000000907666;22/12/2012;7;Faro;3.000
000000832350;22/12/2012;7;Coimbra;5.000
000000808667;22/12/2012;7;Braga;2.000
000000115816;22/12/2012;7;Porto;3.000
000009946036;22/12/2012;6;Setúbal;0.500
000009825222;22/12/2012;6;Coimbra;3.000
000009598917;22/12/2012;6;Lisboa;2.000
000009580979;22/12/2012;6;Braga;3.000
000009294326;22/12/2012;6;Vila real;0.500
000008831720;22/12/2012;6;Braga;5.000
000008825420;22/12/2012;6;Faro;3.000
000008775298;22/12/2012;6;Faro;3.000
000008706336;22/12/2012;6;Lisboa;2.000
000008644589;22/12/2012;6;Setúbal;0.500
000008099671;22/12/2012;6;Faro;5.000
000007738869;22/12/2012;6;Porto;2.000
000007637751;22/12/2012;6;Coimbra;3.000
000007458101;22/12/2012;6;Lisboa;3.000
000006889879;22/12/2012;6;Lisboa;0.500
000006817756;22/12/2012;6;Coimbra;0.500
000006794469;22/12/2012;6;Setúbal;3.000
000006728026;22/12/2012;6;Vila real;0.500
000006625978;22/12/2012;6;Braga;2.000
000006451014;22/12/2012;6;Coimbra;2.000
000006360814;22/12/2012;6;Vila real;1.000
000005561622;22/12/2012;6;Vila real;1.000
000005234508;22/12/2012;6;Lisboa;0.500
000005106932;22/12/2012;6;Coimbra;2.000
000005091839;22/12/2012;6;Coimbra;1.000
000004867193;22/12/2012;6;Porto;5.000
000004861070;22/12/2012;6;Lisboa;1.000
000004372761;22/12/2012;6;Porto;2.000
000004102187;22/12/2012;6;Coimbra;5.000
000004062259;22/12/2012;6;Braga;1.000
000003914261;22/12/2012;6;Setúbal;3.000
000003293796;22/12/2012;6;Setúbal;1.000
000003261461;22/12/2012;6;Coimbra;0.500
000003149656;22/12/2012;6;Coimbra;2.000
000003142086;22/12/2012;6;Vila real;3.000
000002872060;22/12/2012;6;Braga;2.000
000002742429;22/12/2012;6;Lisboa;5.000
000002720975;22/12/2012;6;Lisboa;3.000
000002712208;22/12/2012;6;Porto;2.000
000002681351;22/12/2012;6;Setúbal;3.000
000002431083;22/12/2012;6;Coimbra;3.000
000002185575;22/12/2012;6;Coimbra;2.000
000002074471;22/12/2012;6;Coimbra;1.000
000002016102;22/12/2012;6;Faro;3.000
000001951263;22/12/2012;6;Lisboa;3.000
000001908253;22/12/2012;6;Vila real;5.000
000001200911;22/12/2012;6;Braga;5.000
000000866249;22/12/2012;6;Lisboa;5.000
000000574191;22/12/2012;6;Coimbra;5.000
000000314147;22/12/2012;6;Faro;5.000
000000263500;22/12/2012;6;Braga;0.500
000009951382;22/12/2012;5;Vila real;0.500
000009679910;22/12/2012;5;Setúbal;3.000
000009591578;22/12/2012;5;Vila real;2.000
000009551742;22/12/2012;5;Lisboa;5.000
000009354863;22/12/2012;5;Lisboa;0.500
000009301727;22/12/2012;5;Setúbal;3.000
000009061887;22/12/2012;5;Coimbra;1.000
000008575183;22/12/2012;5;Braga;2.000
000008416560;22/12/2012;5;Porto;2.000
000008392539;22/12/2012;5;Braga;3.000
000007813507;22/12/2012;5;Lisboa;0.500
000007500773;22/12/2012;5;Vila real;3.000
000007427324;22/12/2012;5;Porto;0.500
000007229603;22/12/2012;5;Braga;3.000
000007161201;22/12/2012;5;Porto;1.000
000006981812;22/12/2012;5;Coimbra;3.000
000006924921;22/12/2012;5;Setúbal;0.500
000006698639;22/12/2012;5;Faro;3.000
000006632536;22/12/2012;5;Vila real;2.000
000006113368;22/12/2012;5;Setúbal;1.000
000006053111;22/12/2012;5;Setúbal;0.500
000005964672;22/12/2012;5;Porto;3.000
000005800844;22/12/2012;5;Vila real;2.000
000005459500;22/12/2012;5;Vila real;3.000
000005067585;22/12/2012;5;Lisboa;1.000
000004672314;22/12/2012;5;Vila real;0.500
000004239226;22/12/2012;5;Coimbra;3.000
000004227889;22/12/2012;5;Vila real;5.000
000003775543;22/12/2012;5;Braga;2.000
000003704769;22/12/2012;5;Coimbra;2.000
000003652050;22/12/2012;5;Porto;5.000
000003623649;22/12/2012;5;Braga;0.500
000003027275;22/12/2012;5;Braga;0.500
000002716094;22/12/2012;5;Braga;2.000
000002694396;22/12/2012;5;Faro;3.000
000002459260;22/12/2012;5;Braga;0.500
000002444667;22/12/2012;5;Braga;5.000
000002296466;22/12/2012;5;Coimbra;2.000
000002279000;22/12/2012;5;Vila real;0.500
000002190695;22/12/2012;5;Vila real;5.000
000001630140;22/12/2012;5;Lisboa;2.000
000001493985;22/12/2012;5;Setúbal;0.500
000001096367;22/12/2012;5;Lisboa;0.500
000000994480;22/12/2012;5;Coimbra;2.000
000000945728;22/12/2012;5;Vila real;1.000
000000557975;22/12/2012;5;Braga;3.000
000000328400;22/12/2012;5;Porto;1.000
000000227308;22/12/2012;5;Faro;2.000
000000119324;22/12/2012;5;Vila real;2.000
000000001965;22/12/2012;5;Faro;2.000
000009875323;22/12/2012;4;Coimbra;1.000
000009844082;22/12/2012;4;Vila real;5.000
000009817963;22/12/2012;4;Faro;2.000
000009720813;22/12/2012;4;Coimbra;5.000
000009627022;22/12/2012;4;Porto;2.000
000009447493;22/12/2012;4;Vila real;2.000
000009407314;22/12/2012;4;Coimbra;2.000
000009358980;22/12/2012;4;Porto;1.000
000009338240;22/12/2012;4;Vila real;0.500
000009129650;22/12/2012;4;Braga;5.000
000008328812;22/12/2012;4;Setúbal;0.500
000008242118;22/12/2012;4;Braga;3.000
000008053787;22/12/2012;4;Vila real;5.000
000007962154;22/12/2012;4;Lisboa;5.000
000007898232;22/12/2012;4;Vila real;0.500
000007784811;22/12/2012;4;Lisboa;2.000
000007399143;22/12/2012;4;Setúbal;5.000
000007185079;22/12/2012;4;Coimbra;0.500
000007111958;22/12/2012;4;Vila real;5.000
000006753035;22/12/2012;4;Vila real;0.500
000006317990;22/12/2012;4;Porto;0.500
000006310080;22/12/2012;4;Coimbra;2.000
000006307581;22/12/2012;4;Setúbal;2.000
000006131090;22/12/2012;4;Porto;1.000
000006100522;22/12/2012;4;Faro;0.500
000005912202;22/12/2012;4;Vila real;1.000
000005593755;22/12/2012;4;Setúbal;0.500
000005345974;22/12/2012;4;Porto;1.000
000005145154;22/12/2012;4;Setúbal;1.000
000004969964;22/12/2012;4;Faro;2.000
000004897807;22/12/2012;4;Setúbal;3.000
000004461593;22/12/2012;4;Porto;1.000
000004388950;22/12/2012;4;Lisboa;0.500
000004080380;22/12/2012;4;Setúbal;1.000
000003656102;22/12/2012;4;Faro;5.000
000003643685;22/12/2012;4;Setúbal;1.000
000003545147;22/12/2012;4;Lisboa;5.000
000003241147;22/12/2012;4;Faro;5.000
000002302234;22/12/2012;4;Setúbal;3.000
000002219071;22/12/2012;4;Braga;0.500
000002158564;22/12/2012;4;Coimbra;5.000
000002049578;22/12/2012;4;Porto;2.000
000001945789;22/12/2012;4;Faro;2.000
000001896676;22/12/2012;4;Braga;5.000
000001828569;22/12/2012;4;Setúbal;5.000
000001291176;22/12/2012;4;Vila real;1.000
000001281764;22/12/2012;4;Vila real;1.000
000001105797;22/12/2012;4;Setúbal;2.000
000001027375;22/12/2012;4;Porto;3.000
000000925608;22/12/2012;4;Setúbal;2.000
000000793822;22/12/2012;4;Setúbal;5.000
000000340004;22/12/2012;4;Coimbra;1.000
000000129435;22/12/2012;4;Porto;1.000
000009834614;22/12/2012;3;Lisboa;2.000
000009739077;22/12/2012;3;Coimbra;3.000
000009548688;22/12/2012;3;Setúbal;3.000
000009235189;22/12/2012;3;Vila real;0.500
000009052238;22/12/2012;3;Lisboa;0.500
000008295110;22/12/2012;3;Faro;0.500
000008164579;22/12/2012;3;Faro;3.000
000007977548;22/12/2012;3;Setúbal;5.000
000007858588;22/12/2012;3;Faro;3.000
000007597421;22/12/2012;3;Faro;0.500
000007319504;22/12/2012;3;Porto;1.000
000007141280;22/12/2012;3;Braga;3.000
000005737956;22/12/2012;3;Vila real;2.000
000005703419;22/12/2012;3;Faro;0.500
000005385088;22/12/2012;3;Braga;3.000
000005231288;22/12/2012;3;Lisboa;3.000
000005140208;22/12/2012;3;Coimbra;3.000
000004981784;22/12/2012;3;Setúbal;1.000
000004925863;22/12/2012;3;Faro;3.000
000004799282;22/12/2012;3;Braga;3.000
000004387581;22/12/2012;3;Coimbra;0.500
000004241603;22/12/2012;3;Vila real;3.000
000003935011;22/12/2012;3;Porto;5.000
000003762169;22/12/2012;3;Faro;3.000
000003563666;22/12/2012;3;Vila real;1.000
000003110612;22/12/2012;3;Setúbal;1.000
000002903963;22/12/2012;3;Braga;3.000
000002785078;22/12/2012;3;Faro;2.000
000002653605;22/12/2012;3;Vila real;0.500
000002494889;22/12/2012;3;Setúbal;1.000
000002356518;22/12/2012;3;Setúbal;0.500
000002249129;22/12/2012;3;Setúbal;3.000
000001978221;22/12/2012;3;Braga;3.000
000001681302;22/12/2012;3;Vila real;1.000
000000926310;22/12/2012;3;Coimbra;0.500
000000892352;22/12/2012;3;Setúbal;2.000
000000888431;22/12/2012;3;Faro;2.000
000000713357;22/12/2012;3;Porto;1.000
000000241456;22/12/2012;3;Lisboa;2.000
000000001512;22/12/2012;3;Braga;3.000
000009663708;22/12/2012;2;Vila real;2.000
000009647749;22/12/2012;2;Porto;2.000
000009325789;22/12/2012;2;Porto;0.500
000009316259;22/12/2012;2;Braga;1.000
000009228335;22/12/2012;2;Faro;0.500
000009034831;22/12/2012;2;Lisboa;2.000
000008785172;22/12/2012;2;Faro;5.000
000008538164;22/12/2012;2;Faro;5.000
000008364092;22/12/2012;2;Faro;3.000
000008258306;22/12/2012;2;Braga;2.000
000008238269;22/12/2012;2;Vila real;3.000
000008033954;22/12/2012;2;Coimbra;5.000
000007962893;22/12/2012;2;Porto;1.000
000007857960;22/12/2012;2;Setúbal;0.500
000007761893;22/12/2012;2;Faro;2.000
000007657858;22/12/2012;2;Porto;5.000
000007582678;22/12/2012;2;Braga;2.000
000007274556;22/12/2012;2;Braga;2.000
000007184917;22/12/2012;2;Lisboa;5.000
000006697759;22/12/2012;2;Lisboa;5.000
000006633158;22/12/2012;2;Lisboa;3.000
000006424977;22/12/2012;2;Setúbal;0.500
000006272854;22/12/2012;2;Vila real;3.000
000006256672;22/12/2012;2;Faro;3.000
000006073874;22/12/2012;2;Lisboa;1.000
000006000675;22/12/2012;2;Coimbra;0.500
000005929600;22/12/2012;2;Vila real;2.000
000005875752;22/12/2012;2;Lisboa;1.000
000005863664;22/12/2012;2;Faro;5.000
000005214626;22/12/2012;2;Braga;1.000
000005128146;22/12/2012;2;Braga;0.500
000004841066;22/12/2012;2;Coimbra;5.000
000004401751;22/12/2012;2;Coimbra;3.000
000004216284;22/12/2012;2;Coimbra;0.500
000003912323;22/12/2012;2;Setúbal;3.000
000003800135;22/12/2012;2;Coimbra;2.000
000003581276;22/12/2012;2;Lisboa;5.000
000003020892;22/12/2012;2;Lisboa;1.000
000002957037;22/12/2012;2;Lisboa;1.000
000002917913;22/12/2012;2;Coimbra;5.000
000002751300;22/12/2012;2;Lisboa;0.500
000002165104;22/12/2012;2;Lisboa;1.000
000001891503;22/12/2012;2;Braga;2.000
000001594419;22/12/2012;2;Vila real;3.000
000001593336;22/12/2012;2;Coimbra;1.000
000001511015;22/12/2012;2;Setúbal;0.500
000000787515;22/12/2012;2;Porto;3.000
000000735206;22/12/2012;2;Faro;5.000
000000450446;22/12/2012;2;Setúbal;2.000
000000312330;22/12/2012;2;Vila real;0.500
000000287837;22/12/2012;2;Porto;2.000
000009496544;22/12/2012;1;Setúbal;3.000
000008436627;22/12/2012;1;Faro;1.000
000008388267;22/12/2012;1;Vila real;1.000
000008192764;22/12/2012;1;Vila real;0.500
000008100617;22/12/2012;1;Lisboa;0.500
000008064584;22/12/2012;1;Porto;5.000
000008046941;22/12/2012;1;Porto;1.000
000007939969;22/12/2012;1;Faro;3.000
000007841291;22/12/2012;1;Setúbal;3.000
000007831490;22/12/2012;1;Lisboa;1.000
000007688085;22/12/2012;1;Lisboa;2.000
000007639353;22/12/2012;1;Vila real;3.000
000007506165;22/12/2012;1;Vila real;0.500
000007212155;22/12/2012;1;Braga;1.000
000007159920;22/12/2012;1;Braga;1.000
000006781876;22/12/2012;1;Braga;3.000
000006660052;22/12/2012;1;Setúbal;1.000
000006502093;22/12/2012;1;Vila real;5.000
000005912882;22/12/2012;1;Porto;0.500
000005873091;22/12/2012;1;Coimbra;1.000
000005425001;22/12/2012;1;Coimbra;2.000
000005394526;22/12/2012;1;Coimbra;1.000
000005320501;22/12/2012;1;Porto;0.500
000005175302;22/12/2012;1;Vila real;1.000
000004909324;22/12/2012;1;Setúbal;1.000
000004719053;22/12/2012;1;Setúbal;2.000
000004698813;22/12/2012;1;Braga;0.500
000004598665;22/12/2012;1;Coimbra;0.500
000004507475;22/12/2012;1;Lisboa;2.000
000004330433;22/12/2012;1;Vila real;5.000
000004271368;22/12/2012;1;Setúbal;2.000
000004246818;22/12/2012;1;Braga;0.500
000004107236;22/12/2012;1;Braga;5.000
000004099214;22/12/2012;1;Porto;0.500
000003823036;22/12/2012;1;Porto;0.500
000003795332;22/12/2012;1;Coimbra;0.500
000003519904;22/12/2012;1;Braga;0.500
000003210480;22/12/2012;1;Vila real;5.000
000003201759;22/12/2012;1;Porto;5.000
000003001355;22/12/2012;1;Vila real;3.000
000002591249;22/12/2012;1;Vila real;3.000
000002019357;22/12/2012;1;Coimbra;3.000
000002001573;22/12/2012;1;Faro;2.000
000001853057;22/12/2012;1;Porto;0.500
000001329352;22/12/2012;1;Vila real;0.500
000001245199;22/12/2012;1;Faro;1.000
000001240027;22/12/2012;1;Lisboa;3.000
000001101126;22/12/2012;1;Porto;3.000
000000818993;22/12/2012;1;Porto;1.000
000000640447;22/12/2012;1;Setúbal;2.000
000000561087;22/12/2012;1;Braga;2.000
000000518019;22/12/2012;1;Porto;0.500
000000279615;22/12/2012;1;Faro;2.000
000000038105;22/12/2012;1;Porto;3.000
