000000059781;Alícia Macedo;5.000
000000091841;Lúcia Assunção;4.875
000000072006;Petra Almeida;4.750
000000091959;Carolina Morais;4.667
000000074552;Leonor Mendes-Freitas;4.615
000000086315;Gil Mota;4.600
000000049713;Diana Baptista-Matias;4.600
000000048543;Mia Neves;4.600
000000030540;Samuel Neves;4.600
000000083340;Tiago Nogueira;4.571
000000043521;Vera Borges;4.571
000000005459;Ema Paiva;4.571
000000069668;Rafaela Alves;4.556
000000044713;Edgar Amorim;4.556
000000092185;Renato Ramos;4.500
000000087008;Kelly-Íris Martins;4.500
000000068395;Erika Vaz;4.500
000000067364;Cristiano Jesus;4.500
000000061756;Valentina Cruz;4.500
