000003994586;23/03/2011;12;Faro;3.000
000001334752;23/03/2011;1;Porto;0.500
