Gabriel Almeida-Gon√ßalves;M;63;3.070;100;973.580
