000004459230;13/01/2015;9;Set√∫bal;2.000
000007836851;13/01/2015;6;Coimbra;5.000
000000871972;13/01/2015;4;Braga;5.000
000004563530;13/01/2015;1;Coimbra;0.500
