000006618044;15/07/2011;14;Faro;3.000
000002510896;15/07/2011;14;Faro;2.000
000009830579;15/07/2011;13;Faro;5.000
000009809874;15/07/2011;13;Braga;1.000
000001724610;15/07/2011;13;Porto;3.000
000002718172;15/07/2011;12;Coimbra;0.500
000003555148;15/07/2011;10;Faro;3.000
000001838657;15/07/2011;10;Vila real;5.000
000006531722;15/07/2011;9;Porto;1.000
000004783174;15/07/2011;9;Faro;2.000
000001931469;15/07/2011;9;Setúbal;1.000
000008803106;15/07/2011;8;Coimbra;0.500
000004272277;15/07/2011;8;Lisboa;3.000
000003000695;15/07/2011;8;Braga;5.000
000000939787;15/07/2011;8;Coimbra;2.000
000000348175;15/07/2011;8;Braga;2.000
000009779422;15/07/2011;7;Vila real;2.000
000006550982;15/07/2011;7;Vila real;1.000
000006395316;15/07/2011;7;Braga;3.000
000008938826;15/07/2011;6;Braga;3.000
000006733787;15/07/2011;6;Vila real;5.000
000002879813;15/07/2011;6;Vila real;1.000
000000295004;15/07/2011;6;Setúbal;2.000
000008319379;15/07/2011;5;Porto;0.500
000004773878;15/07/2011;5;Coimbra;3.000
000002784175;15/07/2011;5;Braga;3.000
000004066089;15/07/2011;4;Lisboa;1.000
000003777059;15/07/2011;4;Porto;2.000
000001441897;15/07/2011;4;Porto;5.000
000000322751;15/07/2011;4;Porto;3.000
000008967362;15/07/2011;3;Lisboa;0.500
000007433014;15/07/2011;3;Vila real;1.000
000009288202;15/07/2011;2;Lisboa;2.000
000008874668;15/07/2011;2;Coimbra;1.000
000001935896;15/07/2011;2;Coimbra;3.000
000001150931;15/07/2011;2;Setúbal;2.000
000000270957;15/07/2011;2;Faro;5.000
000006575042;15/07/2011;1;Faro;0.500
000002989706;15/07/2011;1;Coimbra;5.000
