000009717617;02/06/2017;14;Braga;0.500
000009652798;02/06/2017;14;Faro;0.500
000009296511;02/06/2017;14;Faro;2.000
000009262044;02/06/2017;14;Porto;5.000
000009094061;02/06/2017;14;Braga;3.000
000009056494;02/06/2017;14;Lisboa;3.000
000008682622;02/06/2017;14;Lisboa;1.000
000008658214;02/06/2017;14;Coimbra;3.000
000008587654;02/06/2017;14;Porto;1.000
000008584364;02/06/2017;14;Faro;3.000
000008497862;02/06/2017;14;Porto;2.000
000007796793;02/06/2017;14;Porto;1.000
000007760842;02/06/2017;14;Lisboa;5.000
000007227351;02/06/2017;14;Coimbra;1.000
000006885805;02/06/2017;14;Braga;0.500
000006691422;02/06/2017;14;Coimbra;2.000
000006666914;02/06/2017;14;Coimbra;3.000
000006568611;02/06/2017;14;Faro;2.000
000006406296;02/06/2017;14;Vila real;1.000
000006282502;02/06/2017;14;Braga;1.000
000006198034;02/06/2017;14;Braga;0.500
000005512843;02/06/2017;14;Porto;3.000
000005276425;02/06/2017;14;Vila real;0.500
000005268689;02/06/2017;14;Setúbal;1.000
000004986032;02/06/2017;14;Faro;0.500
000004937049;02/06/2017;14;Faro;2.000
000004695228;02/06/2017;14;Setúbal;1.000
000004195749;02/06/2017;14;Coimbra;2.000
000003831742;02/06/2017;14;Braga;3.000
000003484361;02/06/2017;14;Coimbra;0.500
000003314747;02/06/2017;14;Faro;1.000
000003070166;02/06/2017;14;Faro;3.000
000002348537;02/06/2017;14;Coimbra;2.000
000002319842;02/06/2017;14;Porto;0.500
000002297234;02/06/2017;14;Faro;5.000
000002022435;02/06/2017;14;Braga;5.000
000001901668;02/06/2017;14;Porto;5.000
000001866093;02/06/2017;14;Lisboa;5.000
000001810106;02/06/2017;14;Setúbal;1.000
000001710093;02/06/2017;14;Faro;1.000
000001608951;02/06/2017;14;Coimbra;0.500
000001604481;02/06/2017;14;Porto;3.000
000001397772;02/06/2017;14;Faro;0.500
000001191794;02/06/2017;14;Porto;5.000
000001102373;02/06/2017;14;Porto;5.000
000000562169;02/06/2017;14;Coimbra;1.000
000009884828;02/06/2017;13;Braga;3.000
000009220428;02/06/2017;13;Faro;1.000
000009023759;02/06/2017;13;Porto;5.000
000007797488;02/06/2017;13;Lisboa;1.000
000007760527;02/06/2017;13;Setúbal;0.500
000007635009;02/06/2017;13;Setúbal;2.000
000007540251;02/06/2017;13;Lisboa;3.000
000007289692;02/06/2017;13;Coimbra;0.500
000007258905;02/06/2017;13;Setúbal;5.000
000007247512;02/06/2017;13;Porto;1.000
000007148756;02/06/2017;13;Porto;2.000
000006906614;02/06/2017;13;Lisboa;3.000
000006622032;02/06/2017;13;Coimbra;5.000
000006582428;02/06/2017;13;Coimbra;1.000
000006471544;02/06/2017;13;Braga;2.000
000006240670;02/06/2017;13;Setúbal;3.000
000005967962;02/06/2017;13;Vila real;0.500
000005912292;02/06/2017;13;Faro;0.500
000005795220;02/06/2017;13;Setúbal;1.000
000005785718;02/06/2017;13;Vila real;2.000
000005583311;02/06/2017;13;Setúbal;0.500
000005540892;02/06/2017;13;Coimbra;5.000
000005503402;02/06/2017;13;Braga;1.000
000005436823;02/06/2017;13;Braga;5.000
000005368624;02/06/2017;13;Vila real;2.000
000005266722;02/06/2017;13;Coimbra;5.000
000005200476;02/06/2017;13;Faro;3.000
000005153710;02/06/2017;13;Faro;1.000
000005123932;02/06/2017;13;Braga;3.000
000004619004;02/06/2017;13;Porto;2.000
000004207021;02/06/2017;13;Coimbra;0.500
000003880320;02/06/2017;13;Faro;2.000
000003854831;02/06/2017;13;Braga;5.000
000003711600;02/06/2017;13;Lisboa;3.000
000003439248;02/06/2017;13;Braga;1.000
000003340827;02/06/2017;13;Setúbal;5.000
000003332195;02/06/2017;13;Porto;2.000
000002704991;02/06/2017;13;Porto;2.000
000002620171;02/06/2017;13;Lisboa;0.500
000002536431;02/06/2017;13;Setúbal;0.500
000002243766;02/06/2017;13;Lisboa;0.500
000002139953;02/06/2017;13;Faro;1.000
000002064753;02/06/2017;13;Braga;1.000
000001896224;02/06/2017;13;Braga;5.000
000001579610;02/06/2017;13;Braga;1.000
000001547925;02/06/2017;13;Coimbra;5.000
000001514530;02/06/2017;13;Faro;5.000
000001383714;02/06/2017;13;Braga;5.000
000001293488;02/06/2017;13;Setúbal;0.500
000001213477;02/06/2017;13;Coimbra;0.500
000000894125;02/06/2017;13;Vila real;3.000
000000743321;02/06/2017;13;Vila real;3.000
000000330507;02/06/2017;13;Vila real;3.000
000009500187;02/06/2017;12;Setúbal;1.000
000009051077;02/06/2017;12;Coimbra;0.500
000009036156;02/06/2017;12;Coimbra;2.000
000008805268;02/06/2017;12;Braga;0.500
000008563121;02/06/2017;12;Faro;0.500
000008559892;02/06/2017;12;Setúbal;2.000
000008334022;02/06/2017;12;Lisboa;1.000
000008265772;02/06/2017;12;Braga;3.000
000008123395;02/06/2017;12;Lisboa;3.000
000007680216;02/06/2017;12;Porto;2.000
000007664177;02/06/2017;12;Faro;1.000
000007636119;02/06/2017;12;Coimbra;1.000
000007425569;02/06/2017;12;Vila real;3.000
000007336529;02/06/2017;12;Porto;2.000
000006924865;02/06/2017;12;Braga;1.000
000006800385;02/06/2017;12;Lisboa;3.000
000006788808;02/06/2017;12;Lisboa;5.000
000006761073;02/06/2017;12;Vila real;5.000
000006598907;02/06/2017;12;Setúbal;2.000
000006377196;02/06/2017;12;Faro;3.000
000006107899;02/06/2017;12;Lisboa;5.000
000005552477;02/06/2017;12;Lisboa;2.000
000004872493;02/06/2017;12;Faro;3.000
000004375776;02/06/2017;12;Setúbal;3.000
000004357204;02/06/2017;12;Porto;5.000
000004014661;02/06/2017;12;Vila real;0.500
000003876192;02/06/2017;12;Vila real;5.000
000003706122;02/06/2017;12;Coimbra;3.000
000003688007;02/06/2017;12;Coimbra;5.000
000003202028;02/06/2017;12;Coimbra;3.000
000002967494;02/06/2017;12;Vila real;3.000
000002834129;02/06/2017;12;Faro;0.500
000002651343;02/06/2017;12;Setúbal;5.000
000002593374;02/06/2017;12;Coimbra;5.000
000002391387;02/06/2017;12;Lisboa;1.000
000002275469;02/06/2017;12;Coimbra;0.500
000001735294;02/06/2017;12;Setúbal;0.500
000001227922;02/06/2017;12;Vila real;5.000
000000906841;02/06/2017;12;Coimbra;5.000
000000824997;02/06/2017;12;Lisboa;0.500
000000806944;02/06/2017;12;Lisboa;3.000
000000735612;02/06/2017;12;Braga;2.000
000000534102;02/06/2017;12;Setúbal;5.000
000000448101;02/06/2017;12;Setúbal;1.000
000000281674;02/06/2017;12;Faro;3.000
000009764376;02/06/2017;11;Braga;1.000
000009322372;02/06/2017;11;Braga;3.000
000008892283;02/06/2017;11;Braga;0.500
000008672498;02/06/2017;11;Setúbal;0.500
000008627848;02/06/2017;11;Setúbal;2.000
000008627442;02/06/2017;11;Lisboa;3.000
000007867896;02/06/2017;11;Porto;1.000
000007486490;02/06/2017;11;Braga;5.000
000006678492;02/06/2017;11;Lisboa;1.000
000006517532;02/06/2017;11;Lisboa;0.500
000006325412;02/06/2017;11;Setúbal;1.000
000005983078;02/06/2017;11;Braga;1.000
000005855943;02/06/2017;11;Lisboa;0.500
000005824597;02/06/2017;11;Coimbra;3.000
000005414480;02/06/2017;11;Lisboa;2.000
000005064077;02/06/2017;11;Setúbal;5.000
000005015942;02/06/2017;11;Braga;5.000
000004990800;02/06/2017;11;Lisboa;2.000
000004662834;02/06/2017;11;Porto;1.000
000004580341;02/06/2017;11;Lisboa;3.000
000003260733;02/06/2017;11;Setúbal;0.500
000003121286;02/06/2017;11;Coimbra;1.000
000002879827;02/06/2017;11;Vila real;0.500
000002449435;02/06/2017;11;Lisboa;5.000
000002208278;02/06/2017;11;Coimbra;5.000
000002187722;02/06/2017;11;Faro;0.500
000001985529;02/06/2017;11;Braga;2.000
000001960300;02/06/2017;11;Vila real;5.000
000001328612;02/06/2017;11;Lisboa;2.000
000001080702;02/06/2017;11;Lisboa;5.000
000000545487;02/06/2017;11;Faro;2.000
000000478559;02/06/2017;11;Faro;2.000
000000258720;02/06/2017;11;Setúbal;3.000
000000001142;02/06/2017;11;Porto;3.000
000009868614;02/06/2017;10;Vila real;3.000
000009852206;02/06/2017;10;Faro;0.500
000009588090;02/06/2017;10;Porto;1.000
000008847150;02/06/2017;10;Faro;1.000
000008579032;02/06/2017;10;Lisboa;1.000
000007712082;02/06/2017;10;Braga;5.000
000007640816;02/06/2017;10;Faro;1.000
000007626665;02/06/2017;10;Lisboa;0.500
000007474287;02/06/2017;10;Vila real;0.500
000007454489;02/06/2017;10;Vila real;1.000
000007179006;02/06/2017;10;Setúbal;5.000
000007081747;02/06/2017;10;Coimbra;3.000
000006434893;02/06/2017;10;Coimbra;3.000
000006302258;02/06/2017;10;Porto;5.000
000006195929;02/06/2017;10;Setúbal;0.500
000006186226;02/06/2017;10;Faro;3.000
000005911946;02/06/2017;10;Braga;3.000
000005884287;02/06/2017;10;Porto;2.000
000005778884;02/06/2017;10;Setúbal;5.000
000005632851;02/06/2017;10;Setúbal;0.500
000005102778;02/06/2017;10;Faro;1.000
000005058763;02/06/2017;10;Porto;3.000
000004341394;02/06/2017;10;Coimbra;0.500
000003857140;02/06/2017;10;Braga;2.000
000003848901;02/06/2017;10;Porto;0.500
000003669087;02/06/2017;10;Faro;0.500
000003458103;02/06/2017;10;Braga;1.000
000003068497;02/06/2017;10;Lisboa;0.500
000003018142;02/06/2017;10;Porto;3.000
000002944417;02/06/2017;10;Setúbal;0.500
000002677511;02/06/2017;10;Lisboa;5.000
000002314339;02/06/2017;10;Setúbal;5.000
000002026126;02/06/2017;10;Braga;3.000
000001302006;02/06/2017;10;Coimbra;3.000
000001062041;02/06/2017;10;Porto;3.000
000000437110;02/06/2017;10;Vila real;1.000
000000436383;02/06/2017;10;Coimbra;5.000
000000386485;02/06/2017;10;Braga;3.000
000000291999;02/06/2017;10;Setúbal;0.500
000009984156;02/06/2017;9;Faro;3.000
000009743055;02/06/2017;9;Faro;5.000
000009573720;02/06/2017;9;Coimbra;2.000
000009330967;02/06/2017;9;Setúbal;3.000
000009229411;02/06/2017;9;Setúbal;2.000
000009082663;02/06/2017;9;Coimbra;2.000
000009010667;02/06/2017;9;Lisboa;5.000
000008893622;02/06/2017;9;Braga;0.500
000008838479;02/06/2017;9;Faro;5.000
000008762008;02/06/2017;9;Braga;5.000
000008425966;02/06/2017;9;Lisboa;1.000
000008151278;02/06/2017;9;Coimbra;0.500
000007976002;02/06/2017;9;Setúbal;3.000
000007554001;02/06/2017;9;Setúbal;1.000
000007477343;02/06/2017;9;Porto;0.500
000007363907;02/06/2017;9;Braga;5.000
000007280695;02/06/2017;9;Coimbra;0.500
000006911994;02/06/2017;9;Faro;5.000
000006885745;02/06/2017;9;Porto;0.500
000006816200;02/06/2017;9;Coimbra;2.000
000006634883;02/06/2017;9;Porto;3.000
000006552536;02/06/2017;9;Setúbal;2.000
000006404149;02/06/2017;9;Faro;5.000
000005845889;02/06/2017;9;Vila real;2.000
000005605643;02/06/2017;9;Porto;1.000
000005402811;02/06/2017;9;Lisboa;5.000
000005390751;02/06/2017;9;Braga;3.000
000004763603;02/06/2017;9;Lisboa;2.000
000004679534;02/06/2017;9;Setúbal;3.000
000004573804;02/06/2017;9;Setúbal;5.000
000004048664;02/06/2017;9;Braga;0.500
000003894857;02/06/2017;9;Setúbal;2.000
000003601980;02/06/2017;9;Braga;0.500
000003302570;02/06/2017;9;Braga;0.500
000003238000;02/06/2017;9;Braga;3.000
000003209977;02/06/2017;9;Faro;1.000
000003121078;02/06/2017;9;Coimbra;3.000
000002447948;02/06/2017;9;Faro;3.000
000002153020;02/06/2017;9;Coimbra;3.000
000001862686;02/06/2017;9;Vila real;1.000
000001700327;02/06/2017;9;Faro;2.000
000001611168;02/06/2017;9;Vila real;1.000
000001358210;02/06/2017;9;Braga;0.500
000001237872;02/06/2017;9;Vila real;2.000
000001198826;02/06/2017;9;Coimbra;3.000
000001150248;02/06/2017;9;Coimbra;3.000
000001000025;02/06/2017;9;Braga;1.000
000000473405;02/06/2017;9;Faro;0.500
000000439999;02/06/2017;9;Lisboa;2.000
000009488949;02/06/2017;8;Setúbal;0.500
000009158933;02/06/2017;8;Vila real;1.000
000008555673;02/06/2017;8;Setúbal;2.000
000008255282;02/06/2017;8;Vila real;1.000
000008051729;02/06/2017;8;Lisboa;3.000
000007944350;02/06/2017;8;Coimbra;1.000
000007449077;02/06/2017;8;Porto;0.500
000007286085;02/06/2017;8;Lisboa;2.000
000006801484;02/06/2017;8;Lisboa;1.000
000006650706;02/06/2017;8;Lisboa;0.500
000006377184;02/06/2017;8;Faro;1.000
000006339575;02/06/2017;8;Lisboa;5.000
000006003884;02/06/2017;8;Braga;0.500
000005870620;02/06/2017;8;Braga;1.000
000005807681;02/06/2017;8;Coimbra;0.500
000005438390;02/06/2017;8;Faro;5.000
000005062478;02/06/2017;8;Vila real;0.500
000004964086;02/06/2017;8;Vila real;1.000
000004713265;02/06/2017;8;Braga;2.000
000004534822;02/06/2017;8;Braga;0.500
000004520993;02/06/2017;8;Porto;3.000
000003904183;02/06/2017;8;Coimbra;1.000
000003467144;02/06/2017;8;Porto;2.000
000003309368;02/06/2017;8;Coimbra;5.000
000003250227;02/06/2017;8;Vila real;1.000
000003194044;02/06/2017;8;Coimbra;5.000
000003130987;02/06/2017;8;Porto;2.000
000002959411;02/06/2017;8;Vila real;5.000
000002552041;02/06/2017;8;Braga;2.000
000002551079;02/06/2017;8;Faro;2.000
000002503918;02/06/2017;8;Coimbra;5.000
000002120527;02/06/2017;8;Faro;0.500
000001935471;02/06/2017;8;Coimbra;1.000
000001883669;02/06/2017;8;Vila real;0.500
000001872500;02/06/2017;8;Vila real;1.000
000001295989;02/06/2017;8;Faro;0.500
000001120570;02/06/2017;8;Faro;5.000
000001094722;02/06/2017;8;Vila real;5.000
000001001911;02/06/2017;8;Porto;0.500
000000761775;02/06/2017;8;Lisboa;2.000
000000727820;02/06/2017;8;Braga;5.000
000000660200;02/06/2017;8;Braga;3.000
000000513833;02/06/2017;8;Braga;5.000
000000010722;02/06/2017;8;Coimbra;0.500
000009823946;02/06/2017;7;Porto;2.000
000009822616;02/06/2017;7;Faro;2.000
000009699427;02/06/2017;7;Coimbra;3.000
000009400341;02/06/2017;7;Porto;2.000
000009352559;02/06/2017;7;Lisboa;1.000
000009223527;02/06/2017;7;Setúbal;3.000
000009017249;02/06/2017;7;Lisboa;3.000
000008557768;02/06/2017;7;Setúbal;0.500
000008286794;02/06/2017;7;Setúbal;2.000
000007812997;02/06/2017;7;Faro;2.000
000007733777;02/06/2017;7;Braga;5.000
000007684140;02/06/2017;7;Braga;2.000
000006547891;02/06/2017;7;Faro;5.000
000006372852;02/06/2017;7;Faro;3.000
000006213005;02/06/2017;7;Vila real;5.000
000005922872;02/06/2017;7;Lisboa;3.000
000005898511;02/06/2017;7;Vila real;5.000
000005689728;02/06/2017;7;Setúbal;2.000
000005603801;02/06/2017;7;Faro;1.000
000005473166;02/06/2017;7;Coimbra;3.000
000005061206;02/06/2017;7;Porto;5.000
000004956258;02/06/2017;7;Braga;1.000
000004923782;02/06/2017;7;Lisboa;5.000
000004782592;02/06/2017;7;Vila real;2.000
000003893783;02/06/2017;7;Vila real;3.000
000003829463;02/06/2017;7;Lisboa;3.000
000003812956;02/06/2017;7;Coimbra;5.000
000003764956;02/06/2017;7;Setúbal;0.500
000003483620;02/06/2017;7;Porto;2.000
000003442319;02/06/2017;7;Lisboa;3.000
000003436334;02/06/2017;7;Vila real;2.000
000003140590;02/06/2017;7;Faro;1.000
000002623954;02/06/2017;7;Faro;2.000
000002147473;02/06/2017;7;Coimbra;3.000
000002085062;02/06/2017;7;Porto;0.500
000002001042;02/06/2017;7;Faro;2.000
000001707841;02/06/2017;7;Vila real;5.000
000001524368;02/06/2017;7;Setúbal;3.000
000001450666;02/06/2017;7;Porto;5.000
000001407540;02/06/2017;7;Coimbra;0.500
000001289458;02/06/2017;7;Coimbra;3.000
000001022521;02/06/2017;7;Lisboa;1.000
000001011971;02/06/2017;7;Porto;2.000
000000996564;02/06/2017;7;Braga;0.500
000000961575;02/06/2017;7;Braga;5.000
000000930040;02/06/2017;7;Lisboa;3.000
000000607300;02/06/2017;7;Faro;5.000
000000070456;02/06/2017;7;Vila real;1.000
000009892888;02/06/2017;6;Porto;0.500
000009830380;02/06/2017;6;Faro;5.000
000009738780;02/06/2017;6;Braga;1.000
000009483655;02/06/2017;6;Vila real;3.000
000008951108;02/06/2017;6;Vila real;1.000
000008689753;02/06/2017;6;Coimbra;0.500
000008606584;02/06/2017;6;Porto;0.500
000008474297;02/06/2017;6;Porto;5.000
000008382815;02/06/2017;6;Lisboa;0.500
000008316688;02/06/2017;6;Porto;0.500
000008301097;02/06/2017;6;Lisboa;0.500
000008273567;02/06/2017;6;Braga;5.000
000008142796;02/06/2017;6;Porto;0.500
000007748024;02/06/2017;6;Vila real;1.000
000007703523;02/06/2017;6;Vila real;5.000
000007612842;02/06/2017;6;Vila real;5.000
000007223385;02/06/2017;6;Braga;1.000
000006751709;02/06/2017;6;Vila real;0.500
000006693215;02/06/2017;6;Faro;3.000
000006294755;02/06/2017;6;Porto;1.000
000006166197;02/06/2017;6;Lisboa;0.500
000006114539;02/06/2017;6;Braga;5.000
000006056769;02/06/2017;6;Faro;0.500
000005982428;02/06/2017;6;Lisboa;1.000
000005746177;02/06/2017;6;Setúbal;3.000
000005229476;02/06/2017;6;Braga;3.000
000004881508;02/06/2017;6;Vila real;1.000
000004821061;02/06/2017;6;Porto;5.000
000004769370;02/06/2017;6;Vila real;1.000
000004626641;02/06/2017;6;Braga;3.000
000004488206;02/06/2017;6;Faro;2.000
000004319033;02/06/2017;6;Braga;0.500
000004317957;02/06/2017;6;Coimbra;5.000
000003990599;02/06/2017;6;Lisboa;1.000
000003963393;02/06/2017;6;Porto;1.000
000003825397;02/06/2017;6;Porto;2.000
000003775142;02/06/2017;6;Faro;1.000
000003444158;02/06/2017;6;Coimbra;0.500
000003401788;02/06/2017;6;Lisboa;1.000
000003394599;02/06/2017;6;Porto;0.500
000003345936;02/06/2017;6;Coimbra;5.000
000003328763;02/06/2017;6;Coimbra;2.000
000003092035;02/06/2017;6;Faro;1.000
000003048966;02/06/2017;6;Lisboa;2.000
000002945806;02/06/2017;6;Vila real;5.000
000002806920;02/06/2017;6;Porto;3.000
000002378237;02/06/2017;6;Vila real;1.000
000002271199;02/06/2017;6;Porto;5.000
000002151126;02/06/2017;6;Porto;1.000
000002001658;02/06/2017;6;Vila real;2.000
000001518804;02/06/2017;6;Setúbal;3.000
000001285883;02/06/2017;6;Porto;2.000
000000978298;02/06/2017;6;Braga;5.000
000000643098;02/06/2017;6;Lisboa;3.000
000009852830;02/06/2017;5;Porto;3.000
000009279364;02/06/2017;5;Porto;3.000
000009039290;02/06/2017;5;Porto;0.500
000008707527;02/06/2017;5;Coimbra;0.500
000008304178;02/06/2017;5;Coimbra;0.500
000007826303;02/06/2017;5;Setúbal;0.500
000007749733;02/06/2017;5;Faro;0.500
000007298929;02/06/2017;5;Lisboa;3.000
000007115250;02/06/2017;5;Coimbra;5.000
000006966792;02/06/2017;5;Faro;3.000
000006603392;02/06/2017;5;Porto;1.000
000006139258;02/06/2017;5;Coimbra;0.500
000005969128;02/06/2017;5;Coimbra;1.000
000005952009;02/06/2017;5;Setúbal;0.500
000005895698;02/06/2017;5;Braga;3.000
000005630755;02/06/2017;5;Vila real;2.000
000005501071;02/06/2017;5;Braga;1.000
000005452898;02/06/2017;5;Faro;3.000
000005246763;02/06/2017;5;Vila real;3.000
000005170457;02/06/2017;5;Porto;3.000
000005109725;02/06/2017;5;Coimbra;3.000
000005006214;02/06/2017;5;Setúbal;1.000
000004747811;02/06/2017;5;Setúbal;0.500
000004700931;02/06/2017;5;Lisboa;2.000
000004521191;02/06/2017;5;Coimbra;1.000
000004327028;02/06/2017;5;Setúbal;1.000
000003948730;02/06/2017;5;Braga;5.000
000003945302;02/06/2017;5;Lisboa;0.500
000003781924;02/06/2017;5;Lisboa;2.000
000003689664;02/06/2017;5;Vila real;2.000
000003679798;02/06/2017;5;Setúbal;3.000
000003320207;02/06/2017;5;Faro;1.000
000002932828;02/06/2017;5;Braga;3.000
000002720768;02/06/2017;5;Faro;1.000
000002629703;02/06/2017;5;Braga;3.000
000002399287;02/06/2017;5;Coimbra;3.000
000002202057;02/06/2017;5;Braga;0.500
000002069032;02/06/2017;5;Lisboa;5.000
000001405087;02/06/2017;5;Lisboa;5.000
000001229890;02/06/2017;5;Braga;5.000
000001176534;02/06/2017;5;Vila real;0.500
000001112921;02/06/2017;5;Lisboa;2.000
000000968359;02/06/2017;5;Porto;5.000
000000882956;02/06/2017;5;Lisboa;2.000
000000721478;02/06/2017;5;Faro;0.500
000000511323;02/06/2017;5;Lisboa;3.000
000000357983;02/06/2017;5;Vila real;1.000
000000345444;02/06/2017;5;Porto;0.500
000000067950;02/06/2017;5;Porto;1.000
000009920769;02/06/2017;4;Lisboa;2.000
000009866993;02/06/2017;4;Lisboa;2.000
000009599686;02/06/2017;4;Faro;3.000
000009527926;02/06/2017;4;Vila real;1.000
000009306241;02/06/2017;4;Porto;3.000
000009163066;02/06/2017;4;Coimbra;0.500
000009123183;02/06/2017;4;Coimbra;2.000
000009060024;02/06/2017;4;Porto;5.000
000008198955;02/06/2017;4;Lisboa;5.000
000008045757;02/06/2017;4;Vila real;3.000
000007574429;02/06/2017;4;Braga;5.000
000007125625;02/06/2017;4;Braga;1.000
000007088463;02/06/2017;4;Braga;5.000
000006598054;02/06/2017;4;Lisboa;3.000
000006247682;02/06/2017;4;Vila real;5.000
000005951485;02/06/2017;4;Faro;3.000
000005612521;02/06/2017;4;Coimbra;0.500
000005592961;02/06/2017;4;Coimbra;1.000
000005565161;02/06/2017;4;Coimbra;3.000
000005508509;02/06/2017;4;Porto;5.000
000005444092;02/06/2017;4;Coimbra;2.000
000005256284;02/06/2017;4;Braga;1.000
000005107975;02/06/2017;4;Porto;0.500
000005049021;02/06/2017;4;Coimbra;1.000
000004879572;02/06/2017;4;Setúbal;0.500
000004856270;02/06/2017;4;Braga;2.000
000004759366;02/06/2017;4;Lisboa;1.000
000004611313;02/06/2017;4;Lisboa;5.000
000004509013;02/06/2017;4;Faro;0.500
000004466466;02/06/2017;4;Porto;3.000
000004448465;02/06/2017;4;Porto;3.000
000003780790;02/06/2017;4;Setúbal;5.000
000003379376;02/06/2017;4;Braga;0.500
000003312051;02/06/2017;4;Setúbal;1.000
000002837982;02/06/2017;4;Braga;1.000
000002814305;02/06/2017;4;Coimbra;5.000
000002651179;02/06/2017;4;Braga;3.000
000002536416;02/06/2017;4;Porto;2.000
000002319609;02/06/2017;4;Setúbal;3.000
000001755492;02/06/2017;4;Coimbra;2.000
000001751995;02/06/2017;4;Coimbra;1.000
000001578205;02/06/2017;4;Coimbra;2.000
000001095593;02/06/2017;4;Setúbal;0.500
000000222093;02/06/2017;4;Porto;0.500
000000081175;02/06/2017;4;Coimbra;3.000
000009564175;02/06/2017;3;Braga;3.000
000009395999;02/06/2017;3;Setúbal;2.000
000009273150;02/06/2017;3;Lisboa;3.000
000009063338;02/06/2017;3;Braga;0.500
000008930236;02/06/2017;3;Faro;3.000
000008919700;02/06/2017;3;Vila real;3.000
000008727945;02/06/2017;3;Lisboa;0.500
000008631290;02/06/2017;3;Setúbal;2.000
000008301233;02/06/2017;3;Porto;0.500
000007898457;02/06/2017;3;Coimbra;0.500
000007876466;02/06/2017;3;Coimbra;0.500
000007294827;02/06/2017;3;Braga;3.000
000006981681;02/06/2017;3;Vila real;3.000
000006896466;02/06/2017;3;Porto;2.000
000006838927;02/06/2017;3;Faro;2.000
000006744987;02/06/2017;3;Vila real;1.000
000006563625;02/06/2017;3;Braga;1.000
000006294153;02/06/2017;3;Coimbra;3.000
000005878786;02/06/2017;3;Lisboa;1.000
000005736749;02/06/2017;3;Braga;5.000
000004979062;02/06/2017;3;Porto;3.000
000004871123;02/06/2017;3;Faro;2.000
000004525566;02/06/2017;3;Vila real;2.000
000004394572;02/06/2017;3;Lisboa;5.000
000003436610;02/06/2017;3;Faro;1.000
000002794371;02/06/2017;3;Lisboa;3.000
000002646926;02/06/2017;3;Lisboa;3.000
000002051061;02/06/2017;3;Vila real;5.000
000002000348;02/06/2017;3;Setúbal;2.000
000001683490;02/06/2017;3;Setúbal;5.000
000001667912;02/06/2017;3;Lisboa;1.000
000001482017;02/06/2017;3;Faro;5.000
000001144268;02/06/2017;3;Braga;1.000
000001002939;02/06/2017;3;Coimbra;3.000
000000668852;02/06/2017;3;Setúbal;5.000
000000400028;02/06/2017;3;Porto;5.000
000000226564;02/06/2017;3;Setúbal;0.500
000000210244;02/06/2017;3;Faro;0.500
000000095793;02/06/2017;3;Braga;5.000
000009984737;02/06/2017;2;Vila real;1.000
000009876864;02/06/2017;2;Coimbra;2.000
000009422177;02/06/2017;2;Faro;0.500
000008581564;02/06/2017;2;Faro;3.000
000008547071;02/06/2017;2;Braga;2.000
000008418181;02/06/2017;2;Setúbal;3.000
000008058760;02/06/2017;2;Faro;0.500
000007612536;02/06/2017;2;Faro;3.000
000007360538;02/06/2017;2;Porto;5.000
000007060303;02/06/2017;2;Faro;0.500
000006786436;02/06/2017;2;Faro;1.000
000006670576;02/06/2017;2;Lisboa;3.000
000005881605;02/06/2017;2;Porto;1.000
000005761324;02/06/2017;2;Faro;1.000
000005735740;02/06/2017;2;Braga;0.500
000005541292;02/06/2017;2;Lisboa;5.000
000005314647;02/06/2017;2;Porto;5.000
000005093700;02/06/2017;2;Vila real;3.000
000004842394;02/06/2017;2;Faro;2.000
000004644303;02/06/2017;2;Setúbal;0.500
000004590768;02/06/2017;2;Braga;1.000
000004372393;02/06/2017;2;Setúbal;5.000
000004204773;02/06/2017;2;Braga;5.000
000003848168;02/06/2017;2;Lisboa;5.000
000003798409;02/06/2017;2;Vila real;3.000
000003695231;02/06/2017;2;Braga;5.000
000003612108;02/06/2017;2;Braga;3.000
000003578053;02/06/2017;2;Faro;3.000
000003509146;02/06/2017;2;Faro;3.000
000003328650;02/06/2017;2;Braga;1.000
000002495772;02/06/2017;2;Lisboa;1.000
000002350921;02/06/2017;2;Porto;3.000
000002251183;02/06/2017;2;Porto;2.000
000002203801;02/06/2017;2;Coimbra;5.000
000002191399;02/06/2017;2;Faro;5.000
000002136491;02/06/2017;2;Faro;0.500
000002041433;02/06/2017;2;Porto;0.500
000001700338;02/06/2017;2;Setúbal;5.000
000001554144;02/06/2017;2;Vila real;3.000
000001098833;02/06/2017;2;Coimbra;0.500
000001062040;02/06/2017;2;Porto;3.000
000000979826;02/06/2017;2;Braga;0.500
000000951352;02/06/2017;2;Porto;1.000
000000532634;02/06/2017;2;Setúbal;1.000
000000326868;02/06/2017;2;Braga;3.000
000000274975;02/06/2017;2;Vila real;5.000
000000052428;02/06/2017;2;Faro;3.000
000009956050;02/06/2017;1;Porto;2.000
000009744290;02/06/2017;1;Coimbra;5.000
000009522804;02/06/2017;1;Faro;0.500
000009459310;02/06/2017;1;Lisboa;3.000
000009261319;02/06/2017;1;Porto;3.000
000009115868;02/06/2017;1;Coimbra;3.000
000008798708;02/06/2017;1;Vila real;2.000
000008711712;02/06/2017;1;Faro;1.000
000008685984;02/06/2017;1;Lisboa;1.000
000008575518;02/06/2017;1;Setúbal;0.500
000008552147;02/06/2017;1;Coimbra;3.000
000008431657;02/06/2017;1;Setúbal;2.000
000008414847;02/06/2017;1;Lisboa;1.000
000008305578;02/06/2017;1;Lisboa;2.000
000007774067;02/06/2017;1;Vila real;0.500
000007707099;02/06/2017;1;Faro;5.000
000007616269;02/06/2017;1;Faro;2.000
000007432584;02/06/2017;1;Vila real;2.000
000007252396;02/06/2017;1;Coimbra;0.500
000007082607;02/06/2017;1;Vila real;2.000
000007081786;02/06/2017;1;Porto;1.000
000007046062;02/06/2017;1;Setúbal;5.000
000006459876;02/06/2017;1;Porto;2.000
000005736310;02/06/2017;1;Porto;1.000
000005685651;02/06/2017;1;Braga;2.000
000005596534;02/06/2017;1;Lisboa;1.000
000005476046;02/06/2017;1;Braga;3.000
000004735393;02/06/2017;1;Vila real;0.500
000004475157;02/06/2017;1;Porto;0.500
000004348612;02/06/2017;1;Setúbal;0.500
000003599131;02/06/2017;1;Setúbal;3.000
000003310640;02/06/2017;1;Setúbal;5.000
000002983360;02/06/2017;1;Faro;1.000
000002454357;02/06/2017;1;Coimbra;3.000
000002033473;02/06/2017;1;Porto;0.500
000001933965;02/06/2017;1;Setúbal;5.000
000001696949;02/06/2017;1;Lisboa;3.000
000001679543;02/06/2017;1;Setúbal;0.500
000001478288;02/06/2017;1;Braga;3.000
000001419976;02/06/2017;1;Coimbra;1.000
000001262015;02/06/2017;1;Porto;5.000
000001140493;02/06/2017;1;Setúbal;2.000
000001045886;02/06/2017;1;Vila real;1.000
000000976010;02/06/2017;1;Setúbal;1.000
000000772757;02/06/2017;1;Faro;0.500
000000665646;02/06/2017;1;Braga;3.000
000000566851;02/06/2017;1;Porto;1.000
000000527245;02/06/2017;1;Coimbra;5.000
000000335906;02/06/2017;1;Coimbra;3.000
000000292369;02/06/2017;1;Lisboa;5.000
