000009226936;05/02/2017;14;Coimbra;2.000
000009050262;05/02/2017;13;Porto;3.000
000008996315;05/02/2017;13;Coimbra;5.000
000006597222;05/02/2017;13;Braga;3.000
000006286362;05/02/2017;13;Coimbra;0.500
000004350943;05/02/2017;13;Porto;1.000
000002727289;05/02/2017;13;Setúbal;0.500
000001861971;05/02/2017;13;Faro;3.000
000001697528;05/02/2017;13;Porto;2.000
000007742790;05/02/2017;12;Braga;3.000
000007438728;05/02/2017;12;Vila real;1.000
000006102886;05/02/2017;12;Setúbal;2.000
000006727166;05/02/2017;11;Setúbal;5.000
000005939897;05/02/2017;11;Vila real;2.000
000003241095;05/02/2017;11;Setúbal;1.000
000002589144;05/02/2017;11;Coimbra;3.000
000000970045;05/02/2017;11;Vila real;0.500
000008087638;05/02/2017;10;Coimbra;1.000
000004040722;05/02/2017;10;Braga;2.000
000003171436;05/02/2017;10;Lisboa;2.000
000005761609;05/02/2017;9;Vila real;0.500
000005576854;05/02/2017;9;Lisboa;5.000
000005048664;05/02/2017;9;Faro;0.500
000003035155;05/02/2017;9;Faro;3.000
000009265522;05/02/2017;8;Setúbal;5.000
000003800555;05/02/2017;8;Braga;3.000
000002279784;05/02/2017;8;Setúbal;5.000
000000719050;05/02/2017;8;Setúbal;2.000
000008695488;05/02/2017;7;Lisboa;0.500
000006937302;05/02/2017;7;Lisboa;3.000
000004222268;05/02/2017;7;Braga;1.000
000002072634;05/02/2017;7;Vila real;3.000
000001950779;05/02/2017;7;Lisboa;2.000
000000933144;05/02/2017;7;Coimbra;5.000
000003912482;05/02/2017;6;Lisboa;5.000
000002459201;05/02/2017;6;Lisboa;2.000
000002182554;05/02/2017;6;Braga;0.500
000001530484;05/02/2017;6;Coimbra;0.500
000003632809;05/02/2017;5;Braga;0.500
000000215382;05/02/2017;5;Porto;3.000
000007121515;05/02/2017;4;Setúbal;2.000
000002544097;05/02/2017;4;Faro;1.000
000002160002;05/02/2017;4;Vila real;1.000
000001728915;05/02/2017;4;Lisboa;0.500
000001021485;05/02/2017;4;Braga;0.500
000007868548;05/02/2017;3;Setúbal;2.000
000004155688;05/02/2017;3;Coimbra;3.000
000002782494;05/02/2017;3;Coimbra;2.000
000008166912;05/02/2017;2;Braga;2.000
000001818391;05/02/2017;2;Porto;5.000
000006765861;05/02/2017;1;Braga;2.000
000003970202;05/02/2017;1;Porto;2.000
000001054029;05/02/2017;1;Setúbal;5.000
