Margarida-Carminho Gaspar;F;62;2.927;109;1130.310
