000009989026;16/07/2014;14;Lisboa;2.000
000009644672;16/07/2014;14;Coimbra;2.000
000009493534;16/07/2014;14;Porto;2.000
000009235216;16/07/2014;14;Braga;1.000
000008295199;16/07/2014;14;Porto;0.500
000007659822;16/07/2014;14;Setúbal;3.000
000007508231;16/07/2014;14;Setúbal;2.000
000007394791;16/07/2014;14;Braga;3.000
000006852884;16/07/2014;14;Lisboa;1.000
000006739657;16/07/2014;14;Vila real;0.500
000005628695;16/07/2014;14;Vila real;1.000
000005060862;16/07/2014;14;Coimbra;5.000
000004366113;16/07/2014;14;Faro;0.500
000004094421;16/07/2014;14;Faro;1.000
000003656616;16/07/2014;14;Porto;3.000
000003604863;16/07/2014;14;Coimbra;0.500
000003132577;16/07/2014;14;Porto;0.500
000002829605;16/07/2014;14;Lisboa;2.000
000002682240;16/07/2014;14;Setúbal;3.000
000002530603;16/07/2014;14;Porto;3.000
000002023267;16/07/2014;14;Faro;1.000
000000786403;16/07/2014;14;Setúbal;2.000
000000203362;16/07/2014;14;Coimbra;0.500
000008477951;16/07/2014;13;Porto;0.500
000007703764;16/07/2014;13;Faro;5.000
000006984474;16/07/2014;13;Coimbra;0.500
000006895265;16/07/2014;13;Setúbal;2.000
000006269057;16/07/2014;13;Coimbra;1.000
000005662563;16/07/2014;13;Faro;0.500
000005555575;16/07/2014;13;Vila real;1.000
000005354052;16/07/2014;13;Setúbal;2.000
000002705952;16/07/2014;13;Lisboa;1.000
000001817287;16/07/2014;13;Braga;1.000
000001713770;16/07/2014;13;Vila real;5.000
000000890268;16/07/2014;13;Lisboa;0.500
000009660127;16/07/2014;12;Faro;3.000
000008842496;16/07/2014;12;Porto;2.000
000008841097;16/07/2014;12;Setúbal;1.000
000007668549;16/07/2014;12;Braga;2.000
000007623608;16/07/2014;12;Porto;5.000
000007515767;16/07/2014;12;Porto;2.000
000006797666;16/07/2014;12;Setúbal;2.000
000005547206;16/07/2014;12;Lisboa;5.000
000004888381;16/07/2014;12;Lisboa;2.000
000003349923;16/07/2014;12;Faro;5.000
000003173338;16/07/2014;12;Lisboa;3.000
000001208221;16/07/2014;12;Setúbal;0.500
000001180125;16/07/2014;12;Lisboa;3.000
000000699668;16/07/2014;12;Braga;3.000
000009376744;16/07/2014;11;Porto;0.500
000008891954;16/07/2014;11;Setúbal;3.000
000007496675;16/07/2014;11;Coimbra;2.000
000006695227;16/07/2014;11;Coimbra;5.000
000006139089;16/07/2014;11;Lisboa;1.000
000005761779;16/07/2014;11;Setúbal;2.000
000005611074;16/07/2014;11;Vila real;1.000
000005349666;16/07/2014;11;Setúbal;3.000
000005151795;16/07/2014;11;Lisboa;1.000
000005009511;16/07/2014;11;Setúbal;0.500
000004890740;16/07/2014;11;Porto;2.000
000003453732;16/07/2014;11;Setúbal;0.500
000003429426;16/07/2014;11;Lisboa;2.000
000002872290;16/07/2014;11;Vila real;1.000
000001970947;16/07/2014;11;Lisboa;3.000
000001910458;16/07/2014;11;Setúbal;0.500
000001884753;16/07/2014;11;Porto;1.000
000001527951;16/07/2014;11;Lisboa;5.000
000001405377;16/07/2014;11;Vila real;0.500
000001360732;16/07/2014;11;Braga;3.000
000000587967;16/07/2014;11;Lisboa;5.000
000008968201;16/07/2014;10;Braga;0.500
000007608478;16/07/2014;10;Setúbal;0.500
000007428514;16/07/2014;10;Coimbra;5.000
000007338526;16/07/2014;10;Coimbra;3.000
000005105944;16/07/2014;10;Coimbra;2.000
000004687120;16/07/2014;10;Vila real;3.000
000004658899;16/07/2014;10;Faro;5.000
000004110780;16/07/2014;10;Porto;3.000
000003643475;16/07/2014;10;Braga;2.000
000003514723;16/07/2014;10;Faro;2.000
000003151814;16/07/2014;10;Porto;5.000
000003063063;16/07/2014;10;Porto;5.000
000002898060;16/07/2014;10;Setúbal;3.000
000002049256;16/07/2014;10;Coimbra;2.000
000001998074;16/07/2014;10;Faro;5.000
000001879361;16/07/2014;10;Lisboa;1.000
000001811096;16/07/2014;10;Faro;0.500
000001250320;16/07/2014;10;Porto;5.000
000000672004;16/07/2014;10;Lisboa;2.000
000000203335;16/07/2014;10;Porto;0.500
000000001281;16/07/2014;10;Lisboa;3.000
000009100563;16/07/2014;9;Setúbal;2.000
000007714126;16/07/2014;9;Faro;1.000
000007304830;16/07/2014;9;Coimbra;2.000
000006869728;16/07/2014;9;Vila real;0.500
000006785351;16/07/2014;9;Vila real;2.000
000005699000;16/07/2014;9;Porto;5.000
000004933573;16/07/2014;9;Setúbal;0.500
000003931594;16/07/2014;9;Setúbal;2.000
000003443118;16/07/2014;9;Braga;5.000
000002061437;16/07/2014;9;Setúbal;5.000
000001478563;16/07/2014;9;Porto;2.000
000001408225;16/07/2014;9;Faro;1.000
000001085051;16/07/2014;9;Porto;3.000
000000693696;16/07/2014;9;Coimbra;5.000
000000518509;16/07/2014;9;Faro;3.000
000000063558;16/07/2014;9;Braga;1.000
000009907675;16/07/2014;8;Setúbal;3.000
000009625244;16/07/2014;8;Coimbra;2.000
000009013289;16/07/2014;8;Coimbra;0.500
000008822098;16/07/2014;8;Setúbal;2.000
000008182467;16/07/2014;8;Setúbal;2.000
000007294942;16/07/2014;8;Braga;2.000
000006330937;16/07/2014;8;Porto;5.000
000006214028;16/07/2014;8;Setúbal;0.500
000006016273;16/07/2014;8;Lisboa;1.000
000005695533;16/07/2014;8;Faro;3.000
000005678459;16/07/2014;8;Coimbra;3.000
000005280445;16/07/2014;8;Coimbra;1.000
000004924956;16/07/2014;8;Porto;2.000
000004318630;16/07/2014;8;Braga;1.000
000003180629;16/07/2014;8;Vila real;1.000
000002825959;16/07/2014;8;Braga;3.000
000002732741;16/07/2014;8;Porto;3.000
000002305505;16/07/2014;8;Coimbra;1.000
000002123081;16/07/2014;8;Setúbal;3.000
000001665118;16/07/2014;8;Lisboa;5.000
000001035059;16/07/2014;8;Vila real;1.000
000009875297;16/07/2014;7;Setúbal;2.000
000009196265;16/07/2014;7;Lisboa;2.000
000007864532;16/07/2014;7;Vila real;3.000
000006882075;16/07/2014;7;Vila real;2.000
000006600885;16/07/2014;7;Lisboa;1.000
000006314978;16/07/2014;7;Coimbra;1.000
000004678072;16/07/2014;7;Coimbra;2.000
000002633438;16/07/2014;7;Braga;5.000
000002220289;16/07/2014;7;Faro;2.000
000002069338;16/07/2014;7;Porto;2.000
000001839796;16/07/2014;7;Coimbra;5.000
000001006552;16/07/2014;7;Lisboa;0.500
000009760207;16/07/2014;6;Vila real;2.000
000009591707;16/07/2014;6;Faro;1.000
000007741869;16/07/2014;6;Coimbra;5.000
000007736274;16/07/2014;6;Faro;1.000
000006563915;16/07/2014;6;Lisboa;1.000
000006075417;16/07/2014;6;Porto;1.000
000005972059;16/07/2014;6;Coimbra;3.000
000005764035;16/07/2014;6;Porto;3.000
000004591305;16/07/2014;6;Braga;2.000
000003430361;16/07/2014;6;Faro;3.000
000003328677;16/07/2014;6;Porto;2.000
000002908952;16/07/2014;6;Setúbal;0.500
000002492550;16/07/2014;6;Porto;3.000
000001010152;16/07/2014;6;Porto;0.500
000000697907;16/07/2014;6;Lisboa;2.000
000008885248;16/07/2014;5;Setúbal;0.500
000008736118;16/07/2014;5;Vila real;3.000
000008481997;16/07/2014;5;Braga;2.000
000008426041;16/07/2014;5;Lisboa;0.500
000008073391;16/07/2014;5;Lisboa;1.000
000007912230;16/07/2014;5;Porto;3.000
000007893124;16/07/2014;5;Porto;0.500
000007088048;16/07/2014;5;Faro;0.500
000006662595;16/07/2014;5;Setúbal;1.000
000006373878;16/07/2014;5;Porto;0.500
000006190176;16/07/2014;5;Setúbal;5.000
000005693682;16/07/2014;5;Vila real;5.000
000004734343;16/07/2014;5;Lisboa;5.000
000004522105;16/07/2014;5;Lisboa;5.000
000003610796;16/07/2014;5;Braga;1.000
000003031107;16/07/2014;5;Vila real;5.000
000002758474;16/07/2014;5;Coimbra;2.000
000001325382;16/07/2014;5;Braga;5.000
000001216039;16/07/2014;5;Coimbra;5.000
000000994061;16/07/2014;5;Lisboa;2.000
000000689196;16/07/2014;5;Setúbal;5.000
000000561429;16/07/2014;5;Coimbra;3.000
000000170352;16/07/2014;5;Lisboa;3.000
000009451955;16/07/2014;4;Braga;3.000
000009402139;16/07/2014;4;Porto;3.000
000009051225;16/07/2014;4;Vila real;0.500
000008844484;16/07/2014;4;Coimbra;2.000
000008623827;16/07/2014;4;Lisboa;3.000
000008547551;16/07/2014;4;Braga;3.000
000008220940;16/07/2014;4;Faro;3.000
000007417246;16/07/2014;4;Coimbra;2.000
000006965610;16/07/2014;4;Lisboa;0.500
000006872053;16/07/2014;4;Lisboa;2.000
000006284066;16/07/2014;4;Lisboa;3.000
000005532294;16/07/2014;4;Coimbra;3.000
000004920055;16/07/2014;4;Porto;2.000
000003474842;16/07/2014;4;Coimbra;5.000
000002978807;16/07/2014;4;Vila real;0.500
000002914888;16/07/2014;4;Setúbal;5.000
000001663713;16/07/2014;4;Porto;0.500
000001580046;16/07/2014;4;Porto;0.500
000001371781;16/07/2014;4;Setúbal;5.000
000001011819;16/07/2014;4;Setúbal;0.500
000000898406;16/07/2014;4;Faro;5.000
000000560608;16/07/2014;4;Setúbal;0.500
000000369265;16/07/2014;4;Setúbal;0.500
000009379818;16/07/2014;3;Braga;3.000
000009364556;16/07/2014;3;Faro;3.000
000009205975;16/07/2014;3;Setúbal;3.000
000008081497;16/07/2014;3;Faro;0.500
000008037070;16/07/2014;3;Porto;1.000
000007042054;16/07/2014;3;Lisboa;1.000
000005895694;16/07/2014;3;Vila real;0.500
000005057443;16/07/2014;3;Porto;5.000
000004863731;16/07/2014;3;Lisboa;5.000
000004809840;16/07/2014;3;Braga;5.000
000004808910;16/07/2014;3;Setúbal;1.000
000004377485;16/07/2014;3;Braga;5.000
000004284523;16/07/2014;3;Faro;5.000
000002095871;16/07/2014;3;Setúbal;3.000
000001610663;16/07/2014;3;Lisboa;0.500
000001088069;16/07/2014;3;Braga;1.000
000000958601;16/07/2014;3;Setúbal;0.500
000000157881;16/07/2014;3;Porto;1.000
000009935279;16/07/2014;2;Setúbal;0.500
000009719899;16/07/2014;2;Faro;1.000
000008402309;16/07/2014;2;Coimbra;1.000
000008326773;16/07/2014;2;Setúbal;5.000
000007224517;16/07/2014;2;Lisboa;5.000
000006446668;16/07/2014;2;Setúbal;5.000
000006311820;16/07/2014;2;Setúbal;0.500
000005863325;16/07/2014;2;Lisboa;0.500
000005625252;16/07/2014;2;Porto;2.000
000005624080;16/07/2014;2;Porto;1.000
000004880012;16/07/2014;2;Setúbal;3.000
000003743091;16/07/2014;2;Lisboa;1.000
000002238253;16/07/2014;2;Faro;2.000
000002181922;16/07/2014;2;Braga;1.000
000001956782;16/07/2014;2;Lisboa;5.000
000001560091;16/07/2014;2;Setúbal;3.000
000000705965;16/07/2014;2;Porto;0.500
000000697249;16/07/2014;2;Braga;5.000
000009589409;16/07/2014;1;Faro;1.000
000009438977;16/07/2014;1;Setúbal;0.500
000009136957;16/07/2014;1;Setúbal;5.000
000008998312;16/07/2014;1;Setúbal;0.500
000008498357;16/07/2014;1;Faro;0.500
000007107286;16/07/2014;1;Porto;3.000
000006995335;16/07/2014;1;Lisboa;3.000
000006833124;16/07/2014;1;Lisboa;3.000
000004924525;16/07/2014;1;Coimbra;5.000
000003296460;16/07/2014;1;Setúbal;1.000
000003224460;16/07/2014;1;Coimbra;3.000
000002887052;16/07/2014;1;Porto;3.000
000002584657;16/07/2014;1;Setúbal;0.500
000002456694;16/07/2014;1;Braga;5.000
000001710424;16/07/2014;1;Coimbra;2.000
000001423847;16/07/2014;1;Coimbra;2.000
000001026533;16/07/2014;1;Vila real;1.000
000000987008;16/07/2014;1;Braga;5.000
000000387210;16/07/2014;1;Setúbal;5.000
