000009039330;09/04/2017;14;Lisboa;5.000
000009037031;09/04/2017;14;Vila real;0.500
000008053689;09/04/2017;14;Faro;3.000
000007431900;09/04/2017;14;Braga;1.000
000007086504;09/04/2017;14;Lisboa;0.500
000007058784;09/04/2017;14;Coimbra;0.500
000006955679;09/04/2017;14;Coimbra;2.000
000006664332;09/04/2017;14;Braga;2.000
000006093910;09/04/2017;14;Vila real;2.000
000004981731;09/04/2017;14;Lisboa;1.000
000004851893;09/04/2017;14;Vila real;1.000
000004627874;09/04/2017;14;Setúbal;0.500
000001874508;09/04/2017;14;Vila real;0.500
000001645300;09/04/2017;14;Porto;0.500
000001320358;09/04/2017;14;Braga;0.500
000000271327;09/04/2017;14;Lisboa;0.500
000009683225;09/04/2017;13;Vila real;0.500
000009034055;09/04/2017;13;Coimbra;5.000
000008401362;09/04/2017;13;Porto;1.000
000007378490;09/04/2017;13;Porto;2.000
000006951990;09/04/2017;13;Vila real;1.000
000006680137;09/04/2017;13;Faro;3.000
000005682726;09/04/2017;13;Setúbal;0.500
000004123915;09/04/2017;13;Vila real;3.000
000001899196;09/04/2017;13;Faro;1.000
000001369433;09/04/2017;13;Coimbra;5.000
000001355408;09/04/2017;13;Braga;2.000
000001073460;09/04/2017;13;Lisboa;5.000
000000699194;09/04/2017;13;Porto;0.500
000000203453;09/04/2017;13;Braga;1.000
000009619185;09/04/2017;12;Lisboa;1.000
000009025348;09/04/2017;12;Coimbra;1.000
000008796269;09/04/2017;12;Lisboa;1.000
000007987798;09/04/2017;12;Faro;3.000
000006193477;09/04/2017;12;Lisboa;2.000
000004296548;09/04/2017;12;Setúbal;1.000
000004185846;09/04/2017;12;Porto;1.000
000003178027;09/04/2017;12;Setúbal;2.000
000002790064;09/04/2017;12;Setúbal;2.000
000002196543;09/04/2017;12;Faro;3.000
000001530148;09/04/2017;12;Vila real;2.000
000001229904;09/04/2017;12;Faro;5.000
000001129902;09/04/2017;12;Braga;2.000
000000582097;09/04/2017;12;Coimbra;1.000
000000310614;09/04/2017;12;Porto;2.000
000009703199;09/04/2017;11;Coimbra;5.000
000009394794;09/04/2017;11;Faro;0.500
000008997544;09/04/2017;11;Coimbra;0.500
000008979007;09/04/2017;11;Faro;3.000
000008764661;09/04/2017;11;Porto;1.000
000007882967;09/04/2017;11;Coimbra;3.000
000006041073;09/04/2017;11;Vila real;1.000
000005980567;09/04/2017;11;Setúbal;5.000
000005762913;09/04/2017;11;Coimbra;1.000
000005687119;09/04/2017;11;Coimbra;0.500
000005596833;09/04/2017;11;Faro;1.000
000005544032;09/04/2017;11;Vila real;5.000
000005529650;09/04/2017;11;Braga;5.000
000005007259;09/04/2017;11;Lisboa;0.500
000003495864;09/04/2017;11;Vila real;0.500
000002760338;09/04/2017;11;Setúbal;0.500
000001890633;09/04/2017;11;Setúbal;2.000
000000571404;09/04/2017;11;Vila real;5.000
000008850779;09/04/2017;10;Setúbal;3.000
000006766138;09/04/2017;10;Vila real;0.500
000005351547;09/04/2017;10;Lisboa;1.000
000004918291;09/04/2017;10;Faro;1.000
000004826563;09/04/2017;10;Coimbra;3.000
000004445387;09/04/2017;10;Faro;0.500
000003754703;09/04/2017;10;Setúbal;3.000
000003296250;09/04/2017;10;Vila real;3.000
000003016171;09/04/2017;10;Porto;0.500
000002918260;09/04/2017;10;Coimbra;5.000
000002459465;09/04/2017;10;Coimbra;0.500
000002359767;09/04/2017;10;Lisboa;3.000
000001891378;09/04/2017;10;Coimbra;3.000
000001171640;09/04/2017;10;Faro;0.500
000001066320;09/04/2017;10;Vila real;3.000
000000670688;09/04/2017;10;Lisboa;1.000
000000467632;09/04/2017;10;Coimbra;2.000
000000320755;09/04/2017;10;Coimbra;2.000
000000049963;09/04/2017;10;Vila real;2.000
000009799509;09/04/2017;9;Faro;3.000
000009273037;09/04/2017;9;Setúbal;2.000
000009190919;09/04/2017;9;Coimbra;1.000
000009059798;09/04/2017;9;Porto;2.000
000009052600;09/04/2017;9;Porto;1.000
000008092652;09/04/2017;9;Vila real;0.500
000008064151;09/04/2017;9;Faro;2.000
000007224315;09/04/2017;9;Lisboa;5.000
000006920347;09/04/2017;9;Lisboa;5.000
000006895836;09/04/2017;9;Vila real;2.000
000006655311;09/04/2017;9;Coimbra;0.500
000004939044;09/04/2017;9;Coimbra;5.000
000004418917;09/04/2017;9;Coimbra;2.000
000004088485;09/04/2017;9;Setúbal;3.000
000003489736;09/04/2017;9;Faro;1.000
000003238017;09/04/2017;9;Setúbal;0.500
000002110123;09/04/2017;9;Setúbal;1.000
000001375258;09/04/2017;9;Setúbal;3.000
000001231199;09/04/2017;9;Vila real;2.000
000001002376;09/04/2017;9;Faro;3.000
000000683157;09/04/2017;9;Faro;0.500
000000439159;09/04/2017;9;Porto;3.000
000009787349;09/04/2017;8;Faro;0.500
000008736141;09/04/2017;8;Faro;0.500
000007584606;09/04/2017;8;Coimbra;1.000
000005970559;09/04/2017;8;Coimbra;2.000
000005210939;09/04/2017;8;Coimbra;0.500
000003287351;09/04/2017;8;Coimbra;3.000
000002657672;09/04/2017;8;Coimbra;3.000
000002653818;09/04/2017;8;Braga;5.000
000002026503;09/04/2017;8;Vila real;3.000
000001915675;09/04/2017;8;Braga;3.000
000001782565;09/04/2017;8;Setúbal;0.500
000001285973;09/04/2017;8;Faro;3.000
000001160381;09/04/2017;8;Braga;5.000
000000446766;09/04/2017;8;Lisboa;1.000
000000362818;09/04/2017;8;Coimbra;1.000
000000214497;09/04/2017;8;Lisboa;3.000
000009995364;09/04/2017;7;Braga;3.000
000008006386;09/04/2017;7;Faro;2.000
000007265058;09/04/2017;7;Vila real;1.000
000007239877;09/04/2017;7;Vila real;5.000
000005973832;09/04/2017;7;Coimbra;1.000
000004828586;09/04/2017;7;Porto;1.000
000004321493;09/04/2017;7;Lisboa;5.000
000002643985;09/04/2017;7;Porto;0.500
000002611952;09/04/2017;7;Braga;3.000
000001378975;09/04/2017;7;Porto;5.000
000001229834;09/04/2017;7;Coimbra;5.000
000000809767;09/04/2017;7;Vila real;1.000
000009888689;09/04/2017;6;Braga;1.000
000009663814;09/04/2017;6;Setúbal;5.000
000009529083;09/04/2017;6;Faro;0.500
000009424715;09/04/2017;6;Coimbra;0.500
000009215513;09/04/2017;6;Faro;5.000
000006820066;09/04/2017;6;Vila real;5.000
000006158747;09/04/2017;6;Braga;0.500
000006091761;09/04/2017;6;Faro;5.000
000006071716;09/04/2017;6;Lisboa;5.000
000005826412;09/04/2017;6;Braga;5.000
000004135040;09/04/2017;6;Faro;1.000
000004049387;09/04/2017;6;Faro;5.000
000003817486;09/04/2017;6;Braga;0.500
000003085556;09/04/2017;6;Faro;5.000
000002383206;09/04/2017;6;Faro;1.000
000002298501;09/04/2017;6;Faro;1.000
000001305239;09/04/2017;6;Faro;2.000
000001096431;09/04/2017;6;Lisboa;1.000
000000596515;09/04/2017;6;Vila real;3.000
000000145091;09/04/2017;6;Vila real;5.000
000000109076;09/04/2017;6;Faro;1.000
000009934158;09/04/2017;5;Faro;5.000
000009843846;09/04/2017;5;Porto;0.500
000008798998;09/04/2017;5;Lisboa;2.000
000008515724;09/04/2017;5;Porto;5.000
000007953833;09/04/2017;5;Vila real;0.500
000007049149;09/04/2017;5;Vila real;5.000
000006998952;09/04/2017;5;Porto;2.000
000006259180;09/04/2017;5;Faro;1.000
000005962807;09/04/2017;5;Braga;1.000
000003466324;09/04/2017;5;Setúbal;0.500
000003431208;09/04/2017;5;Lisboa;1.000
000002375310;09/04/2017;5;Porto;3.000
000002149314;09/04/2017;5;Porto;5.000
000001710585;09/04/2017;5;Lisboa;1.000
000001378219;09/04/2017;5;Porto;5.000
000000017388;09/04/2017;5;Faro;3.000
000009864595;09/04/2017;4;Faro;5.000
000007428918;09/04/2017;4;Setúbal;2.000
000006447929;09/04/2017;4;Lisboa;2.000
000005632915;09/04/2017;4;Coimbra;3.000
000005527891;09/04/2017;4;Lisboa;3.000
000004766551;09/04/2017;4;Lisboa;1.000
000003637758;09/04/2017;4;Coimbra;5.000
000003542021;09/04/2017;4;Faro;3.000
000002109892;09/04/2017;4;Coimbra;5.000
000000642961;09/04/2017;4;Setúbal;5.000
000000532743;09/04/2017;4;Coimbra;1.000
000009812251;09/04/2017;3;Vila real;5.000
000009649279;09/04/2017;3;Braga;0.500
000008527104;09/04/2017;3;Setúbal;5.000
000008460180;09/04/2017;3;Coimbra;1.000
000007751212;09/04/2017;3;Faro;5.000
000007412589;09/04/2017;3;Faro;0.500
000007370937;09/04/2017;3;Lisboa;2.000
000007255655;09/04/2017;3;Lisboa;1.000
000006670805;09/04/2017;3;Setúbal;3.000
000005840091;09/04/2017;3;Porto;3.000
000004523497;09/04/2017;3;Coimbra;1.000
000004394728;09/04/2017;3;Faro;3.000
000003176324;09/04/2017;3;Setúbal;1.000
000002984093;09/04/2017;3;Coimbra;3.000
000002907913;09/04/2017;3;Braga;2.000
000002828706;09/04/2017;3;Porto;5.000
000002776001;09/04/2017;3;Setúbal;3.000
000000680420;09/04/2017;3;Lisboa;1.000
000009741366;09/04/2017;2;Coimbra;2.000
000009449771;09/04/2017;2;Coimbra;1.000
000009447553;09/04/2017;2;Lisboa;0.500
000007853450;09/04/2017;2;Vila real;3.000
000007217063;09/04/2017;2;Porto;2.000
000006006552;09/04/2017;2;Faro;3.000
000005262002;09/04/2017;2;Vila real;5.000
000001591546;09/04/2017;2;Braga;2.000
000001351171;09/04/2017;2;Porto;3.000
000001104878;09/04/2017;2;Coimbra;0.500
000000964969;09/04/2017;2;Vila real;2.000
000000313995;09/04/2017;2;Vila real;3.000
000000056801;09/04/2017;2;Faro;0.500
000009393484;09/04/2017;1;Braga;2.000
000009209496;09/04/2017;1;Vila real;1.000
000008987890;09/04/2017;1;Lisboa;1.000
000007850125;09/04/2017;1;Setúbal;0.500
000007529952;09/04/2017;1;Faro;3.000
000006899184;09/04/2017;1;Lisboa;1.000
000006568971;09/04/2017;1;Porto;1.000
000005910032;09/04/2017;1;Lisboa;3.000
000005837288;09/04/2017;1;Setúbal;1.000
000005404842;09/04/2017;1;Lisboa;5.000
000005213946;09/04/2017;1;Vila real;1.000
000004621771;09/04/2017;1;Faro;1.000
000002880275;09/04/2017;1;Porto;0.500
000002879211;09/04/2017;1;Setúbal;1.000
000002748329;09/04/2017;1;Coimbra;5.000
000002416644;09/04/2017;1;Vila real;2.000
000002240198;09/04/2017;1;Setúbal;0.500
000002153806;09/04/2017;1;Faro;1.000
000000977187;09/04/2017;1;Coimbra;3.000
000000957982;09/04/2017;1;Faro;1.000
000000174118;09/04/2017;1;Faro;5.000
