000008075623;08/04/2013;14;Setúbal;1.000
000005425228;08/04/2013;13;Braga;1.000
000005421478;08/04/2013;13;Vila real;1.000
000008733605;08/04/2013;12;Lisboa;3.000
000003886042;08/04/2013;12;Lisboa;5.000
000002708215;08/04/2013;12;Lisboa;0.500
000009468507;08/04/2013;11;Lisboa;5.000
000004663725;08/04/2013;11;Coimbra;1.000
000004173464;08/04/2013;11;Setúbal;5.000
000003775655;08/04/2013;11;Braga;0.500
000008034216;08/04/2013;10;Lisboa;1.000
000002168303;08/04/2013;10;Vila real;2.000
000006406021;08/04/2013;9;Lisboa;2.000
000002624280;08/04/2013;9;Braga;3.000
000009887100;08/04/2013;8;Lisboa;2.000
000006720514;08/04/2013;8;Setúbal;0.500
000009070053;08/04/2013;7;Braga;3.000
000005018852;08/04/2013;7;Porto;0.500
000005993164;08/04/2013;6;Lisboa;5.000
000000558712;08/04/2013;6;Setúbal;1.000
000009485461;08/04/2013;5;Lisboa;2.000
000004525357;08/04/2013;5;Setúbal;2.000
000000022996;08/04/2013;5;Coimbra;0.500
000004429683;08/04/2013;3;Lisboa;0.500
000001744814;08/04/2013;3;Braga;0.500
000002502132;08/04/2013;2;Porto;1.000
000008547428;08/04/2013;1;Vila real;1.000
000002271845;08/04/2013;1;Braga;5.000
