000008470581;06/06/2014;14;Faro;0.500
000007739091;06/06/2014;14;Lisboa;3.000
000007296613;06/06/2014;14;Vila real;2.000
000004966998;06/06/2014;14;Porto;1.000
000004742094;06/06/2014;14;Faro;0.500
000003695873;06/06/2014;14;Setúbal;1.000
000003483653;06/06/2014;14;Lisboa;0.500
000002745024;06/06/2014;14;Lisboa;5.000
000001221327;06/06/2014;14;Setúbal;3.000
000000701864;06/06/2014;14;Vila real;2.000
000000017211;06/06/2014;14;Setúbal;5.000
000009221567;06/06/2014;13;Vila real;2.000
000008949323;06/06/2014;13;Setúbal;0.500
000007773002;06/06/2014;13;Braga;5.000
000007542407;06/06/2014;13;Faro;5.000
000006904997;06/06/2014;13;Braga;1.000
000006871202;06/06/2014;13;Coimbra;5.000
000006843544;06/06/2014;13;Porto;2.000
000006477774;06/06/2014;13;Porto;1.000
000006109379;06/06/2014;13;Faro;2.000
000005970672;06/06/2014;13;Setúbal;0.500
000005897883;06/06/2014;13;Braga;1.000
000005651828;06/06/2014;13;Coimbra;0.500
000002712622;06/06/2014;13;Vila real;3.000
000000132714;06/06/2014;13;Coimbra;3.000
000009442678;06/06/2014;12;Vila real;1.000
000009095885;06/06/2014;12;Braga;2.000
000009080697;06/06/2014;12;Faro;0.500
000008647297;06/06/2014;12;Lisboa;0.500
000008388006;06/06/2014;12;Coimbra;5.000
000007714153;06/06/2014;12;Porto;1.000
000006431077;06/06/2014;12;Braga;3.000
000005017453;06/06/2014;12;Faro;3.000
000004590925;06/06/2014;12;Vila real;3.000
000002894010;06/06/2014;12;Porto;0.500
000001138204;06/06/2014;12;Setúbal;3.000
000000427159;06/06/2014;12;Vila real;5.000
000009878190;06/06/2014;11;Porto;3.000
000009760992;06/06/2014;11;Lisboa;1.000
000009743973;06/06/2014;11;Coimbra;3.000
000009493912;06/06/2014;11;Vila real;2.000
000009477340;06/06/2014;11;Braga;3.000
000008381526;06/06/2014;11;Faro;3.000
000007410837;06/06/2014;11;Setúbal;0.500
000007367069;06/06/2014;11;Faro;1.000
000007353925;06/06/2014;11;Vila real;2.000
000006480990;06/06/2014;11;Porto;0.500
000005616485;06/06/2014;11;Coimbra;1.000
000004338071;06/06/2014;11;Faro;2.000
000004192103;06/06/2014;11;Braga;3.000
000003415344;06/06/2014;11;Vila real;0.500
000001278696;06/06/2014;11;Faro;5.000
000001202833;06/06/2014;11;Faro;1.000
000001125822;06/06/2014;11;Porto;2.000
000000112252;06/06/2014;11;Coimbra;5.000
000008011586;06/06/2014;10;Faro;3.000
000007394223;06/06/2014;10;Vila real;2.000
000007128297;06/06/2014;10;Faro;2.000
000005576690;06/06/2014;10;Lisboa;0.500
000005003249;06/06/2014;10;Vila real;1.000
000002166869;06/06/2014;10;Setúbal;3.000
000001356562;06/06/2014;10;Porto;3.000
000000006894;06/06/2014;10;Faro;1.000
000009804503;06/06/2014;9;Vila real;3.000
000007278227;06/06/2014;9;Lisboa;0.500
000006603512;06/06/2014;9;Braga;2.000
000006520283;06/06/2014;9;Coimbra;5.000
000005292887;06/06/2014;9;Setúbal;2.000
000005113876;06/06/2014;9;Coimbra;0.500
000003974500;06/06/2014;9;Setúbal;1.000
000003912044;06/06/2014;9;Setúbal;1.000
000003016174;06/06/2014;9;Porto;2.000
000002485188;06/06/2014;9;Braga;0.500
000002288384;06/06/2014;9;Faro;0.500
000000479704;06/06/2014;9;Braga;5.000
000000373452;06/06/2014;9;Vila real;2.000
000009895098;06/06/2014;8;Braga;2.000
000009854532;06/06/2014;8;Lisboa;0.500
000008112428;06/06/2014;8;Vila real;3.000
000006942223;06/06/2014;8;Porto;5.000
000006517415;06/06/2014;8;Porto;0.500
000006471935;06/06/2014;8;Porto;5.000
000006103049;06/06/2014;8;Porto;2.000
000005469107;06/06/2014;8;Coimbra;3.000
000004893303;06/06/2014;8;Vila real;3.000
000003560747;06/06/2014;8;Vila real;1.000
000003542200;06/06/2014;8;Braga;5.000
000003227132;06/06/2014;8;Faro;5.000
000003197179;06/06/2014;8;Porto;2.000
000003134414;06/06/2014;8;Porto;5.000
000002621581;06/06/2014;8;Faro;1.000
000001560490;06/06/2014;8;Lisboa;5.000
000001143840;06/06/2014;8;Lisboa;1.000
000000626183;06/06/2014;8;Vila real;0.500
000000572246;06/06/2014;8;Lisboa;0.500
000008650640;06/06/2014;7;Faro;3.000
000008028047;06/06/2014;7;Faro;1.000
000007823709;06/06/2014;7;Coimbra;2.000
000006559262;06/06/2014;7;Faro;2.000
000006221235;06/06/2014;7;Lisboa;0.500
000004922835;06/06/2014;7;Coimbra;0.500
000004196730;06/06/2014;7;Porto;0.500
000002981811;06/06/2014;7;Setúbal;2.000
000002161691;06/06/2014;7;Porto;3.000
000001982838;06/06/2014;7;Setúbal;5.000
000001838089;06/06/2014;7;Setúbal;5.000
000001341706;06/06/2014;7;Faro;2.000
000009955700;06/06/2014;6;Porto;1.000
000009648142;06/06/2014;6;Braga;5.000
000008741054;06/06/2014;6;Braga;5.000
000008300365;06/06/2014;6;Braga;5.000
000007878703;06/06/2014;6;Coimbra;3.000
000007718169;06/06/2014;6;Porto;1.000
000007385611;06/06/2014;6;Braga;0.500
000007140971;06/06/2014;6;Coimbra;5.000
000006738886;06/06/2014;6;Porto;3.000
000005758704;06/06/2014;6;Setúbal;5.000
000005442039;06/06/2014;6;Braga;1.000
000005428662;06/06/2014;6;Coimbra;2.000
000005328072;06/06/2014;6;Porto;1.000
000005126639;06/06/2014;6;Braga;0.500
000004590163;06/06/2014;6;Lisboa;0.500
000002115506;06/06/2014;6;Setúbal;3.000
000001061811;06/06/2014;6;Faro;5.000
000000806037;06/06/2014;6;Setúbal;2.000
000000740441;06/06/2014;6;Braga;0.500
000000581427;06/06/2014;6;Coimbra;0.500
000000111140;06/06/2014;6;Lisboa;3.000
000009863397;06/06/2014;5;Braga;2.000
000007896807;06/06/2014;5;Vila real;3.000
000006958430;06/06/2014;5;Setúbal;1.000
000006612863;06/06/2014;5;Braga;0.500
000005907662;06/06/2014;5;Faro;1.000
000004997430;06/06/2014;5;Vila real;0.500
000004636417;06/06/2014;5;Coimbra;3.000
000003660910;06/06/2014;5;Faro;0.500
000003355557;06/06/2014;5;Braga;1.000
000001487643;06/06/2014;5;Faro;1.000
000001255010;06/06/2014;5;Lisboa;3.000
000009035144;06/06/2014;4;Braga;0.500
000008912891;06/06/2014;4;Vila real;3.000
000008322108;06/06/2014;4;Lisboa;5.000
000007191882;06/06/2014;4;Setúbal;5.000
000006217107;06/06/2014;4;Faro;5.000
000005665002;06/06/2014;4;Lisboa;2.000
000004913921;06/06/2014;4;Coimbra;3.000
000003709425;06/06/2014;4;Coimbra;1.000
000003282629;06/06/2014;4;Braga;2.000
000002494225;06/06/2014;4;Setúbal;5.000
000002431682;06/06/2014;4;Coimbra;0.500
000000946341;06/06/2014;4;Coimbra;0.500
000000679047;06/06/2014;4;Faro;2.000
000009358284;06/06/2014;3;Faro;1.000
000008899468;06/06/2014;3;Coimbra;2.000
000007970852;06/06/2014;3;Porto;5.000
000007795531;06/06/2014;3;Vila real;3.000
000007084585;06/06/2014;3;Faro;0.500
000005157850;06/06/2014;3;Braga;0.500
000005128286;06/06/2014;3;Lisboa;3.000
000004613239;06/06/2014;3;Vila real;0.500
000003874838;06/06/2014;3;Lisboa;5.000
000002929604;06/06/2014;3;Coimbra;0.500
000002830153;06/06/2014;3;Setúbal;1.000
000002771391;06/06/2014;3;Setúbal;2.000
000002625829;06/06/2014;3;Braga;1.000
000002294672;06/06/2014;3;Lisboa;5.000
000002063710;06/06/2014;3;Vila real;0.500
000001784955;06/06/2014;3;Coimbra;3.000
000001672064;06/06/2014;3;Lisboa;1.000
000001403273;06/06/2014;3;Faro;1.000
000001323735;06/06/2014;3;Vila real;3.000
000000726169;06/06/2014;3;Vila real;3.000
000000645051;06/06/2014;3;Faro;2.000
000000475053;06/06/2014;3;Porto;3.000
000000110552;06/06/2014;3;Vila real;0.500
000009472056;06/06/2014;2;Coimbra;5.000
000007583672;06/06/2014;2;Setúbal;3.000
000007534492;06/06/2014;2;Vila real;3.000
000006686785;06/06/2014;2;Porto;5.000
000006440533;06/06/2014;2;Coimbra;1.000
000004913170;06/06/2014;2;Coimbra;1.000
000004263991;06/06/2014;2;Vila real;5.000
000003841631;06/06/2014;2;Lisboa;2.000
000003793962;06/06/2014;2;Setúbal;1.000
000003715956;06/06/2014;2;Coimbra;5.000
000003088731;06/06/2014;2;Lisboa;2.000
000002879184;06/06/2014;2;Porto;5.000
000002826585;06/06/2014;2;Setúbal;5.000
000002107145;06/06/2014;2;Braga;3.000
000001012203;06/06/2014;2;Lisboa;1.000
000000232483;06/06/2014;2;Porto;1.000
000009894183;06/06/2014;1;Coimbra;5.000
000009386612;06/06/2014;1;Vila real;5.000
000009076424;06/06/2014;1;Vila real;5.000
000007169498;06/06/2014;1;Faro;2.000
000006035688;06/06/2014;1;Faro;1.000
000005649790;06/06/2014;1;Faro;3.000
000004874295;06/06/2014;1;Coimbra;2.000
000003852690;06/06/2014;1;Braga;3.000
000003614352;06/06/2014;1;Porto;0.500
000003576638;06/06/2014;1;Vila real;2.000
000002999344;06/06/2014;1;Setúbal;2.000
000002904153;06/06/2014;1;Vila real;2.000
