000009980998;05/07/2016;14;Setúbal;0.500
000009715036;05/07/2016;14;Lisboa;5.000
000009571157;05/07/2016;14;Porto;0.500
000009568809;05/07/2016;14;Braga;3.000
000009559559;05/07/2016;14;Lisboa;2.000
000009402510;05/07/2016;14;Setúbal;2.000
000009185313;05/07/2016;14;Faro;1.000
000008836774;05/07/2016;14;Setúbal;0.500
000008824238;05/07/2016;14;Lisboa;0.500
000008658148;05/07/2016;14;Porto;2.000
000008635038;05/07/2016;14;Faro;0.500
000008487662;05/07/2016;14;Vila real;0.500
000008354524;05/07/2016;14;Vila real;5.000
000008276279;05/07/2016;14;Porto;5.000
000008239597;05/07/2016;14;Faro;0.500
000008098759;05/07/2016;14;Lisboa;0.500
000007874675;05/07/2016;14;Porto;5.000
000007664016;05/07/2016;14;Braga;1.000
000007083226;05/07/2016;14;Lisboa;1.000
000006484074;05/07/2016;14;Braga;3.000
000006417615;05/07/2016;14;Porto;1.000
000006331739;05/07/2016;14;Setúbal;3.000
000005941279;05/07/2016;14;Lisboa;5.000
000005912453;05/07/2016;14;Vila real;0.500
000005910714;05/07/2016;14;Faro;5.000
000005893100;05/07/2016;14;Porto;0.500
000005853856;05/07/2016;14;Porto;5.000
000005629928;05/07/2016;14;Lisboa;5.000
000005544111;05/07/2016;14;Vila real;3.000
000005314884;05/07/2016;14;Coimbra;3.000
000005200906;05/07/2016;14;Faro;3.000
000004847240;05/07/2016;14;Vila real;2.000
000004825917;05/07/2016;14;Lisboa;5.000
000004716132;05/07/2016;14;Coimbra;5.000
000004675049;05/07/2016;14;Faro;2.000
000004516029;05/07/2016;14;Faro;2.000
000004263977;05/07/2016;14;Braga;0.500
000004097837;05/07/2016;14;Faro;2.000
000003678099;05/07/2016;14;Braga;2.000
000003397690;05/07/2016;14;Faro;1.000
000002618339;05/07/2016;14;Porto;3.000
000002574099;05/07/2016;14;Porto;5.000
000002048710;05/07/2016;14;Vila real;3.000
000001667617;05/07/2016;14;Setúbal;5.000
000001337751;05/07/2016;14;Faro;3.000
000001227402;05/07/2016;14;Porto;2.000
000000931463;05/07/2016;14;Braga;5.000
000000855543;05/07/2016;14;Coimbra;2.000
000000825378;05/07/2016;14;Faro;1.000
000000609615;05/07/2016;14;Vila real;5.000
000000526987;05/07/2016;14;Faro;1.000
000000443483;05/07/2016;14;Faro;0.500
000000079823;05/07/2016;14;Vila real;1.000
000000029925;05/07/2016;14;Setúbal;2.000
000009920640;05/07/2016;13;Setúbal;1.000
000009870736;05/07/2016;13;Faro;3.000
000009772675;05/07/2016;13;Braga;2.000
000008319734;05/07/2016;13;Setúbal;3.000
000008082223;05/07/2016;13;Coimbra;2.000
000008001832;05/07/2016;13;Setúbal;0.500
000007945408;05/07/2016;13;Coimbra;0.500
000007695193;05/07/2016;13;Braga;0.500
000007592034;05/07/2016;13;Lisboa;2.000
000007581262;05/07/2016;13;Porto;0.500
000007291012;05/07/2016;13;Vila real;5.000
000007058325;05/07/2016;13;Faro;1.000
000006822191;05/07/2016;13;Coimbra;2.000
000006156060;05/07/2016;13;Lisboa;0.500
000005402402;05/07/2016;13;Vila real;2.000
000005395392;05/07/2016;13;Coimbra;0.500
000005341517;05/07/2016;13;Setúbal;0.500
000005277635;05/07/2016;13;Vila real;1.000
000005249314;05/07/2016;13;Faro;3.000
000004788911;05/07/2016;13;Vila real;0.500
000004342323;05/07/2016;13;Lisboa;5.000
000004170808;05/07/2016;13;Setúbal;1.000
000004144587;05/07/2016;13;Vila real;0.500
000004088925;05/07/2016;13;Lisboa;3.000
000003580843;05/07/2016;13;Coimbra;2.000
000003543811;05/07/2016;13;Lisboa;5.000
000002936387;05/07/2016;13;Lisboa;2.000
000002791301;05/07/2016;13;Faro;2.000
000002639735;05/07/2016;13;Lisboa;0.500
000002445471;05/07/2016;13;Faro;5.000
000002241818;05/07/2016;13;Vila real;2.000
000002115827;05/07/2016;13;Lisboa;3.000
000001185197;05/07/2016;13;Vila real;0.500
000000987896;05/07/2016;13;Braga;5.000
000000850721;05/07/2016;13;Vila real;2.000
000000475880;05/07/2016;13;Coimbra;2.000
000000353018;05/07/2016;13;Porto;1.000
000009234687;05/07/2016;12;Braga;2.000
000009154302;05/07/2016;12;Faro;0.500
000009119976;05/07/2016;12;Coimbra;3.000
000008777576;05/07/2016;12;Coimbra;0.500
000008432743;05/07/2016;12;Vila real;5.000
000008424402;05/07/2016;12;Vila real;5.000
000008242816;05/07/2016;12;Vila real;1.000
000008096017;05/07/2016;12;Lisboa;0.500
000007841330;05/07/2016;12;Porto;0.500
000007713383;05/07/2016;12;Vila real;2.000
000007589065;05/07/2016;12;Vila real;1.000
000007364401;05/07/2016;12;Lisboa;3.000
000007111436;05/07/2016;12;Porto;3.000
000007050706;05/07/2016;12;Coimbra;0.500
000006318474;05/07/2016;12;Coimbra;5.000
000006242739;05/07/2016;12;Vila real;1.000
000006214578;05/07/2016;12;Vila real;3.000
000006127200;05/07/2016;12;Coimbra;0.500
000006008817;05/07/2016;12;Lisboa;1.000
000005634038;05/07/2016;12;Coimbra;1.000
000005238644;05/07/2016;12;Braga;3.000
000005207200;05/07/2016;12;Braga;0.500
000004427852;05/07/2016;12;Porto;0.500
000004414010;05/07/2016;12;Setúbal;1.000
000004402488;05/07/2016;12;Setúbal;2.000
000004118715;05/07/2016;12;Faro;2.000
000003995367;05/07/2016;12;Braga;2.000
000003834840;05/07/2016;12;Setúbal;3.000
000003683598;05/07/2016;12;Coimbra;0.500
000003407010;05/07/2016;12;Braga;3.000
000003094806;05/07/2016;12;Coimbra;0.500
000002708733;05/07/2016;12;Faro;3.000
000002288502;05/07/2016;12;Porto;1.000
000002121156;05/07/2016;12;Braga;1.000
000001884202;05/07/2016;12;Lisboa;0.500
000001307608;05/07/2016;12;Vila real;1.000
000001264957;05/07/2016;12;Braga;2.000
000001197776;05/07/2016;12;Porto;1.000
000001195180;05/07/2016;12;Coimbra;0.500
000000868265;05/07/2016;12;Braga;0.500
000000580880;05/07/2016;12;Faro;5.000
000000001752;05/07/2016;12;Faro;3.000
000009801998;05/07/2016;11;Coimbra;0.500
000009315786;05/07/2016;11;Lisboa;3.000
000009180549;05/07/2016;11;Porto;5.000
000009154382;05/07/2016;11;Porto;2.000
000009102603;05/07/2016;11;Vila real;1.000
000008884219;05/07/2016;11;Coimbra;1.000
000008631210;05/07/2016;11;Vila real;3.000
000008055838;05/07/2016;11;Porto;2.000
000008019410;05/07/2016;11;Porto;2.000
000007752892;05/07/2016;11;Lisboa;1.000
000007660579;05/07/2016;11;Braga;3.000
000007636440;05/07/2016;11;Lisboa;0.500
000007405024;05/07/2016;11;Coimbra;5.000
000007057626;05/07/2016;11;Faro;3.000
000006772487;05/07/2016;11;Vila real;3.000
000006682430;05/07/2016;11;Vila real;2.000
000006448663;05/07/2016;11;Faro;0.500
000006270732;05/07/2016;11;Braga;3.000
000006124075;05/07/2016;11;Lisboa;1.000
000006029829;05/07/2016;11;Lisboa;5.000
000005832627;05/07/2016;11;Vila real;0.500
000005805123;05/07/2016;11;Vila real;1.000
000004948005;05/07/2016;11;Vila real;0.500
000004407645;05/07/2016;11;Lisboa;2.000
000004335199;05/07/2016;11;Vila real;0.500
000003469372;05/07/2016;11;Porto;1.000
000003089089;05/07/2016;11;Faro;2.000
000002926680;05/07/2016;11;Faro;2.000
000002874964;05/07/2016;11;Porto;2.000
000002191044;05/07/2016;11;Coimbra;0.500
000001431801;05/07/2016;11;Coimbra;3.000
000001317094;05/07/2016;11;Lisboa;1.000
000001301056;05/07/2016;11;Braga;2.000
000000901333;05/07/2016;11;Lisboa;5.000
000000766499;05/07/2016;11;Lisboa;2.000
000000671252;05/07/2016;11;Lisboa;3.000
000000667099;05/07/2016;11;Setúbal;0.500
000000341466;05/07/2016;11;Braga;2.000
000000316760;05/07/2016;11;Coimbra;0.500
000000027512;05/07/2016;11;Braga;3.000
000000020325;05/07/2016;11;Lisboa;3.000
000009771738;05/07/2016;10;Braga;0.500
000009414199;05/07/2016;10;Coimbra;3.000
000009343655;05/07/2016;10;Faro;1.000
000009191805;05/07/2016;10;Lisboa;2.000
000009071553;05/07/2016;10;Lisboa;2.000
000008895214;05/07/2016;10;Setúbal;3.000
000007768577;05/07/2016;10;Coimbra;3.000
000007665670;05/07/2016;10;Vila real;2.000
000007305457;05/07/2016;10;Porto;3.000
000007211330;05/07/2016;10;Faro;2.000
000006739691;05/07/2016;10;Vila real;3.000
000006723472;05/07/2016;10;Lisboa;3.000
000006716208;05/07/2016;10;Vila real;3.000
000006492130;05/07/2016;10;Vila real;1.000
000006266622;05/07/2016;10;Setúbal;3.000
000006257667;05/07/2016;10;Braga;5.000
000006250869;05/07/2016;10;Setúbal;0.500
000006173843;05/07/2016;10;Coimbra;2.000
000006090708;05/07/2016;10;Setúbal;2.000
000005883777;05/07/2016;10;Porto;2.000
000005733068;05/07/2016;10;Braga;3.000
000005579903;05/07/2016;10;Lisboa;3.000
000005435337;05/07/2016;10;Vila real;0.500
000005121045;05/07/2016;10;Faro;2.000
000005118843;05/07/2016;10;Faro;2.000
000005111223;05/07/2016;10;Coimbra;2.000
000005096985;05/07/2016;10;Braga;3.000
000004957938;05/07/2016;10;Braga;2.000
000004749702;05/07/2016;10;Porto;0.500
000004145122;05/07/2016;10;Vila real;2.000
000003960879;05/07/2016;10;Porto;1.000
000003658931;05/07/2016;10;Braga;3.000
000003417819;05/07/2016;10;Lisboa;3.000
000003250194;05/07/2016;10;Porto;5.000
000003089005;05/07/2016;10;Vila real;1.000
000003035749;05/07/2016;10;Vila real;2.000
000002547305;05/07/2016;10;Faro;0.500
000002152184;05/07/2016;10;Setúbal;1.000
000002045162;05/07/2016;10;Braga;3.000
000001820623;05/07/2016;10;Braga;2.000
000001723116;05/07/2016;10;Braga;3.000
000001506575;05/07/2016;10;Braga;2.000
000001424765;05/07/2016;10;Lisboa;2.000
000001416225;05/07/2016;10;Porto;2.000
000001402718;05/07/2016;10;Porto;3.000
000001161817;05/07/2016;10;Coimbra;2.000
000000345231;05/07/2016;10;Faro;5.000
000000269890;05/07/2016;10;Porto;5.000
000000087123;05/07/2016;10;Porto;5.000
000009815285;05/07/2016;9;Vila real;0.500
000009723648;05/07/2016;9;Lisboa;5.000
000009276474;05/07/2016;9;Vila real;0.500
000009205967;05/07/2016;9;Lisboa;1.000
000009203620;05/07/2016;9;Coimbra;3.000
000008752963;05/07/2016;9;Braga;2.000
000008695751;05/07/2016;9;Setúbal;2.000
000008655707;05/07/2016;9;Porto;2.000
000008499472;05/07/2016;9;Faro;3.000
000008155452;05/07/2016;9;Braga;0.500
000007849358;05/07/2016;9;Setúbal;5.000
000007607977;05/07/2016;9;Setúbal;2.000
000007547304;05/07/2016;9;Lisboa;0.500
000007341846;05/07/2016;9;Braga;0.500
000007114231;05/07/2016;9;Setúbal;5.000
000006946243;05/07/2016;9;Lisboa;5.000
000006808458;05/07/2016;9;Vila real;5.000
000006555063;05/07/2016;9;Coimbra;3.000
000005564665;05/07/2016;9;Braga;5.000
000005532296;05/07/2016;9;Lisboa;3.000
000005368495;05/07/2016;9;Vila real;2.000
000005151850;05/07/2016;9;Faro;5.000
000004944744;05/07/2016;9;Vila real;5.000
000004692120;05/07/2016;9;Lisboa;2.000
000004416554;05/07/2016;9;Vila real;3.000
000003976900;05/07/2016;9;Braga;5.000
000003807264;05/07/2016;9;Porto;0.500
000003188575;05/07/2016;9;Braga;1.000
000002957334;05/07/2016;9;Faro;1.000
000002525593;05/07/2016;9;Braga;5.000
000002114835;05/07/2016;9;Porto;1.000
000001557449;05/07/2016;9;Braga;0.500
000001443022;05/07/2016;9;Braga;0.500
000001343057;05/07/2016;9;Setúbal;1.000
000001237583;05/07/2016;9;Coimbra;3.000
000001026483;05/07/2016;9;Porto;5.000
000000881572;05/07/2016;9;Braga;0.500
000000812565;05/07/2016;9;Coimbra;1.000
000000537333;05/07/2016;9;Coimbra;3.000
000000332020;05/07/2016;9;Braga;1.000
000000165021;05/07/2016;9;Lisboa;3.000
000000061854;05/07/2016;9;Faro;2.000
000009718727;05/07/2016;8;Faro;3.000
000009523376;05/07/2016;8;Vila real;5.000
000009418751;05/07/2016;8;Faro;5.000
000009179721;05/07/2016;8;Coimbra;2.000
000009064858;05/07/2016;8;Vila real;3.000
000008707946;05/07/2016;8;Setúbal;5.000
000008380283;05/07/2016;8;Vila real;2.000
000007549997;05/07/2016;8;Vila real;0.500
000007505674;05/07/2016;8;Porto;2.000
000007230859;05/07/2016;8;Setúbal;3.000
000007193412;05/07/2016;8;Braga;5.000
000006766620;05/07/2016;8;Lisboa;2.000
000006630150;05/07/2016;8;Setúbal;5.000
000006096568;05/07/2016;8;Lisboa;0.500
000005610104;05/07/2016;8;Lisboa;5.000
000005577818;05/07/2016;8;Braga;5.000
000005278623;05/07/2016;8;Vila real;3.000
000005106376;05/07/2016;8;Faro;5.000
000005040446;05/07/2016;8;Braga;1.000
000004937722;05/07/2016;8;Lisboa;1.000
000004861745;05/07/2016;8;Lisboa;2.000
000004395419;05/07/2016;8;Lisboa;0.500
000004312357;05/07/2016;8;Braga;2.000
000003180911;05/07/2016;8;Porto;0.500
000003077825;05/07/2016;8;Vila real;2.000
000002940770;05/07/2016;8;Setúbal;0.500
000002825890;05/07/2016;8;Porto;3.000
000002712482;05/07/2016;8;Setúbal;2.000
000002296930;05/07/2016;8;Braga;1.000
000001840219;05/07/2016;8;Coimbra;0.500
000001759140;05/07/2016;8;Vila real;2.000
000001754549;05/07/2016;8;Lisboa;0.500
000001150422;05/07/2016;8;Setúbal;0.500
000001032700;05/07/2016;8;Setúbal;1.000
000000483681;05/07/2016;8;Setúbal;3.000
000000348223;05/07/2016;8;Faro;1.000
000000112690;05/07/2016;8;Vila real;3.000
000009996708;05/07/2016;7;Setúbal;1.000
000009988608;05/07/2016;7;Vila real;0.500
000009188927;05/07/2016;7;Vila real;3.000
000008624295;05/07/2016;7;Setúbal;5.000
000008612798;05/07/2016;7;Porto;0.500
000008267686;05/07/2016;7;Porto;5.000
000008136002;05/07/2016;7;Lisboa;3.000
000007894270;05/07/2016;7;Braga;0.500
000007863593;05/07/2016;7;Faro;5.000
000007566815;05/07/2016;7;Setúbal;2.000
000007300928;05/07/2016;7;Coimbra;3.000
000007197810;05/07/2016;7;Setúbal;5.000
000007039188;05/07/2016;7;Coimbra;3.000
000006973293;05/07/2016;7;Vila real;5.000
000006927207;05/07/2016;7;Setúbal;2.000
000006645282;05/07/2016;7;Setúbal;0.500
000006588870;05/07/2016;7;Coimbra;1.000
000006516900;05/07/2016;7;Porto;0.500
000006465242;05/07/2016;7;Lisboa;5.000
000005797042;05/07/2016;7;Vila real;3.000
000005792170;05/07/2016;7;Vila real;5.000
000005377652;05/07/2016;7;Vila real;3.000
000005016221;05/07/2016;7;Braga;3.000
000004909843;05/07/2016;7;Porto;1.000
000004300175;05/07/2016;7;Braga;3.000
000004028539;05/07/2016;7;Coimbra;0.500
000003723144;05/07/2016;7;Vila real;3.000
000003465253;05/07/2016;7;Setúbal;0.500
000003363608;05/07/2016;7;Coimbra;5.000
000002968704;05/07/2016;7;Faro;1.000
000002674751;05/07/2016;7;Braga;1.000
000002645429;05/07/2016;7;Porto;1.000
000002367092;05/07/2016;7;Lisboa;1.000
000002216359;05/07/2016;7;Porto;1.000
000002214571;05/07/2016;7;Lisboa;5.000
000001317415;05/07/2016;7;Faro;2.000
000000828671;05/07/2016;7;Coimbra;3.000
000000766073;05/07/2016;7;Coimbra;0.500
000000750600;05/07/2016;7;Vila real;3.000
000000556086;05/07/2016;7;Braga;5.000
000000385067;05/07/2016;7;Braga;5.000
000000377047;05/07/2016;7;Vila real;5.000
000000240145;05/07/2016;7;Porto;3.000
000000141223;05/07/2016;7;Braga;5.000
000009972049;05/07/2016;6;Lisboa;5.000
000009245365;05/07/2016;6;Lisboa;0.500
000009063025;05/07/2016;6;Vila real;0.500
000008737444;05/07/2016;6;Setúbal;2.000
000008505214;05/07/2016;6;Porto;3.000
000008157171;05/07/2016;6;Porto;5.000
000008068573;05/07/2016;6;Porto;5.000
000008058364;05/07/2016;6;Vila real;0.500
000007547996;05/07/2016;6;Porto;5.000
000006919107;05/07/2016;6;Setúbal;0.500
000006642845;05/07/2016;6;Coimbra;3.000
000006573756;05/07/2016;6;Vila real;1.000
000006423472;05/07/2016;6;Coimbra;3.000
000006383833;05/07/2016;6;Lisboa;1.000
000006190781;05/07/2016;6;Faro;2.000
000006128929;05/07/2016;6;Porto;2.000
000005796631;05/07/2016;6;Braga;1.000
000005596556;05/07/2016;6;Coimbra;3.000
000005510811;05/07/2016;6;Lisboa;3.000
000005150995;05/07/2016;6;Setúbal;3.000
000005035483;05/07/2016;6;Vila real;0.500
000004640854;05/07/2016;6;Porto;0.500
000004536353;05/07/2016;6;Porto;1.000
000004402911;05/07/2016;6;Setúbal;2.000
000004391795;05/07/2016;6;Coimbra;1.000
000003948595;05/07/2016;6;Faro;3.000
000003943835;05/07/2016;6;Setúbal;5.000
000003933647;05/07/2016;6;Braga;5.000
000003076748;05/07/2016;6;Vila real;3.000
000002654065;05/07/2016;6;Lisboa;1.000
000002620555;05/07/2016;6;Faro;0.500
000002610262;05/07/2016;6;Lisboa;1.000
000002564044;05/07/2016;6;Coimbra;3.000
000002557016;05/07/2016;6;Lisboa;2.000
000002106290;05/07/2016;6;Vila real;2.000
000001720933;05/07/2016;6;Braga;3.000
000001447621;05/07/2016;6;Coimbra;1.000
000001115736;05/07/2016;6;Lisboa;2.000
000000927045;05/07/2016;6;Vila real;0.500
000000581529;05/07/2016;6;Lisboa;0.500
000000465531;05/07/2016;6;Vila real;5.000
000000443802;05/07/2016;6;Faro;2.000
000000094439;05/07/2016;6;Faro;5.000
000009310511;05/07/2016;5;Faro;3.000
000008652532;05/07/2016;5;Porto;1.000
000008646120;05/07/2016;5;Lisboa;0.500
000008415523;05/07/2016;5;Vila real;2.000
000007822966;05/07/2016;5;Porto;5.000
000007702257;05/07/2016;5;Braga;2.000
000007472323;05/07/2016;5;Porto;1.000
000007338247;05/07/2016;5;Braga;5.000
000006782660;05/07/2016;5;Porto;5.000
000006401216;05/07/2016;5;Porto;0.500
000006300152;05/07/2016;5;Lisboa;2.000
000005654409;05/07/2016;5;Setúbal;1.000
000005241239;05/07/2016;5;Porto;0.500
000005151529;05/07/2016;5;Braga;2.000
000005090466;05/07/2016;5;Faro;2.000
000004602481;05/07/2016;5;Faro;0.500
000004564176;05/07/2016;5;Porto;1.000
000004556086;05/07/2016;5;Setúbal;1.000
000004426118;05/07/2016;5;Lisboa;3.000
000003970955;05/07/2016;5;Lisboa;2.000
000003244488;05/07/2016;5;Lisboa;2.000
000002958259;05/07/2016;5;Lisboa;0.500
000002841290;05/07/2016;5;Coimbra;2.000
000002815072;05/07/2016;5;Lisboa;1.000
000002692867;05/07/2016;5;Lisboa;0.500
000002594604;05/07/2016;5;Braga;2.000
000002279395;05/07/2016;5;Coimbra;3.000
000002017430;05/07/2016;5;Faro;2.000
000001720799;05/07/2016;5;Braga;3.000
000001637192;05/07/2016;5;Porto;5.000
000001411435;05/07/2016;5;Porto;3.000
000001393342;05/07/2016;5;Faro;0.500
000001309270;05/07/2016;5;Setúbal;3.000
000001050133;05/07/2016;5;Vila real;3.000
000000968805;05/07/2016;5;Coimbra;1.000
000000408104;05/07/2016;5;Coimbra;5.000
000000345074;05/07/2016;5;Braga;1.000
000009398125;05/07/2016;4;Coimbra;0.500
000009382877;05/07/2016;4;Vila real;2.000
000009354282;05/07/2016;4;Vila real;5.000
000009330478;05/07/2016;4;Faro;3.000
000008947925;05/07/2016;4;Vila real;1.000
000008775791;05/07/2016;4;Vila real;2.000
000008086420;05/07/2016;4;Faro;5.000
000007967910;05/07/2016;4;Vila real;3.000
000007832175;05/07/2016;4;Braga;1.000
000007528590;05/07/2016;4;Setúbal;1.000
000006901671;05/07/2016;4;Lisboa;5.000
000006775652;05/07/2016;4;Coimbra;1.000
000006708538;05/07/2016;4;Lisboa;3.000
000006675900;05/07/2016;4;Vila real;1.000
000006502487;05/07/2016;4;Lisboa;1.000
000006497188;05/07/2016;4;Setúbal;1.000
000005897013;05/07/2016;4;Vila real;0.500
000005875667;05/07/2016;4;Porto;1.000
000005281845;05/07/2016;4;Faro;1.000
000005190959;05/07/2016;4;Setúbal;1.000
000005078065;05/07/2016;4;Faro;2.000
000004991000;05/07/2016;4;Setúbal;2.000
000004449602;05/07/2016;4;Braga;0.500
000004408883;05/07/2016;4;Porto;0.500
000004108610;05/07/2016;4;Vila real;0.500
000003966167;05/07/2016;4;Braga;5.000
000003863695;05/07/2016;4;Faro;3.000
000003549864;05/07/2016;4;Braga;5.000
000003405229;05/07/2016;4;Lisboa;2.000
000003272134;05/07/2016;4;Porto;0.500
000003157657;05/07/2016;4;Lisboa;5.000
000003027191;05/07/2016;4;Faro;3.000
000002885603;05/07/2016;4;Braga;2.000
000002709508;05/07/2016;4;Lisboa;0.500
000002548128;05/07/2016;4;Coimbra;1.000
000002244238;05/07/2016;4;Braga;5.000
000002189984;05/07/2016;4;Faro;2.000
000001973839;05/07/2016;4;Braga;5.000
000001803383;05/07/2016;4;Vila real;0.500
000001782690;05/07/2016;4;Faro;1.000
000001647800;05/07/2016;4;Coimbra;3.000
000001271781;05/07/2016;4;Setúbal;1.000
000001169080;05/07/2016;4;Coimbra;1.000
000001072696;05/07/2016;4;Lisboa;3.000
000000825219;05/07/2016;4;Braga;2.000
000000689253;05/07/2016;4;Faro;0.500
000000623959;05/07/2016;4;Porto;3.000
000000614193;05/07/2016;4;Faro;3.000
000000536217;05/07/2016;4;Porto;3.000
000009897213;05/07/2016;3;Faro;0.500
000009853360;05/07/2016;3;Setúbal;0.500
000009701782;05/07/2016;3;Coimbra;0.500
000009680059;05/07/2016;3;Faro;2.000
000009478130;05/07/2016;3;Vila real;2.000
000009437871;05/07/2016;3;Vila real;0.500
000009396361;05/07/2016;3;Porto;0.500
000009318882;05/07/2016;3;Braga;1.000
000009154973;05/07/2016;3;Faro;1.000
000009150434;05/07/2016;3;Setúbal;5.000
000009003907;05/07/2016;3;Setúbal;0.500
000008760919;05/07/2016;3;Faro;2.000
000008595178;05/07/2016;3;Coimbra;0.500
000008485585;05/07/2016;3;Faro;3.000
000008155128;05/07/2016;3;Faro;3.000
000008073967;05/07/2016;3;Porto;2.000
000008048960;05/07/2016;3;Porto;1.000
000007812205;05/07/2016;3;Setúbal;2.000
000007644721;05/07/2016;3;Lisboa;3.000
000007613803;05/07/2016;3;Vila real;1.000
000006968927;05/07/2016;3;Porto;2.000
000006931530;05/07/2016;3;Lisboa;5.000
000006916802;05/07/2016;3;Faro;5.000
000006859962;05/07/2016;3;Setúbal;2.000
000006630200;05/07/2016;3;Coimbra;5.000
000006588142;05/07/2016;3;Lisboa;1.000
000006196323;05/07/2016;3;Porto;0.500
000005914228;05/07/2016;3;Coimbra;1.000
000005858044;05/07/2016;3;Coimbra;0.500
000005835466;05/07/2016;3;Porto;2.000
000005618861;05/07/2016;3;Lisboa;1.000
000005272860;05/07/2016;3;Braga;3.000
000005054842;05/07/2016;3;Vila real;1.000
000005006863;05/07/2016;3;Coimbra;0.500
000004706058;05/07/2016;3;Coimbra;1.000
000004342420;05/07/2016;3;Lisboa;5.000
000004180417;05/07/2016;3;Porto;1.000
000003945155;05/07/2016;3;Porto;1.000
000003749889;05/07/2016;3;Braga;1.000
000003305531;05/07/2016;3;Braga;1.000
000002712299;05/07/2016;3;Faro;3.000
000002383716;05/07/2016;3;Faro;0.500
000002362371;05/07/2016;3;Setúbal;0.500
000002336292;05/07/2016;3;Faro;1.000
000001859360;05/07/2016;3;Coimbra;3.000
000001771239;05/07/2016;3;Setúbal;2.000
000001678381;05/07/2016;3;Braga;2.000
000001593326;05/07/2016;3;Braga;0.500
000000718836;05/07/2016;3;Setúbal;2.000
000000686756;05/07/2016;3;Lisboa;1.000
000000627838;05/07/2016;3;Coimbra;2.000
000000306702;05/07/2016;3;Setúbal;5.000
000000268969;05/07/2016;3;Coimbra;2.000
000000159999;05/07/2016;3;Setúbal;0.500
000009478651;05/07/2016;2;Coimbra;5.000
000009441038;05/07/2016;2;Faro;3.000
000009406970;05/07/2016;2;Braga;1.000
000009373228;05/07/2016;2;Faro;3.000
000009353987;05/07/2016;2;Coimbra;1.000
000009063420;05/07/2016;2;Setúbal;0.500
000008774540;05/07/2016;2;Porto;2.000
000008504099;05/07/2016;2;Setúbal;0.500
000008315084;05/07/2016;2;Vila real;3.000
000008222274;05/07/2016;2;Vila real;5.000
000007952189;05/07/2016;2;Braga;3.000
000007771181;05/07/2016;2;Coimbra;2.000
000007215032;05/07/2016;2;Braga;3.000
000007107007;05/07/2016;2;Vila real;0.500
000006767182;05/07/2016;2;Vila real;5.000
000006451554;05/07/2016;2;Setúbal;1.000
000006337135;05/07/2016;2;Setúbal;2.000
000005960457;05/07/2016;2;Braga;1.000
000005869195;05/07/2016;2;Lisboa;0.500
000005803061;05/07/2016;2;Vila real;0.500
000005714687;05/07/2016;2;Lisboa;5.000
000005644780;05/07/2016;2;Braga;1.000
000004414165;05/07/2016;2;Vila real;1.000
000004348807;05/07/2016;2;Vila real;1.000
000004266903;05/07/2016;2;Lisboa;5.000
000004052739;05/07/2016;2;Coimbra;5.000
000003773556;05/07/2016;2;Coimbra;3.000
000003581018;05/07/2016;2;Porto;0.500
000003563573;05/07/2016;2;Braga;5.000
000003558166;05/07/2016;2;Coimbra;2.000
000003228177;05/07/2016;2;Faro;3.000
000003112511;05/07/2016;2;Vila real;1.000
000002907216;05/07/2016;2;Porto;5.000
000002531330;05/07/2016;2;Setúbal;3.000
000002461681;05/07/2016;2;Lisboa;0.500
000002285264;05/07/2016;2;Coimbra;0.500
000002218786;05/07/2016;2;Braga;3.000
000002161729;05/07/2016;2;Lisboa;1.000
000002101150;05/07/2016;2;Coimbra;1.000
000001924881;05/07/2016;2;Porto;2.000
000001881798;05/07/2016;2;Vila real;3.000
000001864701;05/07/2016;2;Braga;2.000
000001777619;05/07/2016;2;Faro;5.000
000001660052;05/07/2016;2;Porto;0.500
000001627549;05/07/2016;2;Faro;0.500
000001522081;05/07/2016;2;Coimbra;2.000
000001385235;05/07/2016;2;Coimbra;1.000
000001141902;05/07/2016;2;Faro;0.500
000000912160;05/07/2016;2;Lisboa;3.000
000000675862;05/07/2016;2;Faro;5.000
000000395452;05/07/2016;2;Vila real;2.000
000000276621;05/07/2016;2;Braga;5.000
000000151100;05/07/2016;2;Setúbal;2.000
000000059848;05/07/2016;2;Setúbal;0.500
000009893429;05/07/2016;1;Porto;1.000
000009887633;05/07/2016;1;Vila real;3.000
000009860428;05/07/2016;1;Braga;5.000
000009444413;05/07/2016;1;Setúbal;0.500
000009431234;05/07/2016;1;Vila real;5.000
000009428986;05/07/2016;1;Porto;1.000
000008896559;05/07/2016;1;Coimbra;1.000
000008886423;05/07/2016;1;Faro;0.500
000008548069;05/07/2016;1;Coimbra;2.000
000008241515;05/07/2016;1;Vila real;3.000
000007871567;05/07/2016;1;Lisboa;2.000
000007506979;05/07/2016;1;Faro;3.000
000007445746;05/07/2016;1;Faro;1.000
000007259010;05/07/2016;1;Porto;0.500
000006858987;05/07/2016;1;Porto;3.000
000006772691;05/07/2016;1;Faro;0.500
000006506317;05/07/2016;1;Coimbra;3.000
000006225669;05/07/2016;1;Faro;0.500
000006107347;05/07/2016;1;Porto;5.000
000006061715;05/07/2016;1;Porto;1.000
000005931197;05/07/2016;1;Lisboa;1.000
000005231776;05/07/2016;1;Setúbal;5.000
000005054707;05/07/2016;1;Faro;2.000
000004901748;05/07/2016;1;Lisboa;1.000
000004884868;05/07/2016;1;Braga;0.500
000004724550;05/07/2016;1;Lisboa;0.500
000004646616;05/07/2016;1;Coimbra;1.000
000004346006;05/07/2016;1;Braga;3.000
000004241716;05/07/2016;1;Lisboa;2.000
000003969747;05/07/2016;1;Vila real;1.000
000003567038;05/07/2016;1;Coimbra;0.500
000002905461;05/07/2016;1;Faro;5.000
000002797001;05/07/2016;1;Braga;3.000
000002745316;05/07/2016;1;Braga;5.000
000002709564;05/07/2016;1;Braga;5.000
000002564817;05/07/2016;1;Faro;1.000
000002541950;05/07/2016;1;Vila real;1.000
000002537050;05/07/2016;1;Lisboa;5.000
000001997042;05/07/2016;1;Setúbal;5.000
000001754733;05/07/2016;1;Braga;1.000
000001405407;05/07/2016;1;Setúbal;0.500
000001127796;05/07/2016;1;Coimbra;0.500
000001003075;05/07/2016;1;Setúbal;5.000
000000867164;05/07/2016;1;Setúbal;5.000
000000564133;05/07/2016;1;Lisboa;2.000
000000078430;05/07/2016;1;Faro;1.000
