000000004141;Érica Cardoso;5.000
000000008431;Carolina Matias;5.000
000000009951;Filipe Neto;4.000
000000007405;Kevin Assunção;3.548
000000008899;Rafaela de Barros;3.538
000000002888;Igor Valente;3.500
000000003392;Renato do Cruz;3.473
000000007816;Vitória Amorim;3.470
000000007082;Camila Pinheiro;3.467
000000000219;Lúcia Santos;3.457
000000006941;Vera Batista;3.451
000000001533;Caetana Assunção;3.447
000000005290;Gabriela Fernandes;3.444
000000000866;Valentim do Miranda;3.443
000000005662;Soraia do Carneiro;3.440
000000005025;Anita Lima;3.439
000000007431;Inês-Mara Correia;3.438
000000007060;Filipe Melo;3.430
000000006657;Diego Oliveira;3.429
000000003682;Gonçalo Maia;3.426
000000008630;Soraia Almeida;3.422
000000000126;António Rodrigues;3.413
000000006183;Jaime Pinheiro;3.412
000000005479;Nicole Leal;3.411
000000004215;Eva Nunes;3.406
000000008548;Samuel Morais;3.406
000000006129;Renata Figueiredo;3.402
000000001935;Micael do Freitas;3.402
000000004760;Tatiana Barbosa;3.400
000000008929;Kevin Mendes-Barbosa;3.398
000000005482;Joel Faria;3.396
000000009530;Joana-Camila Pires;3.396
000000006360;Afonso de Faria;3.394
000000008740;Noah Henriques;3.394
000000005147;Jéssica da Valente;3.392
000000000375;Filipa Campos;3.391
000000005513;Rui Melo;3.388
000000006435;Luís do Gonçalves;3.388
000000004960;Francisca Barbosa;3.387
000000002873;Benjamim Campos;3.386
000000005460;Ângelo Vaz;3.386
000000004523;Lúcia Macedo;3.385
000000002043;Renato Vaz;3.384
000000006395;Lorena Neves;3.381
000000005894;Raquel Pacheco;3.378
000000004571;Eva Macedo-Costa;3.376
000000006220;Fábio Esteves;3.373
000000007662;Íris Domingues-Almeida;3.371
000000007296;Mário Neto;3.370
000000005096;Gil Brito;3.370
000000004929;Afonso Sousa;3.369
000000002055;Ana Azevedo;3.367
000000008318;Luana Magalhães;3.365
000000000046;Emília Fonseca;3.365
000000007473;Gil Ferreira;3.365
000000006212;Melissa do Lima;3.364
000000007450;Joel Brito;3.361
000000002284;Lia Cardoso;3.361
000000001842;Filipe Jesus;3.360
000000002502;Alexandra Amaral;3.360
000000009154;Luciana Figueiredo;3.358
000000003952;Rúben Costa;3.357
000000003636;Larissa Fernandes;3.354
000000008747;Ivan de Antunes;3.351
000000004354;Manuel Neto;3.350
000000005790;Miguel Miranda;3.350
000000007379;Gabriela Garcia;3.349
000000008139;Nair de Baptista;3.348
000000006803;Matilde Jesus;3.347
000000007051;Gabriel Coelho-Azevedo;3.345
000000002768;Margarida-Teresa Anjos;3.345
000000005832;Ismael Castro;3.345
000000004116;Leonor-Isabela Silva;3.344
000000008224;Mara Sousa;3.344
000000001933;Andreia Marques;3.344
000000008329;Gonçalo Tavares;3.342
000000003965;Diego Costa;3.341
000000000742;Miriam da Mendes;3.341
000000007411;Vasco Nascimento;3.340
000000002530;Daniela Soares;3.338
000000007014;Salomé da Teixeira;3.337
000000005438;Sofia Carvalho;3.337
000000003444;José Leal;3.337
000000006226;Martim Moreira;3.337
000000006373;Micael Macedo;3.337
000000004635;Tomé Anjos-Maia;3.337
000000000813;Emília Vaz;3.337
000000004651;Isabela Leal;3.337
000000009352;Joel Freitas;3.336
000000006087;Victória Carneiro;3.336
000000001654;Flor Simões;3.333
000000002015;Francisca Faria-Rocha;3.333
000000006316;Jéssica Miranda;3.333
000000008993;João Vaz;3.333
000000004488;Luana da Paiva;3.330
000000009357;Marco Mota;3.330
000000003917;Patrícia Gonçalves;3.330
000000004328;Matilde Matias-Alves;3.329
000000000567;Luna Neves;3.327
000000006865;Joel da Tavares;3.327
