000000001488;Rita Correia;4.250
000000001933;Andreia Marques;4.167
000000005448;Mateus de Campos;4.150
000000002552;Catarina Morais;4.133
000000002041;Matias Carneiro-Ramos;4.111
000000008951;Filipe Batista;4.091
000000006435;Luís do Gonçalves;4.091
000000008277;Beatriz Henriques-Almeida;4.071
000000005558;Filipa Pinho;4.071
000000007150;Miguel Henriques;4.056
